[INFO] [launch]: All log files can be found below /home/wei/.ros/log/2026-08-11-10-06-15-769405-wei-61441
[INFO] [launch]: Default logging verbosity is set to INFO
[INFO] [real_go2_input_adapter-1]: process started with pid [61445]
[INFO] [terrain_path_visualizer-2]: process started with pid [61446]
[INFO] [scan_planner_node-3]: process started with pid [61447]
[INFO] [closed_loop_controller-4]: process started with pid [61448]
[INFO] [cmd_vel_safety_gate-5]: process started with pid [61449]
[INFO] [static_transform_publisher-6]: process started with pid [61450]
[INFO] [rviz2-7]: process started with pid [61451]
[cmd_vel_safety_gate-5] [WARN] [1786413975.843767345] [cmd_vel_safety_gate]: Velocity safety gate ready; motion is ENABLED
[static_transform_publisher-6] [INFO] [1786413975.844130170] [map_to_camera_init_tf]: Spinning until stopped - publishing transform
[static_transform_publisher-6] translation: ('0.000000', '0.000000', '0.000000')
[static_transform_publisher-6] rotation: ('0.000000', '0.000000', '0.000000', '1.000000')
[static_transform_publisher-6] from 'map' to 'camera_init'
[cmd_vel_safety_gate-5] [INFO] [1786413975.853926788] [cmd_vel_safety_gate]: Safety gate state: odometry_timeout
[scan_planner_node-3] hit: 1.7346
[scan_planner_node-3] miss: -0.847298
[scan_planner_node-3] min log: -1.99243
[scan_planner_node-3] max: 3.89182
[scan_planner_node-3] thresh log: 1.38629
[rviz2-7] [INFO] [1786413976.027675506] [rviz2]: Stereo is NOT SUPPORTED
[rviz2-7] [INFO] [1786413976.027732368] [rviz2]: OpenGl version: 4.6 (GLSL 4.6)
[rviz2-7] [INFO] [1786413976.042080787] [rviz2]: Stereo is NOT SUPPORTED
[cmd_vel_safety_gate-5] [INFO] [1786413986.433897735] [cmd_vel_safety_gate]: Safety gate state: trajectory_timeout
[cmd_vel_safety_gate-5] [INFO] [1786413987.573883652] [cmd_vel_safety_gate]: Safety gate state: active
[scan_planner_node-3] [ERROR] [1786414006.574920177] [path_searching]: [AStarDiag] OPEN_SET_EMPTY elapsed=0.000s iter=2 generated=2 max_open=1 rejects{collision=14 outside_map=0 boundary=0 closed=1} search_start=[-29.185 8.974 -0.280] search_end=[-29.635 8.974 -0.280] indices_start=[55 50 50] indices_end=[46 50 50] z_delta=0.000
[scan_planner_node-3] [ERROR] [1786414006.574996543] [bspline_opt]: [AStarDiag] optimizer initialization segment 2/2 failed: ret=SEARCH_ERR ctrl_ids=[6,8] start=[-29.161 8.950 -0.298] end=[-29.709 8.999 -0.261]
[scan_planner_node-3] [ERROR] [1786414006.581171611] [path_searching]: [AStarDiag] OPEN_SET_EMPTY elapsed=0.004s iter=7739 generated=7739 max_open=248 rejects{collision=1122 outside_map=0 boundary=1169 closed=30030} search_start=[-28.262 8.599 -0.276] search_end=[-29.662 8.249 -0.226] indices_start=[64 54 50] indices_end=[36 47 51] z_delta=0.050
[scan_planner_node-3] [ERROR] [1786414006.581187301] [bspline_opt]: [AStarDiag] optimizer initialization segment 1/1 failed: ret=SEARCH_ERR ctrl_ids=[3,10] start=[-28.282 8.599 -0.330] end=[-29.641 8.200 -0.221]
[scan_planner_node-3] [WARN] [1786414006.581192872] [scan_planner_node]: Local replan failed: start=[-28.662 8.860 -0.333], target=[-30.939 8.023 -0.146]
[scan_planner_node-3] [WARN] [1786414009.444923292] [scan_planner_node]: Local replan failed: start=[-30.771 8.992 -0.383], target=[-31.705 5.611 -0.158]
[scan_planner_node-3] [WARN] [1786414010.513485218] [scan_planner_node]: Local replan failed: start=[-30.824 9.106 -0.315], target=[-31.705 5.611 -0.158]
[scan_planner_node-3] [ERROR] [1786414010.627880646] [path_searching]: [AStarDiag] OPEN_SET_EMPTY elapsed=0.005s iter=7341 generated=7341 max_open=276 rejects{collision=1680 outside_map=0 boundary=1073 closed=28497} search_start=[-31.369 7.759 -0.254] search_end=[-31.419 7.609 -0.254] indices_start=[51 52 50] indices_end=[50 49 50] z_delta=0.000
[scan_planner_node-3] [ERROR] [1786414010.627916817] [bspline_opt]: [AStarDiag] optimizer initialization segment 1/1 failed: ret=SEARCH_ERR ctrl_ids=[12,13] start=[-31.369 7.784 -0.261] end=[-31.469 7.535 -0.248]
[scan_planner_node-3] [ERROR] [1786414010.631571172] [path_searching]: [AStarDiag] OPEN_SET_EMPTY elapsed=0.004s iter=7341 generated=7341 max_open=276 rejects{collision=1680 outside_map=0 boundary=1073 closed=28497} search_start=[-31.369 7.759 -0.254] search_end=[-31.419 7.609 -0.254] indices_start=[51 52 50] indices_end=[50 49 50] z_delta=0.000
[scan_planner_node-3] [ERROR] [1786414010.631584480] [bspline_opt]: [AStarDiag] optimizer initialization segment 1/1 failed: ret=SEARCH_ERR ctrl_ids=[12,13] start=[-31.369 7.784 -0.261] end=[-31.469 7.535 -0.248]
[scan_planner_node-3] [ERROR] [1786414010.634899644] [path_searching]: [AStarDiag] OPEN_SET_EMPTY elapsed=0.003s iter=7341 generated=7341 max_open=276 rejects{collision=1680 outside_map=0 boundary=1073 closed=28497} search_start=[-31.369 7.759 -0.254] search_end=[-31.419 7.609 -0.254] indices_start=[51 52 50] indices_end=[50 49 50] z_delta=0.000
[scan_planner_node-3] [ERROR] [1786414010.634912050] [bspline_opt]: [AStarDiag] optimizer initialization segment 1/1 failed: ret=SEARCH_ERR ctrl_ids=[12,13] start=[-31.369 7.784 -0.261] end=[-31.469 7.535 -0.248]
[scan_planner_node-3] [ERROR] [1786414010.638209532] [path_searching]: [AStarDiag] OPEN_SET_EMPTY elapsed=0.003s iter=7341 generated=7341 max_open=276 rejects{collision=1680 outside_map=0 boundary=1073 closed=28497} search_start=[-31.369 7.759 -0.254] search_end=[-31.419 7.609 -0.254] indices_start=[51 52 50] indices_end=[50 49 50] z_delta=0.000
[scan_planner_node-3] [ERROR] [1786414010.638220710] [bspline_opt]: [AStarDiag] optimizer initialization segment 1/1 failed: ret=SEARCH_ERR ctrl_ids=[12,13] start=[-31.369 7.784 -0.261] end=[-31.469 7.535 -0.248]
[scan_planner_node-3] [ERROR] [1786414013.979851842] [path_searching]: [AStarDiag] OPEN_SET_EMPTY elapsed=0.005s iter=7679 generated=7679 max_open=298 rejects{collision=957 outside_map=0 boundary=858 closed=30425} search_start=[-30.613 4.623 -0.287] search_end=[-30.863 4.473 -0.287] indices_start=[53 52 50] indices_end=[48 49 50] z_delta=0.000
[scan_planner_node-3] [ERROR] [1786414013.979890765] [bspline_opt]: [AStarDiag] rebound collision segment 1/1 failed: ret=SEARCH_ERR ctrl_ids=[16,18] start=[-30.595 4.648 -0.298] end=[-30.931 4.399 -0.277]
[scan_planner_node-3] [ERROR] [1786414013.983622548] [path_searching]: [AStarDiag] OPEN_SET_EMPTY elapsed=0.004s iter=7679 generated=7679 max_open=298 rejects{collision=957 outside_map=0 boundary=858 closed=30425} search_start=[-30.614 4.625 -0.287] search_end=[-30.864 4.475 -0.287] indices_start=[53 52 50] indices_end=[48 49 50] z_delta=0.000
[scan_planner_node-3] [ERROR] [1786414013.983647749] [bspline_opt]: [AStarDiag] rebound collision segment 1/1 failed: ret=SEARCH_ERR ctrl_ids=[16,18] start=[-30.602 4.650 -0.298] end=[-30.926 4.400 -0.277]
[scan_planner_node-3] [ERROR] [1786414013.987171548] [path_searching]: [AStarDiag] OPEN_SET_EMPTY elapsed=0.004s iter=7679 generated=7679 max_open=298 rejects{collision=957 outside_map=0 boundary=858 closed=30425} search_start=[-30.612 4.626 -0.287] search_end=[-30.862 4.476 -0.287] indices_start=[53 52 50] indices_end=[48 49 50] z_delta=0.000
[scan_planner_node-3] [ERROR] [1786414013.987184411] [bspline_opt]: [AStarDiag] rebound collision segment 1/1 failed: ret=SEARCH_ERR ctrl_ids=[16,18] start=[-30.604 4.650 -0.298] end=[-30.920 4.402 -0.277]
[scan_planner_node-3] [ERROR] [1786414013.987417430] [path_searching]: [AStarDiag] OPEN_SET_EMPTY elapsed=0.000s iter=2 generated=2 max_open=1 rejects{collision=12 outside_map=0 boundary=0 closed=3} search_start=[-30.906 4.403 -0.272] search_end=[-31.106 4.353 -0.272] indices_start=[52 51 50] indices_end=[48 50 50] z_delta=0.000
[scan_planner_node-3] [ERROR] [1786414013.987424707] [bspline_opt]: [AStarDiag] optimizer initialization segment 2/2 failed: ret=SEARCH_ERR ctrl_ids=[18,19] start=[-30.921 4.402 -0.277] end=[-31.092 4.304 -0.266]
[scan_planner_node-3] [ERROR] [1786414013.990776636] [path_searching]: [AStarDiag] OPEN_SET_EMPTY elapsed=0.003s iter=7679 generated=7679 max_open=298 rejects{collision=960 outside_map=0 boundary=858 closed=30421} search_start=[-30.612 4.626 -0.287] search_end=[-30.862 4.476 -0.287] indices_start=[53 52 50] indices_end=[48 49 50] z_delta=0.000
[scan_planner_node-3] [ERROR] [1786414013.990791681] [bspline_opt]: [AStarDiag] rebound collision segment 1/1 failed: ret=SEARCH_ERR ctrl_ids=[16,18] start=[-30.612 4.650 -0.298] end=[-30.913 4.402 -0.277]
[scan_planner_node-3] [ERROR] [1786414013.994341163] [path_searching]: [AStarDiag] OPEN_SET_EMPTY elapsed=0.004s iter=7679 generated=7679 max_open=298 rejects{collision=960 outside_map=0 boundary=858 closed=30421} search_start=[-30.611 4.626 -0.287] search_end=[-30.861 4.476 -0.287] indices_start=[53 52 50] indices_end=[48 49 50] z_delta=0.000
[scan_planner_node-3] [ERROR] [1786414013.994353565] [bspline_opt]: [AStarDiag] rebound collision segment 1/1 failed: ret=SEARCH_ERR ctrl_ids=[16,18] start=[-30.612 4.649 -0.298] end=[-30.911 4.403 -0.277]
[scan_planner_node-3] [ERROR] [1786414013.997734846] [path_searching]: [AStarDiag] OPEN_SET_EMPTY elapsed=0.003s iter=7679 generated=7679 max_open=298 rejects{collision=960 outside_map=0 boundary=858 closed=30421} search_start=[-30.611 4.625 -0.287] search_end=[-30.861 4.475 -0.287] indices_start=[53 52 50] indices_end=[48 49 50] z_delta=0.000
[scan_planner_node-3] [ERROR] [1786414013.997745506] [bspline_opt]: [AStarDiag] rebound collision segment 1/1 failed: ret=SEARCH_ERR ctrl_ids=[16,18] start=[-30.609 4.647 -0.298] end=[-30.913 4.404 -0.277]
[scan_planner_node-3] [ERROR] [1786414013.997978815] [path_searching]: [AStarDiag] OPEN_SET_EMPTY elapsed=0.000s iter=2 generated=2 max_open=1 rejects{collision=12 outside_map=0 boundary=0 closed=3} search_start=[-30.895 4.402 -0.272] search_end=[-31.195 4.252 -0.272] indices_start=[52 51 50] indices_end=[46 48 50] z_delta=0.000
[scan_planner_node-3] [ERROR] [1786414013.997985546] [bspline_opt]: [AStarDiag] optimizer initialization segment 2/2 failed: ret=SEARCH_ERR ctrl_ids=[18,19] start=[-30.910 4.404 -0.277] end=[-31.079 4.300 -0.266]
[scan_planner_node-3] [ERROR] [1786414014.001525529] [path_searching]: [AStarDiag] OPEN_SET_EMPTY elapsed=0.004s iter=7686 generated=7686 max_open=298 rejects{collision=902 outside_map=0 boundary=858 closed=30458} search_start=[-30.606 4.619 -0.287] search_end=[-30.856 4.469 -0.287] indices_start=[53 52 50] indices_end=[48 49 50] z_delta=0.000
[scan_planner_node-3] [ERROR] [1786414014.001535502] [bspline_opt]: [AStarDiag] rebound collision segment 1/1 failed: ret=SEARCH_ERR ctrl_ids=[16,18] start=[-30.606 4.633 -0.298] end=[-30.905 4.404 -0.277]
[scan_planner_node-3] [ERROR] [1786414014.004944513] [path_searching]: [AStarDiag] OPEN_SET_EMPTY elapsed=0.003s iter=7686 generated=7686 max_open=298 rejects{collision=902 outside_map=0 boundary=858 closed=30458} search_start=[-30.604 4.617 -0.287] search_end=[-30.854 4.467 -0.287] indices_start=[53 52 50] indices_end=[48 49 50] z_delta=0.000
[scan_planner_node-3] [ERROR] [1786414014.004966115] [bspline_opt]: [AStarDiag] rebound collision segment 1/1 failed: ret=SEARCH_ERR ctrl_ids=[16,18] start=[-30.606 4.631 -0.298] end=[-30.903 4.404 -0.277]
[scan_planner_node-3] [ERROR] [1786414014.008515379] [path_searching]: [AStarDiag] OPEN_SET_EMPTY elapsed=0.004s iter=7686 generated=7686 max_open=298 rejects{collision=902 outside_map=0 boundary=858 closed=30458} search_start=[-30.603 4.616 -0.287] search_end=[-30.853 4.466 -0.287] indices_start=[53 52 50] indices_end=[48 49 50] z_delta=0.000
[scan_planner_node-3] [ERROR] [1786414014.008531380] [bspline_opt]: [AStarDiag] rebound collision segment 1/1 failed: ret=SEARCH_ERR ctrl_ids=[16,18] start=[-30.600 4.629 -0.298] end=[-30.905 4.403 -0.277]
[scan_planner_node-3] [ERROR] [1786414014.012142898] [path_searching]: [AStarDiag] OPEN_SET_EMPTY elapsed=0.004s iter=7686 generated=7686 max_open=298 rejects{collision=902 outside_map=0 boundary=858 closed=30458} search_start=[-30.601 4.615 -0.287] search_end=[-30.851 4.465 -0.287] indices_start=[53 52 50] indices_end=[48 49 50] z_delta=0.000
[scan_planner_node-3] [ERROR] [1786414014.012154641] [bspline_opt]: [AStarDiag] rebound collision segment 1/1 failed: ret=SEARCH_ERR ctrl_ids=[16,18] start=[-30.603 4.626 -0.298] end=[-30.899 4.403 -0.277]
[scan_planner_node-3] [ERROR] [1786414014.015661269] [path_searching]: [AStarDiag] OPEN_SET_EMPTY elapsed=0.003s iter=7691 generated=7691 max_open=298 rejects{collision=864 outside_map=0 boundary=858 closed=30537} search_start=[-30.600 4.613 -0.287] search_end=[-30.850 4.463 -0.287] indices_start=[53 52 50] indices_end=[48 49 50] z_delta=0.000
[scan_planner_node-3] [ERROR] [1786414014.015674397] [bspline_opt]: [AStarDiag] rebound collision segment 1/1 failed: ret=SEARCH_ERR ctrl_ids=[16,18] start=[-30.598 4.624 -0.298] end=[-30.901 4.403 -0.277]
[scan_planner_node-3] [ERROR] [1786414014.019146547] [path_searching]: [AStarDiag] OPEN_SET_EMPTY elapsed=0.003s iter=7691 generated=7691 max_open=298 rejects{collision=864 outside_map=0 boundary=858 closed=30537} search_start=[-30.598 4.612 -0.287] search_end=[-30.848 4.462 -0.287] indices_start=[53 52 50] indices_end=[48 49 50] z_delta=0.000
[scan_planner_node-3] [ERROR] [1786414014.019157001] [bspline_opt]: [AStarDiag] rebound collision segment 1/1 failed: ret=SEARCH_ERR ctrl_ids=[16,18] start=[-30.601 4.622 -0.298] end=[-30.895 4.403 -0.277]
[scan_planner_node-3] [ERROR] [1786414014.022517126] [path_searching]: [AStarDiag] OPEN_SET_EMPTY elapsed=0.003s iter=7691 generated=7691 max_open=298 rejects{collision=864 outside_map=0 boundary=858 closed=30537} search_start=[-30.597 4.611 -0.287] search_end=[-30.847 4.461 -0.287] indices_start=[53 52 50] indices_end=[48 49 50] z_delta=0.000
[scan_planner_node-3] [ERROR] [1786414014.022526499] [bspline_opt]: [AStarDiag] rebound collision segment 1/1 failed: ret=SEARCH_ERR ctrl_ids=[16,18] start=[-30.598 4.619 -0.298] end=[-30.897 4.403 -0.277]
[scan_planner_node-3] [ERROR] [1786414014.026606869] [path_searching]: [AStarDiag] OPEN_SET_EMPTY elapsed=0.004s iter=7691 generated=7691 max_open=298 rejects{collision=864 outside_map=0 boundary=858 closed=30537} search_start=[-30.596 4.610 -0.287] search_end=[-30.846 4.460 -0.287] indices_start=[53 52 50] indices_end=[48 49 50] z_delta=0.000
[scan_planner_node-3] [ERROR] [1786414014.026623371] [bspline_opt]: [AStarDiag] rebound collision segment 1/1 failed: ret=SEARCH_ERR ctrl_ids=[16,18] start=[-30.600 4.618 -0.298] end=[-30.892 4.403 -0.277]
[scan_planner_node-3] [ERROR] [1786414014.030461700] [path_searching]: [AStarDiag] OPEN_SET_EMPTY elapsed=0.004s iter=7691 generated=7691 max_open=298 rejects{collision=864 outside_map=0 boundary=858 closed=30537} search_start=[-30.595 4.609 -0.287] search_end=[-30.845 4.459 -0.287] indices_start=[53 52 50] indices_end=[48 49 50] z_delta=0.000
[scan_planner_node-3] [ERROR] [1786414014.030472364] [bspline_opt]: [AStarDiag] rebound collision segment 1/1 failed: ret=SEARCH_ERR ctrl_ids=[16,18] start=[-30.597 4.615 -0.298] end=[-30.894 4.403 -0.277]
[scan_planner_node-3] [ERROR] [1786414014.033860344] [path_searching]: [AStarDiag] OPEN_SET_EMPTY elapsed=0.003s iter=7691 generated=7691 max_open=298 rejects{collision=864 outside_map=0 boundary=858 closed=30537} search_start=[-30.594 4.608 -0.287] search_end=[-30.844 4.458 -0.287] indices_start=[53 52 50] indices_end=[48 49 50] z_delta=0.000
[scan_planner_node-3] [ERROR] [1786414014.033878105] [bspline_opt]: [AStarDiag] rebound collision segment 1/1 failed: ret=SEARCH_ERR ctrl_ids=[16,18] start=[-30.599 4.613 -0.298] end=[-30.889 4.402 -0.277]
[scan_planner_node-3] [ERROR] [1786414014.037404475] [path_searching]: [AStarDiag] OPEN_SET_EMPTY elapsed=0.004s iter=7691 generated=7691 max_open=298 rejects{collision=864 outside_map=0 boundary=858 closed=30537} search_start=[-30.593 4.606 -0.287] search_end=[-30.843 4.456 -0.287] indices_start=[53 52 50] indices_end=[48 49 50] z_delta=0.000
[scan_planner_node-3] [ERROR] [1786414014.037415435] [bspline_opt]: [AStarDiag] rebound collision segment 1/1 failed: ret=SEARCH_ERR ctrl_ids=[16,18] start=[-30.596 4.610 -0.298] end=[-30.891 4.402 -0.277]
[scan_planner_node-3] [ERROR] [1786414014.040810087] [path_searching]: [AStarDiag] OPEN_SET_EMPTY elapsed=0.003s iter=7691 generated=7691 max_open=298 rejects{collision=864 outside_map=0 boundary=858 closed=30537} search_start=[-30.592 4.605 -0.287] search_end=[-30.842 4.455 -0.287] indices_start=[53 52 50] indices_end=[48 49 50] z_delta=0.000
[scan_planner_node-3] [ERROR] [1786414014.040823129] [bspline_opt]: [AStarDiag] rebound collision segment 1/1 failed: ret=SEARCH_ERR ctrl_ids=[16,18] start=[-30.599 4.609 -0.298] end=[-30.885 4.402 -0.277]
[scan_planner_node-3] [ERROR] [1786414014.044376228] [path_searching]: [AStarDiag] OPEN_SET_EMPTY elapsed=0.004s iter=7691 generated=7691 max_open=298 rejects{collision=864 outside_map=0 boundary=858 closed=30537} search_start=[-30.592 4.604 -0.287] search_end=[-30.842 4.454 -0.287] indices_start=[53 52 50] indices_end=[48 49 50] z_delta=0.000
[scan_planner_node-3] [ERROR] [1786414014.044387693] [bspline_opt]: [AStarDiag] rebound collision segment 1/1 failed: ret=SEARCH_ERR ctrl_ids=[16,18] start=[-30.596 4.606 -0.298] end=[-30.887 4.402 -0.277]
[scan_planner_node-3] [ERROR] [1786414014.047851353] [path_searching]: [AStarDiag] OPEN_SET_EMPTY elapsed=0.003s iter=7680 generated=7680 max_open=294 rejects{collision=838 outside_map=0 boundary=858 closed=30493} search_start=[-30.590 4.603 -0.287] search_end=[-30.890 4.403 -0.287] indices_start=[53 52 50] indices_end=[47 48 50] z_delta=0.000
[scan_planner_node-3] [ERROR] [1786414014.047863837] [bspline_opt]: [AStarDiag] rebound collision segment 1/1 failed: ret=SEARCH_ERR ctrl_ids=[16,18] start=[-30.599 4.604 -0.298] end=[-30.882 4.402 -0.277]
[scan_planner_node-3] [ERROR] [1786414014.051242497] [path_searching]: [AStarDiag] OPEN_SET_EMPTY elapsed=0.003s iter=7680 generated=7680 max_open=294 rejects{collision=838 outside_map=0 boundary=858 closed=30493} search_start=[-30.590 4.602 -0.287] search_end=[-30.890 4.402 -0.287] indices_start=[53 52 50] indices_end=[47 48 50] z_delta=0.000
[scan_planner_node-3] [ERROR] [1786414014.051253860] [bspline_opt]: [AStarDiag] rebound collision segment 1/1 failed: ret=SEARCH_ERR ctrl_ids=[16,18] start=[-30.596 4.602 -0.298] end=[-30.884 4.401 -0.277]
[scan_planner_node-3] [WARN] [1786414014.051265219] [scan_planner_node]: Local replan failed: start=[-31.210 6.025 -0.414], target=[-32.240 2.775 -0.175]
[scan_planner_node-3] [WARN] [1786414014.051815546] [scan_planner_node]: Refined trajectory is unsafe or dynamically infeasible; skipping publication
[scan_planner_node-3] [ERROR] [1786414014.092129862] [path_searching]: [AStarDiag] OPEN_SET_EMPTY elapsed=0.005s iter=7426 generated=7426 max_open=268 rejects{collision=1281 outside_map=0 boundary=987 closed=29269} search_start=[-30.926 5.870 -0.395] search_end=[-30.876 5.220 -0.345] indices_start=[50 57 50] indices_end=[51 44 51] z_delta=0.050
[scan_planner_node-3] [ERROR] [1786414014.092172457] [bspline_opt]: [AStarDiag] optimizer initialization segment 1/2 failed: ret=SEARCH_ERR ctrl_ids=[2,9] start=[-30.976 5.888 -0.441] end=[-30.877 5.152 -0.349]
[scan_planner_node-3] [WARN] [1786414014.093849135] [scan_planner_node]: Refined trajectory is unsafe or dynamically infeasible; skipping publication
[scan_planner_node-3] [ERROR] [1786414014.207706663] [path_searching]: [AStarDiag] OPEN_SET_EMPTY elapsed=0.004s iter=7157 generated=7157 max_open=224 rejects{collision=1402 outside_map=0 boundary=939 closed=27960} search_start=[-30.929 5.749 -0.349] search_end=[-30.679 3.149 -0.149] indices_start=[50 62 50] indices_end=[55 10 54] z_delta=0.200
[scan_planner_node-3] [ERROR] [1786414014.207752170] [bspline_opt]: [AStarDiag] optimizer initialization segment 1/1 failed: ret=SEARCH_ERR ctrl_ids=[2,16] start=[-31.001 5.725 -0.404] end=[-30.856 4.572 -0.293]
[scan_planner_node-3] [ERROR] [1786414014.211819092] [path_searching]: [AStarDiag] OPEN_SET_EMPTY elapsed=0.004s iter=7177 generated=7177 max_open=225 rejects{collision=1307 outside_map=0 boundary=945 closed=28077} search_start=[-30.935 5.749 -0.349] search_end=[-30.685 3.149 -0.149] indices_start=[50 62 50] indices_end=[55 10 54] z_delta=0.200
[scan_planner_node-3] [ERROR] [1786414014.211836072] [bspline_opt]: [AStarDiag] rebound collision segment 1/1 failed: ret=SEARCH_ERR ctrl_ids=[2,16] start=[-31.001 5.725 -0.404] end=[-30.868 4.572 -0.293]
[scan_planner_node-3] [ERROR] [1786414014.215317093] [path_searching]: [AStarDiag] OPEN_SET_EMPTY elapsed=0.003s iter=7177 generated=7177 max_open=225 rejects{collision=1307 outside_map=0 boundary=945 closed=28077} search_start=[-30.934 5.749 -0.349] search_end=[-30.684 3.149 -0.149] indices_start=[50 62 50] indices_end=[55 10 54] z_delta=0.200
[scan_planner_node-3] [ERROR] [1786414014.215329150] [bspline_opt]: [AStarDiag] rebound collision segment 1/1 failed: ret=SEARCH_ERR ctrl_ids=[2,16] start=[-31.001 5.725 -0.404] end=[-30.867 4.572 -0.293]
[scan_planner_node-3] [ERROR] [1786414014.218505541] [path_searching]: [AStarDiag] OPEN_SET_EMPTY elapsed=0.003s iter=7177 generated=7177 max_open=225 rejects{collision=1307 outside_map=0 boundary=945 closed=28077} search_start=[-30.934 5.749 -0.349] search_end=[-30.684 3.149 -0.149] indices_start=[50 62 50] indices_end=[55 10 54] z_delta=0.200
[scan_planner_node-3] [ERROR] [1786414014.218516797] [bspline_opt]: [AStarDiag] optimizer initialization segment 1/1 failed: ret=SEARCH_ERR ctrl_ids=[2,16] start=[-31.001 5.725 -0.404] end=[-30.867 4.572 -0.293]
[scan_planner_node-3] [ERROR] [1786414014.221657837] [path_searching]: [AStarDiag] OPEN_SET_EMPTY elapsed=0.003s iter=7177 generated=7177 max_open=225 rejects{collision=1307 outside_map=0 boundary=945 closed=28077} search_start=[-30.934 5.749 -0.349] search_end=[-30.684 3.149 -0.149] indices_start=[50 62 50] indices_end=[55 10 54] z_delta=0.200
[scan_planner_node-3] [ERROR] [1786414014.221669263] [bspline_opt]: [AStarDiag] optimizer initialization segment 1/1 failed: ret=SEARCH_ERR ctrl_ids=[2,16] start=[-31.001 5.725 -0.404] end=[-30.867 4.572 -0.293]
[scan_planner_node-3] [ERROR] [1786414014.225009069] [path_searching]: [AStarDiag] OPEN_SET_EMPTY elapsed=0.003s iter=7177 generated=7177 max_open=225 rejects{collision=1307 outside_map=0 boundary=945 closed=28077} search_start=[-30.934 5.749 -0.349] search_end=[-30.684 3.149 -0.149] indices_start=[50 62 50] indices_end=[55 10 54] z_delta=0.200
[scan_planner_node-3] [ERROR] [1786414014.225034875] [bspline_opt]: [AStarDiag] optimizer initialization segment 1/1 failed: ret=SEARCH_ERR ctrl_ids=[2,16] start=[-31.001 5.725 -0.404] end=[-30.867 4.572 -0.293]
[scan_planner_node-3] [WARN] [1786414014.225996142] [scan_planner_node]: Refined trajectory is unsafe or dynamically infeasible; skipping publication
[scan_planner_node-3] [WARN] [1786414019.575465372] [scan_planner_node]: Local replan failed: start=[-32.340 -0.592 -0.435], target=[-29.884 -2.274 -0.196]
[scan_planner_node-3] [WARN] [1786414019.676885798] [bspline_opt]: First three control points are in obstacles; t=0.185323
[scan_planner_node-3] [WARN] [1786414019.677104858] [bspline_opt]: First three control points are in obstacles; t=0.185337
[scan_planner_node-3] [WARN] [1786414019.783580506] [bspline_opt]: First three control points are in obstacles; t=0.182326
[scan_planner_node-3] [WARN] [1786414019.783920712] [bspline_opt]: First three control points are in obstacles; t=0.182405
[scan_planner_node-3] [ERROR] [1786414023.527763808] [path_searching]: [AStarDiag] OPEN_SET_EMPTY elapsed=0.004s iter=7149 generated=7149 max_open=259 rejects{collision=1216 outside_map=0 boundary=1088 closed=27993} search_start=[-32.408 -1.780 -0.365] search_end=[-31.058 -2.530 -0.315] indices_start=[37 58 50] indices_end=[64 43 51] z_delta=0.050
[scan_planner_node-3] [ERROR] [1786414023.527805962] [bspline_opt]: [AStarDiag] optimizer initialization segment 1/2 failed: ret=SEARCH_ERR ctrl_ids=[2,12] start=[-32.452 -1.800 -0.422] end=[-31.063 -2.560 -0.308]
[scan_planner_node-3] [ERROR] [1786414023.531185266] [path_searching]: [AStarDiag] OPEN_SET_EMPTY elapsed=0.003s iter=7149 generated=7149 max_open=259 rejects{collision=1216 outside_map=0 boundary=1088 closed=27993} search_start=[-32.408 -1.780 -0.365] search_end=[-31.058 -2.530 -0.315] indices_start=[37 58 50] indices_end=[64 43 51] z_delta=0.050
[scan_planner_node-3] [ERROR] [1786414023.531206623] [bspline_opt]: [AStarDiag] optimizer initialization segment 1/2 failed: ret=SEARCH_ERR ctrl_ids=[2,12] start=[-32.452 -1.800 -0.422] end=[-31.063 -2.560 -0.308]
[scan_planner_node-3] [ERROR] [1786414023.534183139] [path_searching]: [AStarDiag] OPEN_SET_EMPTY elapsed=0.003s iter=7149 generated=7149 max_open=259 rejects{collision=1216 outside_map=0 boundary=1088 closed=27993} search_start=[-32.408 -1.780 -0.365] search_end=[-31.058 -2.530 -0.315] indices_start=[37 58 50] indices_end=[64 43 51] z_delta=0.050
[scan_planner_node-3] [ERROR] [1786414023.534198461] [bspline_opt]: [AStarDiag] optimizer initialization segment 1/2 failed: ret=SEARCH_ERR ctrl_ids=[2,12] start=[-32.452 -1.800 -0.422] end=[-31.063 -2.560 -0.308]
[scan_planner_node-3] [ERROR] [1786414023.537219846] [path_searching]: [AStarDiag] OPEN_SET_EMPTY elapsed=0.003s iter=7149 generated=7149 max_open=259 rejects{collision=1216 outside_map=0 boundary=1088 closed=27993} search_start=[-32.408 -1.780 -0.365] search_end=[-31.058 -2.530 -0.315] indices_start=[37 58 50] indices_end=[64 43 51] z_delta=0.050
[scan_planner_node-3] [ERROR] [1786414023.537229794] [bspline_opt]: [AStarDiag] optimizer initialization segment 1/2 failed: ret=SEARCH_ERR ctrl_ids=[2,12] start=[-32.452 -1.800 -0.422] end=[-31.063 -2.560 -0.308]
[scan_planner_node-3] [WARN] [1786414023.537235542] [scan_planner_node]: Local replan failed: start=[-32.494 -1.683 -0.426], target=[-29.026 -2.355 -0.180]
[scan_planner_node-3] [ERROR] [1786414024.247342550] [path_searching]: [AStarDiag] OPEN_SET_EMPTY elapsed=0.002s iter=4329 generated=4329 max_open=107 rejects{collision=759 outside_map=0 boundary=762 closed=17110} search_start=[-31.473 -2.128 -0.291] search_end=[-30.573 -2.378 -0.291] indices_start=[37 54 50] indices_end=[55 49 50] z_delta=0.000
[scan_planner_node-3] [ERROR] [1786414024.247383246] [bspline_opt]: [AStarDiag] rebound collision segment 1/1 failed: ret=SEARCH_ERR ctrl_ids=[10,12] start=[-31.074 -2.247 -0.307] end=[-30.572 -2.408 -0.275]
[scan_planner_node-3] [ERROR] [1786414024.249388982] [path_searching]: [AStarDiag] OPEN_SET_EMPTY elapsed=0.002s iter=4340 generated=4340 max_open=109 rejects{collision=696 outside_map=0 boundary=765 closed=17146} search_start=[-31.475 -2.082 -0.291] search_end=[-30.575 -2.382 -0.291] indices_start=[37 55 50] indices_end=[55 49 50] z_delta=0.000
[scan_planner_node-3] [ERROR] [1786414024.249399620] [bspline_opt]: [AStarDiag] rebound collision segment 1/1 failed: ret=SEARCH_ERR ctrl_ids=[10,12] start=[-31.071 -2.253 -0.307] end=[-30.579 -2.410 -0.275]
[scan_planner_node-3] [ERROR] [1786414024.251050399] [path_searching]: [AStarDiag] OPEN_SET_EMPTY elapsed=0.002s iter=4340 generated=4340 max_open=109 rejects{collision=696 outside_map=0 boundary=765 closed=17146} search_start=[-31.475 -2.080 -0.291] search_end=[-30.575 -2.380 -0.291] indices_start=[37 55 50] indices_end=[55 49 50] z_delta=0.000
[scan_planner_node-3] [ERROR] [1786414024.251060076] [bspline_opt]: [AStarDiag] optimizer initialization segment 1/1 failed: ret=SEARCH_ERR ctrl_ids=[10,12] start=[-31.070 -2.251 -0.307] end=[-30.580 -2.409 -0.275]
[scan_planner_node-3] [ERROR] [1786414024.252677110] [path_searching]: [AStarDiag] OPEN_SET_EMPTY elapsed=0.002s iter=4340 generated=4340 max_open=109 rejects{collision=696 outside_map=0 boundary=765 closed=17146} search_start=[-31.475 -2.080 -0.291] search_end=[-30.575 -2.380 -0.291] indices_start=[37 55 50] indices_end=[55 49 50] z_delta=0.000
[scan_planner_node-3] [ERROR] [1786414024.252685857] [bspline_opt]: [AStarDiag] optimizer initialization segment 1/1 failed: ret=SEARCH_ERR ctrl_ids=[10,12] start=[-31.070 -2.251 -0.307] end=[-30.580 -2.409 -0.275]
[scan_planner_node-3] [ERROR] [1786414024.457578185] [path_searching]: [AStarDiag] OPEN_SET_EMPTY elapsed=0.004s iter=6192 generated=6192 max_open=188 rejects{collision=1800 outside_map=0 boundary=974 closed=24510} search_start=[-31.324 -2.275 -0.299] search_end=[-30.274 -2.625 -0.249] indices_start=[40 54 50] indices_end=[61 47 51] z_delta=0.050
[scan_planner_node-3] [ERROR] [1786414024.457614159] [bspline_opt]: [AStarDiag] rebound collision segment 1/1 failed: ret=SEARCH_ERR ctrl_ids=[12,20] start=[-31.373 -2.267 -0.338] end=[-30.275 -2.682 -0.260]
[scan_planner_node-3] [ERROR] [1786414024.460913418] [path_searching]: [AStarDiag] OPEN_SET_EMPTY elapsed=0.003s iter=6391 generated=6391 max_open=186 rejects{collision=1472 outside_map=0 boundary=1004 closed=25314} search_start=[-31.319 -2.203 -0.303] search_end=[-30.369 -2.553 -0.253] indices_start=[41 54 50] indices_end=[60 47 51] z_delta=0.050
[scan_planner_node-3] [ERROR] [1786414024.460930305] [bspline_opt]: [AStarDiag] rebound collision segment 1/1 failed: ret=SEARCH_ERR ctrl_ids=[12,19] start=[-31.354 -2.210 -0.338] end=[-30.384 -2.595 -0.267]
[scan_planner_node-3] [ERROR] [1786414024.463691644] [path_searching]: [AStarDiag] OPEN_SET_EMPTY elapsed=0.003s iter=6385 generated=6385 max_open=185 rejects{collision=1506 outside_map=0 boundary=1004 closed=25289} search_start=[-31.322 -2.202 -0.303] search_end=[-30.372 -2.552 -0.253] indices_start=[41 54 50] indices_end=[60 47 51] z_delta=0.050
[scan_planner_node-3] [ERROR] [1786414024.463703179] [bspline_opt]: [AStarDiag] rebound collision segment 1/1 failed: ret=SEARCH_ERR ctrl_ids=[12,19] start=[-31.359 -2.210 -0.338] end=[-30.386 -2.594 -0.267]
[scan_planner_node-3] [ERROR] [1786414024.466232222] [path_searching]: [AStarDiag] OPEN_SET_EMPTY elapsed=0.002s iter=6385 generated=6385 max_open=185 rejects{collision=1506 outside_map=0 boundary=1004 closed=25289} search_start=[-31.322 -2.202 -0.303] search_end=[-30.372 -2.552 -0.253] indices_start=[41 54 50] indices_end=[60 47 51] z_delta=0.050
[scan_planner_node-3] [ERROR] [1786414024.466243051] [bspline_opt]: [AStarDiag] optimizer initialization segment 1/1 failed: ret=SEARCH_ERR ctrl_ids=[12,19] start=[-31.358 -2.210 -0.338] end=[-30.386 -2.594 -0.267]
[scan_planner_node-3] [ERROR] [1786414024.466347911] [path_searching]: [AStarDiag] OPEN_SET_EMPTY elapsed=0.000s iter=2 generated=2 max_open=1 rejects{collision=12 outside_map=0 boundary=0 closed=3} search_start=[-31.106 -1.875 -0.303] search_end=[-30.656 -1.975 -0.303] indices_start=[44 52 50] indices_end=[53 50 50] z_delta=0.000
[scan_planner_node-3] [ERROR] [1786414024.466353078] [bspline_opt]: [AStarDiag] rebound collision segment 1/1 failed: ret=SEARCH_ERR ctrl_ids=[14,16] start=[-30.948 -1.924 -0.313] end=[-30.664 -2.025 -0.292]
[scan_planner_node-3] [ERROR] [1786414024.469318017] [path_searching]: [AStarDiag] OPEN_SET_EMPTY elapsed=0.003s iter=6640 generated=6640 max_open=229 rejects{collision=1521 outside_map=0 boundary=992 closed=26301} search_start=[-31.375 -1.955 -0.338] search_end=[-31.125 -1.905 -0.338] indices_start=[48 50 50] indices_end=[53 51 50] z_delta=0.000
[scan_planner_node-3] [ERROR] [1786414024.469329483] [bspline_opt]: [AStarDiag] optimizer initialization segment 1/3 failed: ret=SEARCH_ERR ctrl_ids=[11,13] start=[-31.439 -1.990 -0.351] end=[-31.111 -1.920 -0.326]
[scan_planner_node-3] [ERROR] [1786414024.472178498] [path_searching]: [AStarDiag] OPEN_SET_EMPTY elapsed=0.003s iter=6640 generated=6640 max_open=229 rejects{collision=1521 outside_map=0 boundary=992 closed=26301} search_start=[-31.375 -1.955 -0.338] search_end=[-31.125 -1.905 -0.338] indices_start=[48 50 50] indices_end=[53 51 50] z_delta=0.000
[scan_planner_node-3] [ERROR] [1786414024.472188007] [bspline_opt]: [AStarDiag] optimizer initialization segment 1/3 failed: ret=SEARCH_ERR ctrl_ids=[11,13] start=[-31.439 -1.990 -0.351] end=[-31.111 -1.920 -0.326]
[scan_planner_node-3] [WARN] [1786414024.563418375] [scan_planner_node]: Local replan failed: start=[-32.488 -1.751 -0.421], target=[-29.026 -2.355 -0.180]
[scan_planner_node-3] [ERROR] [1786414024.563994395] [path_searching]: [AStarDiag] OPEN_SET_EMPTY elapsed=0.000s iter=1 generated=1 max_open=1 rejects{collision=8 outside_map=0 boundary=0 closed=0} search_start=[-31.731 -0.574 -0.525] search_end=[-31.131 -2.024 -0.325] indices_start=[39 77 46] indices_end=[51 48 50] z_delta=0.200
[scan_planner_node-3] [ERROR] [1786414024.564012230] [bspline_opt]: [AStarDiag] rebound collision segment 1/1 failed: ret=SEARCH_ERR ctrl_ids=[12,15] start=[-31.221 -1.832 -0.342] end=[-31.142 -2.015 -0.309]
[scan_planner_node-3] [ERROR] [1786414024.564033965] [path_searching]: [AStarDiag] OPEN_SET_EMPTY elapsed=0.000s iter=1 generated=1 max_open=1 rejects{collision=8 outside_map=0 boundary=0 closed=0} search_start=[-31.585 -0.624 -0.525] search_end=[-31.135 -2.074 -0.275] indices_start=[42 76 46] indices_end=[51 47 51] z_delta=0.250
[scan_planner_node-3] [ERROR] [1786414024.564039247] [bspline_opt]: [AStarDiag] rebound collision segment 1/1 failed: ret=SEARCH_ERR ctrl_ids=[12,15] start=[-31.218 -1.832 -0.342] end=[-31.153 -2.016 -0.309]
[scan_planner_node-3] [ERROR] [1786414024.564063527] [path_searching]: [AStarDiag] OPEN_SET_EMPTY elapsed=0.000s iter=1 generated=1 max_open=1 rejects{collision=8 outside_map=0 boundary=0 closed=0} search_start=[-31.587 -0.627 -0.525] search_end=[-31.137 -2.077 -0.275] indices_start=[42 76 46] indices_end=[51 47 51] z_delta=0.250
[scan_planner_node-3] [ERROR] [1786414024.564068028] [bspline_opt]: [AStarDiag] rebound collision segment 1/1 failed: ret=SEARCH_ERR ctrl_ids=[12,15] start=[-31.220 -1.833 -0.342] end=[-31.153 -2.021 -0.309]
[scan_planner_node-3] [ERROR] [1786414024.564083328] [path_searching]: [AStarDiag] OPEN_SET_EMPTY elapsed=0.000s iter=1 generated=1 max_open=1 rejects{collision=8 outside_map=0 boundary=0 closed=0} search_start=[-31.588 -0.629 -0.525] search_end=[-31.138 -2.079 -0.275] indices_start=[42 76 46] indices_end=[51 47 51] z_delta=0.250
[scan_planner_node-3] [ERROR] [1786414024.564087648] [bspline_opt]: [AStarDiag] rebound collision segment 1/1 failed: ret=SEARCH_ERR ctrl_ids=[12,15] start=[-31.221 -1.834 -0.342] end=[-31.155 -2.023 -0.309]
[scan_planner_node-3] [ERROR] [1786414024.564103362] [path_searching]: [AStarDiag] OPEN_SET_EMPTY elapsed=0.000s iter=1 generated=1 max_open=1 rejects{collision=8 outside_map=0 boundary=0 closed=0} search_start=[-31.688 -0.532 -0.525] search_end=[-31.138 -2.032 -0.325] indices_start=[40 78 46] indices_end=[51 48 50] z_delta=0.200
[scan_planner_node-3] [ERROR] [1786414024.564107694] [bspline_opt]: [AStarDiag] rebound collision segment 1/1 failed: ret=SEARCH_ERR ctrl_ids=[12,15] start=[-31.224 -1.836 -0.342] end=[-31.152 -2.028 -0.309]
[scan_planner_node-3] [ERROR] [1786414024.564123125] [path_searching]: [AStarDiag] OPEN_SET_EMPTY elapsed=0.000s iter=1 generated=1 max_open=1 rejects{collision=8 outside_map=0 boundary=0 closed=0} search_start=[-31.640 -0.533 -0.525] search_end=[-31.140 -2.033 -0.325] indices_start=[41 78 46] indices_end=[51 48 50] z_delta=0.200
[scan_planner_node-3] [ERROR] [1786414024.564128085] [bspline_opt]: [AStarDiag] rebound collision segment 1/1 failed: ret=SEARCH_ERR ctrl_ids=[12,15] start=[-31.226 -1.837 -0.342] end=[-31.155 -2.030 -0.309]
[scan_planner_node-3] [ERROR] [1786414024.564142569] [path_searching]: [AStarDiag] OPEN_SET_EMPTY elapsed=0.000s iter=1 generated=1 max_open=1 rejects{collision=8 outside_map=0 boundary=0 closed=0} search_start=[-31.689 -0.537 -0.525] search_end=[-31.139 -2.037 -0.325] indices_start=[40 78 46] indices_end=[51 48 50] z_delta=0.200
[scan_planner_node-3] [ERROR] [1786414024.564146818] [bspline_opt]: [AStarDiag] rebound collision segment 1/1 failed: ret=SEARCH_ERR ctrl_ids=[12,15] start=[-31.228 -1.839 -0.342] end=[-31.151 -2.035 -0.309]
[scan_planner_node-3] [ERROR] [1786414024.564161706] [path_searching]: [AStarDiag] OPEN_SET_EMPTY elapsed=0.000s iter=1 generated=1 max_open=1 rejects{collision=8 outside_map=0 boundary=0 closed=0} search_start=[-31.692 -0.539 -0.525] search_end=[-31.142 -2.039 -0.325] indices_start=[40 78 46] indices_end=[51 48 50] z_delta=0.200
[scan_planner_node-3] [ERROR] [1786414024.564165939] [bspline_opt]: [AStarDiag] rebound collision segment 1/1 failed: ret=SEARCH_ERR ctrl_ids=[12,15] start=[-31.230 -1.840 -0.342] end=[-31.154 -2.037 -0.309]
[scan_planner_node-3] [ERROR] [1786414024.564182514] [path_searching]: [AStarDiag] OPEN_SET_EMPTY elapsed=0.000s iter=2 generated=2 max_open=1 rejects{collision=12 outside_map=0 boundary=0 closed=3} search_start=[-31.241 -1.742 -0.325] search_end=[-31.141 -2.042 -0.325] indices_start=[49 54 50] indices_end=[51 48 50] z_delta=0.000
[scan_planner_node-3] [ERROR] [1786414024.564186954] [bspline_opt]: [AStarDiag] rebound collision segment 1/1 failed: ret=SEARCH_ERR ctrl_ids=[12,15] start=[-31.230 -1.843 -0.342] end=[-31.151 -2.041 -0.309]
[scan_planner_node-3] [ERROR] [1786414024.564200824] [path_searching]: [AStarDiag] OPEN_SET_EMPTY elapsed=0.000s iter=2 generated=2 max_open=1 rejects{collision=12 outside_map=0 boundary=0 closed=3} search_start=[-31.242 -1.744 -0.325] search_end=[-31.142 -2.044 -0.325] indices_start=[49 54 50] indices_end=[51 48 50] z_delta=0.000
[scan_planner_node-3] [ERROR] [1786414024.564205284] [bspline_opt]: [AStarDiag] rebound collision segment 1/1 failed: ret=SEARCH_ERR ctrl_ids=[12,15] start=[-31.232 -1.844 -0.342] end=[-31.153 -2.043 -0.309]
[scan_planner_node-3] [ERROR] [1786414024.567854567] [path_searching]: [AStarDiag] OPEN_SET_EMPTY elapsed=0.004s iter=6609 generated=6609 max_open=192 rejects{collision=1285 outside_map=0 boundary=1025 closed=26202} search_start=[-31.486 -1.633 -0.360] search_end=[-31.186 -1.833 -0.360] indices_start=[48 52 50] indices_end=[54 48 50] z_delta=0.000
[scan_planner_node-3] [ERROR] [1786414024.567869158] [bspline_opt]: [AStarDiag] optimizer initialization segment 1/2 failed: ret=SEARCH_ERR ctrl_ids=[9,12] start=[-31.541 -1.622 -0.377] end=[-31.232 -1.845 -0.342]
[scan_planner_node-3] [ERROR] [1786414024.567891920] [path_searching]: [AStarDiag] OPEN_SET_EMPTY elapsed=0.000s iter=2 generated=2 max_open=1 rejects{collision=10 outside_map=0 boundary=0 closed=5} search_start=[-31.267 -1.684 -0.330] search_end=[-31.217 -2.034 -0.330] indices_start=[49 56 50] indices_end=[50 49 50] z_delta=0.000
[scan_planner_node-3] [ERROR] [1786414024.567896986] [bspline_opt]: [AStarDiag] rebound collision segment 1/1 failed: ret=SEARCH_ERR ctrl_ids=[12,14] start=[-31.239 -1.899 -0.342] end=[-31.194 -2.069 -0.319]
[scan_planner_node-3] [WARN] [1786414025.323251563] [scan_planner_node]: Local target was adjusted to a nearby collision-free point
[scan_planner_node-3] [WARN] [1786414027.653246068] [scan_planner_node]: Local target was adjusted to a nearby collision-free point
[scan_planner_node-3] [WARN] [1786414031.483663737] [scan_planner_node]: Obstacle discovered; emergency stop in 0.560s
[scan_planner_node-3] [WARN] [1786414065.203879240] [scan_planner_node]: Refined trajectory is unsafe or dynamically infeasible; skipping publication
[scan_planner_node-3] [WARN] [1786414065.203904265] [scan_planner_node]: Local replan failed: start=[-27.000 2.240 -2.287], target=[-26.294 2.485 -2.089]
[scan_planner_node-3] [WARN] [1786414065.204027670] [scan_planner_node]: Refined trajectory is unsafe or dynamically infeasible; skipping publication
[scan_planner_node-3] [WARN] [1786414065.313420932] [scan_planner_node]: Refined trajectory is unsafe or dynamically infeasible; skipping publication
[scan_planner_node-3] [WARN] [1786414065.313600728] [scan_planner_node]: Refined trajectory is unsafe or dynamically infeasible; skipping publication
[scan_planner_node-3] [WARN] [1786414065.563395915] [scan_planner_node]: Refined trajectory is unsafe or dynamically infeasible; skipping publication
[scan_planner_node-3] [WARN] [1786414065.563501846] [bspline_opt]: First three control points are in obstacles; t=0.080494
[scan_planner_node-3] [ERROR] [1786414073.678721135] [path_searching]: [AStarDiag] OPEN_SET_EMPTY elapsed=0.005s iter=7571 generated=7571 max_open=262 rejects{collision=1726 outside_map=0 boundary=933 closed=29005} search_start=[-25.419 1.183 -2.861] search_end=[-25.669 -0.567 -3.811] indices_start=[53 68 60] indices_end=[48 33 41] z_delta=-0.950
[scan_planner_node-3] [ERROR] [1786414073.678759171] [bspline_opt]: [AStarDiag] optimizer initialization segment 1/1 failed: ret=SEARCH_ERR ctrl_ids=[2,16] start=[-25.402 1.174 -2.847] end=[-25.735 -0.607 -3.875]
[scan_planner_node-3] [ERROR] [1786414073.683461843] [path_searching]: [AStarDiag] OPEN_SET_EMPTY elapsed=0.005s iter=7571 generated=7571 max_open=262 rejects{collision=1726 outside_map=0 boundary=933 closed=29005} search_start=[-25.419 1.183 -2.861] search_end=[-25.669 -0.567 -3.811] indices_start=[53 68 60] indices_end=[48 33 41] z_delta=-0.950
[scan_planner_node-3] [ERROR] [1786414073.683479157] [bspline_opt]: [AStarDiag] optimizer initialization segment 1/1 failed: ret=SEARCH_ERR ctrl_ids=[2,16] start=[-25.402 1.174 -2.847] end=[-25.735 -0.607 -3.875]
[scan_planner_node-3] [ERROR] [1786414073.687656005] [path_searching]: [AStarDiag] OPEN_SET_EMPTY elapsed=0.004s iter=7571 generated=7571 max_open=262 rejects{collision=1726 outside_map=0 boundary=933 closed=29005} search_start=[-25.419 1.183 -2.861] search_end=[-25.669 -0.567 -3.811] indices_start=[53 68 60] indices_end=[48 33 41] z_delta=-0.950
[scan_planner_node-3] [ERROR] [1786414073.687671147] [bspline_opt]: [AStarDiag] optimizer initialization segment 1/1 failed: ret=SEARCH_ERR ctrl_ids=[2,16] start=[-25.402 1.174 -2.847] end=[-25.735 -0.607 -3.875]
[scan_planner_node-3] [ERROR] [1786414073.691937753] [path_searching]: [AStarDiag] OPEN_SET_EMPTY elapsed=0.004s iter=7571 generated=7571 max_open=262 rejects{collision=1726 outside_map=0 boundary=933 closed=29005} search_start=[-25.419 1.183 -2.861] search_end=[-25.669 -0.567 -3.811] indices_start=[53 68 60] indices_end=[48 33 41] z_delta=-0.950
[scan_planner_node-3] [ERROR] [1786414073.691955462] [bspline_opt]: [AStarDiag] optimizer initialization segment 1/1 failed: ret=SEARCH_ERR ctrl_ids=[2,16] start=[-25.402 1.174 -2.847] end=[-25.735 -0.607 -3.875]
[scan_planner_node-3] [WARN] [1786414073.691972803] [scan_planner_node]: Local replan failed: start=[-25.587 1.308 -2.793], target=[-26.402 -0.924 -4.181]
[scan_planner_node-3] [ERROR] [1786414073.697210557] [path_searching]: [AStarDiag] OPEN_SET_EMPTY elapsed=0.005s iter=7781 generated=7781 max_open=294 rejects{collision=1359 outside_map=0 boundary=948 closed=30175} search_start=[-25.427 1.197 -2.836] search_end=[-25.527 0.197 -3.536] indices_start=[51 60 57] indices_end=[49 40 43] z_delta=-0.700
[scan_planner_node-3] [ERROR] [1786414073.697233592] [bspline_opt]: [AStarDiag] optimizer initialization segment 1/1 failed: ret=SEARCH_ERR ctrl_ids=[2,12] start=[-25.402 1.174 -2.850] end=[-25.551 0.220 -3.523]
[scan_planner_node-3] [ERROR] [1786414073.701948091] [path_searching]: [AStarDiag] OPEN_SET_EMPTY elapsed=0.005s iter=7781 generated=7781 max_open=294 rejects{collision=1359 outside_map=0 boundary=948 closed=30175} search_start=[-25.427 1.197 -2.836] search_end=[-25.527 0.197 -3.536] indices_start=[51 60 57] indices_end=[49 40 43] z_delta=-0.700
[scan_planner_node-3] [ERROR] [1786414073.701963313] [bspline_opt]: [AStarDiag] optimizer initialization segment 1/1 failed: ret=SEARCH_ERR ctrl_ids=[2,12] start=[-25.402 1.174 -2.850] end=[-25.551 0.220 -3.523]
[scan_planner_node-3] [ERROR] [1786414073.706043400] [path_searching]: [AStarDiag] OPEN_SET_EMPTY elapsed=0.004s iter=7781 generated=7781 max_open=294 rejects{collision=1359 outside_map=0 boundary=948 closed=30175} search_start=[-25.427 1.197 -2.836] search_end=[-25.527 0.197 -3.536] indices_start=[51 60 57] indices_end=[49 40 43] z_delta=-0.700
[scan_planner_node-3] [ERROR] [1786414073.706057280] [bspline_opt]: [AStarDiag] optimizer initialization segment 1/1 failed: ret=SEARCH_ERR ctrl_ids=[2,12] start=[-25.402 1.174 -2.850] end=[-25.551 0.220 -3.523]
[scan_planner_node-3] [ERROR] [1786414073.710250003] [path_searching]: [AStarDiag] OPEN_SET_EMPTY elapsed=0.004s iter=7781 generated=7781 max_open=294 rejects{collision=1359 outside_map=0 boundary=948 closed=30175} search_start=[-25.427 1.197 -2.836] search_end=[-25.527 0.197 -3.536] indices_start=[51 60 57] indices_end=[49 40 43] z_delta=-0.700
[scan_planner_node-3] [ERROR] [1786414073.710266251] [bspline_opt]: [AStarDiag] optimizer initialization segment 1/1 failed: ret=SEARCH_ERR ctrl_ids=[2,12] start=[-25.402 1.174 -2.850] end=[-25.551 0.220 -3.523]
[scan_planner_node-3] [ERROR] [1786414073.778839561] [path_searching]: [AStarDiag] OPEN_SET_EMPTY elapsed=0.005s iter=7719 generated=7719 max_open=277 rejects{collision=1331 outside_map=0 boundary=894 closed=30067} search_start=[-25.508 1.002 -2.967] search_end=[-25.558 -0.348 -3.717] indices_start=[51 64 58] indices_end=[50 37 43] z_delta=-0.750
[scan_planner_node-3] [ERROR] [1786414073.778878667] [bspline_opt]: [AStarDiag] optimizer initialization segment 1/1 failed: ret=SEARCH_ERR ctrl_ids=[2,9] start=[-25.499 1.022 -2.972] end=[-25.617 -0.418 -3.762]
[scan_planner_node-3] [ERROR] [1786414073.783873159] [path_searching]: [AStarDiag] OPEN_SET_EMPTY elapsed=0.005s iter=7719 generated=7719 max_open=277 rejects{collision=1331 outside_map=0 boundary=894 closed=30067} search_start=[-25.508 1.002 -2.967] search_end=[-25.558 -0.348 -3.717] indices_start=[51 64 58] indices_end=[50 37 43] z_delta=-0.750
[scan_planner_node-3] [ERROR] [1786414073.783896617] [bspline_opt]: [AStarDiag] optimizer initialization segment 1/1 failed: ret=SEARCH_ERR ctrl_ids=[2,9] start=[-25.499 1.022 -2.972] end=[-25.617 -0.418 -3.762]
[scan_planner_node-3] [ERROR] [1786414073.788851696] [path_searching]: [AStarDiag] OPEN_SET_EMPTY elapsed=0.005s iter=7719 generated=7719 max_open=277 rejects{collision=1331 outside_map=0 boundary=894 closed=30067} search_start=[-25.508 1.002 -2.967] search_end=[-25.558 -0.348 -3.717] indices_start=[51 64 58] indices_end=[50 37 43] z_delta=-0.750
[scan_planner_node-3] [ERROR] [1786414073.788872482] [bspline_opt]: [AStarDiag] optimizer initialization segment 1/1 failed: ret=SEARCH_ERR ctrl_ids=[2,9] start=[-25.499 1.022 -2.972] end=[-25.617 -0.418 -3.762]
[scan_planner_node-3] [ERROR] [1786414073.793954131] [path_searching]: [AStarDiag] OPEN_SET_EMPTY elapsed=0.005s iter=7719 generated=7719 max_open=277 rejects{collision=1331 outside_map=0 boundary=894 closed=30067} search_start=[-25.508 1.002 -2.967] search_end=[-25.558 -0.348 -3.717] indices_start=[51 64 58] indices_end=[50 37 43] z_delta=-0.750
[scan_planner_node-3] [ERROR] [1786414073.793985024] [bspline_opt]: [AStarDiag] optimizer initialization segment 1/1 failed: ret=SEARCH_ERR ctrl_ids=[2,9] start=[-25.499 1.022 -2.972] end=[-25.617 -0.418 -3.762]
[scan_planner_node-3] [ERROR] [1786414073.799335180] [path_searching]: [AStarDiag] OPEN_SET_EMPTY elapsed=0.005s iter=7943 generated=7943 max_open=293 rejects{collision=1216 outside_map=0 boundary=939 closed=30901} search_start=[-25.504 1.012 -2.953] search_end=[-25.504 -0.038 -3.603] indices_start=[50 61 57] indices_end=[50 40 44] z_delta=-0.650
[scan_planner_node-3] [ERROR] [1786414073.799355231] [bspline_opt]: [AStarDiag] optimizer initialization segment 1/1 failed: ret=SEARCH_ERR ctrl_ids=[2,9] start=[-25.499 1.022 -2.972] end=[-25.508 -0.098 -3.633]
[scan_planner_node-3] [ERROR] [1786414073.804445788] [path_searching]: [AStarDiag] OPEN_SET_EMPTY elapsed=0.005s iter=7943 generated=7943 max_open=293 rejects{collision=1216 outside_map=0 boundary=939 closed=30901} search_start=[-25.504 1.012 -2.953] search_end=[-25.504 -0.038 -3.603] indices_start=[50 61 57] indices_end=[50 40 44] z_delta=-0.650
[scan_planner_node-3] [ERROR] [1786414073.804466144] [bspline_opt]: [AStarDiag] optimizer initialization segment 1/1 failed: ret=SEARCH_ERR ctrl_ids=[2,9] start=[-25.499 1.022 -2.972] end=[-25.508 -0.098 -3.633]
[scan_planner_node-3] [ERROR] [1786414073.809758026] [path_searching]: [AStarDiag] OPEN_SET_EMPTY elapsed=0.005s iter=7943 generated=7943 max_open=293 rejects{collision=1216 outside_map=0 boundary=939 closed=30901} search_start=[-25.504 1.012 -2.953] search_end=[-25.504 -0.038 -3.603] indices_start=[50 61 57] indices_end=[50 40 44] z_delta=-0.650
[scan_planner_node-3] [ERROR] [1786414073.809777631] [bspline_opt]: [AStarDiag] optimizer initialization segment 1/1 failed: ret=SEARCH_ERR ctrl_ids=[2,9] start=[-25.499 1.022 -2.972] end=[-25.508 -0.098 -3.633]
[scan_planner_node-3] [ERROR] [1786414073.814965957] [path_searching]: [AStarDiag] OPEN_SET_EMPTY elapsed=0.005s iter=7943 generated=7943 max_open=293 rejects{collision=1216 outside_map=0 boundary=939 closed=30901} search_start=[-25.504 1.012 -2.953] search_end=[-25.504 -0.038 -3.603] indices_start=[50 61 57] indices_end=[50 40 44] z_delta=-0.650
[scan_planner_node-3] [ERROR] [1786414073.814987242] [bspline_opt]: [AStarDiag] optimizer initialization segment 1/1 failed: ret=SEARCH_ERR ctrl_ids=[2,9] start=[-25.499 1.022 -2.972] end=[-25.508 -0.098 -3.633]
[scan_planner_node-3] [ERROR] [1786414074.810613429] [path_searching]: [AStarDiag] OPEN_SET_EMPTY elapsed=0.006s iter=7574 generated=7574 max_open=277 rejects{collision=1562 outside_map=0 boundary=954 closed=29241} search_start=[-25.549 0.532 -3.377] search_end=[-25.899 -0.618 -3.927] indices_start=[54 62 56] indices_end=[47 39 45] z_delta=-0.550
[scan_planner_node-3] [ERROR] [1786414074.810662662] [bspline_opt]: [AStarDiag] optimizer initialization segment 1/1 failed: ret=SEARCH_ERR ctrl_ids=[2,13] start=[-25.567 0.533 -3.359] end=[-25.932 -0.669 -3.995]
[scan_planner_node-3] [ERROR] [1786414074.816468689] [path_searching]: [AStarDiag] OPEN_SET_EMPTY elapsed=0.006s iter=7574 generated=7574 max_open=274 rejects{collision=1275 outside_map=0 boundary=912 closed=29718} search_start=[-25.573 0.529 -3.345] search_end=[-25.723 -0.521 -3.895] indices_start=[52 61 56] indices_end=[49 40 45] z_delta=-0.550
[scan_planner_node-3] [ERROR] [1786414074.816522255] [bspline_opt]: [AStarDiag] rebound collision segment 1/1 failed: ret=SEARCH_ERR ctrl_ids=[2,12] start=[-25.567 0.533 -3.359] end=[-25.780 -0.575 -3.931]
[scan_planner_node-3] [ERROR] [1786414074.822188675] [path_searching]: [AStarDiag] OPEN_SET_EMPTY elapsed=0.006s iter=7574 generated=7574 max_open=277 rejects{collision=1339 outside_map=0 boundary=954 closed=29568} search_start=[-25.550 0.532 -3.377] search_end=[-25.900 -0.618 -3.927] indices_start=[54 62 56] indices_end=[47 39 45] z_delta=-0.550
[scan_planner_node-3] [ERROR] [1786414074.822227288] [bspline_opt]: [AStarDiag] optimizer initialization segment 1/1 failed: ret=SEARCH_ERR ctrl_ids=[2,13] start=[-25.567 0.533 -3.359] end=[-25.932 -0.669 -3.995]
[scan_planner_node-3] [ERROR] [1786414074.827647527] [path_searching]: [AStarDiag] OPEN_SET_EMPTY elapsed=0.005s iter=7574 generated=7574 max_open=277 rejects{collision=1339 outside_map=0 boundary=954 closed=29568} search_start=[-25.550 0.532 -3.377] search_end=[-25.900 -0.618 -3.927] indices_start=[54 62 56] indices_end=[47 39 45] z_delta=-0.550
[scan_planner_node-3] [ERROR] [1786414074.827692248] [bspline_opt]: [AStarDiag] optimizer initialization segment 1/1 failed: ret=SEARCH_ERR ctrl_ids=[2,13] start=[-25.567 0.533 -3.359] end=[-25.932 -0.669 -3.995]
[scan_planner_node-3] [ERROR] [1786414074.833179596] [path_searching]: [AStarDiag] OPEN_SET_EMPTY elapsed=0.005s iter=7574 generated=7574 max_open=277 rejects{collision=1339 outside_map=0 boundary=954 closed=29568} search_start=[-25.550 0.532 -3.377] search_end=[-25.900 -0.618 -3.927] indices_start=[54 62 56] indices_end=[47 39 45] z_delta=-0.550
[scan_planner_node-3] [ERROR] [1786414074.833214260] [bspline_opt]: [AStarDiag] optimizer initialization segment 1/1 failed: ret=SEARCH_ERR ctrl_ids=[2,13] start=[-25.567 0.533 -3.359] end=[-25.932 -0.669 -3.995]
[scan_planner_node-3] [WARN] [1786414074.833225910] [scan_planner_node]: Local replan failed: start=[-25.749 0.618 -3.302], target=[-26.388 -0.910 -4.181]
[scan_planner_node-3] [ERROR] [1786414074.839038709] [path_searching]: [AStarDiag] OPEN_SET_EMPTY elapsed=0.006s iter=7667 generated=7667 max_open=277 rejects{collision=1817 outside_map=0 boundary=963 closed=29591} search_start=[-25.573 0.516 -3.364] search_end=[-25.723 0.166 -3.614] indices_start=[52 54 53] indices_end=[49 47 48] z_delta=-0.250
[scan_planner_node-3] [ERROR] [1786414074.839074333] [bspline_opt]: [AStarDiag] optimizer initialization segment 1/1 failed: ret=SEARCH_ERR ctrl_ids=[2,8] start=[-25.567 0.533 -3.360] end=[-25.778 0.099 -3.669]
[scan_planner_node-3] [ERROR] [1786414074.844507490] [path_searching]: [AStarDiag] OPEN_SET_EMPTY elapsed=0.005s iter=7766 generated=7766 max_open=270 rejects{collision=1066 outside_map=0 boundary=918 closed=30598} search_start=[-25.588 0.554 -3.378] search_end=[-25.588 0.204 -3.528] indices_start=[50 54 52] indices_end=[50 47 49] z_delta=-0.150
[scan_planner_node-3] [ERROR] [1786414074.844542796] [bspline_opt]: [AStarDiag] rebound collision segment 1/1 failed: ret=SEARCH_ERR ctrl_ids=[2,7] start=[-25.567 0.533 -3.360] end=[-25.609 0.176 -3.596]
[scan_planner_node-3] [ERROR] [1786414074.850091312] [path_searching]: [AStarDiag] OPEN_SET_EMPTY elapsed=0.006s iter=7766 generated=7766 max_open=270 rejects{collision=1066 outside_map=0 boundary=918 closed=30598} search_start=[-25.588 0.554 -3.378] search_end=[-25.588 0.204 -3.528] indices_start=[50 54 52] indices_end=[50 47 49] z_delta=-0.150
[scan_planner_node-3] [ERROR] [1786414074.850128141] [bspline_opt]: [AStarDiag] rebound collision segment 1/1 failed: ret=SEARCH_ERR ctrl_ids=[2,7] start=[-25.567 0.533 -3.360] end=[-25.609 0.176 -3.596]
[scan_planner_node-3] [ERROR] [1786414074.855511366] [path_searching]: [AStarDiag] OPEN_SET_EMPTY elapsed=0.005s iter=7766 generated=7766 max_open=270 rejects{collision=1066 outside_map=0 boundary=918 closed=30598} search_start=[-25.592 0.554 -3.378] search_end=[-25.592 0.204 -3.528] indices_start=[50 54 52] indices_end=[50 47 49] z_delta=-0.150
[scan_planner_node-3] [ERROR] [1786414074.855543521] [bspline_opt]: [AStarDiag] rebound collision segment 1/1 failed: ret=SEARCH_ERR ctrl_ids=[2,7] start=[-25.567 0.533 -3.360] end=[-25.616 0.176 -3.596]
[scan_planner_node-3] [ERROR] [1786414074.860673264] [path_searching]: [AStarDiag] OPEN_SET_EMPTY elapsed=0.005s iter=7751 generated=7751 max_open=273 rejects{collision=1064 outside_map=0 boundary=918 closed=30576} search_start=[-25.542 0.554 -3.378] search_end=[-25.592 0.204 -3.528] indices_start=[51 54 52] indices_end=[50 47 49] z_delta=-0.150
[scan_planner_node-3] [ERROR] [1786414074.860700837] [bspline_opt]: [AStarDiag] rebound collision segment 1/1 failed: ret=SEARCH_ERR ctrl_ids=[2,7] start=[-25.567 0.533 -3.360] end=[-25.617 0.176 -3.596]
[scan_planner_node-3] [ERROR] [1786414074.866099676] [path_searching]: [AStarDiag] OPEN_SET_EMPTY elapsed=0.005s iter=7766 generated=7766 max_open=270 rejects{collision=1066 outside_map=0 boundary=918 closed=30598} search_start=[-25.591 0.554 -3.378] search_end=[-25.591 0.204 -3.528] indices_start=[50 54 52] indices_end=[50 47 49] z_delta=-0.150
[scan_planner_node-3] [ERROR] [1786414074.866145439] [bspline_opt]: [AStarDiag] rebound collision segment 1/1 failed: ret=SEARCH_ERR ctrl_ids=[2,7] start=[-25.567 0.533 -3.360] end=[-25.614 0.176 -3.596]
[scan_planner_node-3] [ERROR] [1786414074.871561539] [path_searching]: [AStarDiag] OPEN_SET_EMPTY elapsed=0.005s iter=7766 generated=7766 max_open=270 rejects{collision=1066 outside_map=0 boundary=918 closed=30598} search_start=[-25.592 0.554 -3.378] search_end=[-25.592 0.204 -3.528] indices_start=[50 54 52] indices_end=[50 47 49] z_delta=-0.150
[scan_planner_node-3] [ERROR] [1786414074.871602369] [bspline_opt]: [AStarDiag] rebound collision segment 1/1 failed: ret=SEARCH_ERR ctrl_ids=[2,7] start=[-25.567 0.533 -3.360] end=[-25.617 0.176 -3.596]
[scan_planner_node-3] [ERROR] [1786414074.877908974] [path_searching]: [AStarDiag] OPEN_SET_EMPTY elapsed=0.006s iter=8078 generated=8078 max_open=322 rejects{collision=1167 outside_map=0 boundary=935 closed=31610} search_start=[-25.500 0.522 -3.378] search_end=[-24.750 -0.778 -4.128] indices_start=[50 52 51] indices_end=[65 26 36] z_delta=-0.750
[scan_planner_node-3] [ERROR] [1786414074.877955998] [bspline_opt]: [AStarDiag] optimizer initialization segment 1/2 failed: ret=SEARCH_ERR ctrl_ids=[2,5] start=[-25.567 0.533 -3.360] end=[-25.434 0.312 -3.497]
[scan_planner_node-3] [ERROR] [1786414074.884470242] [path_searching]: [AStarDiag] OPEN_SET_EMPTY elapsed=0.006s iter=8078 generated=8078 max_open=322 rejects{collision=1167 outside_map=0 boundary=935 closed=31610} search_start=[-25.500 0.522 -3.378] search_end=[-24.750 -0.778 -4.128] indices_start=[50 52 51] indices_end=[65 26 36] z_delta=-0.750
[scan_planner_node-3] [ERROR] [1786414074.884516621] [bspline_opt]: [AStarDiag] optimizer initialization segment 1/2 failed: ret=SEARCH_ERR ctrl_ids=[2,5] start=[-25.567 0.533 -3.360] end=[-25.434 0.312 -3.497]
[scan_planner_node-3] [ERROR] [1786414074.890573238] [path_searching]: [AStarDiag] OPEN_SET_EMPTY elapsed=0.006s iter=8078 generated=8078 max_open=322 rejects{collision=1167 outside_map=0 boundary=935 closed=31610} search_start=[-25.500 0.522 -3.378] search_end=[-24.750 -0.778 -4.128] indices_start=[50 52 51] indices_end=[65 26 36] z_delta=-0.750
[scan_planner_node-3] [ERROR] [1786414074.890610343] [bspline_opt]: [AStarDiag] optimizer initialization segment 1/2 failed: ret=SEARCH_ERR ctrl_ids=[2,5] start=[-25.567 0.533 -3.360] end=[-25.434 0.312 -3.497]
[scan_planner_node-3] [ERROR] [1786414074.919274543] [path_searching]: [AStarDiag] OPEN_SET_EMPTY elapsed=0.006s iter=7729 generated=7729 max_open=285 rejects{collision=1248 outside_map=0 boundary=909 closed=30355} search_start=[-25.512 0.446 -3.325] search_end=[-25.762 -0.504 -3.875] indices_start=[53 60 56] indices_end=[48 41 45] z_delta=-0.550
[scan_planner_node-3] [ERROR] [1786414074.919324012] [bspline_opt]: [AStarDiag] optimizer initialization segment 1/1 failed: ret=SEARCH_ERR ctrl_ids=[2,8] start=[-25.536 0.444 -3.341] end=[-25.788 -0.552 -3.908]
[scan_planner_node-3] [WARN] [1786414074.919357758] [bspline_opt]: First three control points are in obstacles; t=0.317786
[scan_planner_node-3] [ERROR] [1786414074.925276731] [path_searching]: [AStarDiag] OPEN_SET_EMPTY elapsed=0.006s iter=7562 generated=7562 max_open=258 rejects{collision=1395 outside_map=0 boundary=903 closed=29374} search_start=[-25.524 0.464 -3.360] search_end=[-25.774 -0.386 -3.810] indices_start=[53 59 55] indices_end=[48 42 46] z_delta=-0.450
[scan_planner_node-3] [ERROR] [1786414074.925342820] [bspline_opt]: [AStarDiag] optimizer initialization segment 1/1 failed: ret=SEARCH_ERR ctrl_ids=[2,8] start=[-25.536 0.444 -3.342] end=[-25.811 -0.417 -3.877]
[scan_planner_node-3] [WARN] [1786414074.925396812] [bspline_opt]: First three control points are in obstacles; t=0.317942
[scan_planner_node-3] [ERROR] [1786414084.818884504] [path_searching]: [AStarDiag] OPEN_SET_EMPTY elapsed=0.007s iter=7965 generated=7965 max_open=330 rejects{collision=1241 outside_map=0 boundary=1083 closed=31684} search_start=[-27.047 -0.574 -4.686] search_end=[-26.797 -0.574 -4.786] indices_start=[49 50 51] indices_end=[54 50 49] z_delta=-0.100
[scan_planner_node-3] [ERROR] [1786414084.818935275] [bspline_opt]: [AStarDiag] optimizer initialization segment 1/1 failed: ret=SEARCH_ERR ctrl_ids=[3,4] start=[-27.098 -0.581 -4.693] end=[-26.897 -0.566 -4.779]
[scan_planner_node-3] [WARN] [1786414084.819174883] [scan_planner_node]: Refined trajectory is unsafe or dynamically infeasible; skipping publication
[scan_planner_node-3] [WARN] [1786414084.819192112] [scan_planner_node]: Local replan failed: start=[-27.546 -0.567 -4.559], target=[-26.790 1.789 -5.698]
[scan_planner_node-3] [ERROR] [1786414084.825092639] [path_searching]: [AStarDiag] OPEN_SET_EMPTY elapsed=0.006s iter=7941 generated=7941 max_open=326 rejects{collision=1146 outside_map=0 boundary=1110 closed=31527} search_start=[-27.068 -0.531 -4.672] search_end=[-26.818 -0.431 -4.772] indices_start=[49 50 51] indices_end=[54 52 49] z_delta=-0.100
[scan_planner_node-3] [ERROR] [1786414084.825135116] [bspline_opt]: [AStarDiag] optimizer initialization segment 1/1 failed: ret=SEARCH_ERR ctrl_ids=[3,5] start=[-27.124 -0.576 -4.679] end=[-26.912 -0.487 -4.765]
[scan_planner_node-3] [ERROR] [1786414084.832539641] [path_searching]: [AStarDiag] OPEN_SET_EMPTY elapsed=0.007s iter=7928 generated=7928 max_open=328 rejects{collision=1129 outside_map=0 boundary=1101 closed=31443} search_start=[-27.084 -0.530 -4.672] search_end=[-26.834 -0.430 -4.772] indices_start=[49 50 51] indices_end=[54 52 49] z_delta=-0.100
[scan_planner_node-3] [WARN] [1786414084.832577492] [bspline_opt]: A-star failed on a collision segment; merge it with the next segment
[scan_planner_node-3] [ERROR] [1786414084.838389780] [path_searching]: [AStarDiag] OPEN_SET_EMPTY elapsed=0.006s iter=7600 generated=7600 max_open=300 rejects{collision=1890 outside_map=0 boundary=1043 closed=29110} search_start=[-27.159 -0.914 -4.523] search_end=[-27.159 1.636 -5.523] indices_start=[50 21 62] indices_end=[50 72 42] z_delta=-1.000
[scan_planner_node-3] [ERROR] [1786414084.838419854] [bspline_opt]: [AStarDiag] rebound collision segment 1/1 failed: ret=SEARCH_ERR ctrl_ids=[3,19] start=[-27.144 -0.576 -4.679] end=[-27.175 1.648 -5.566]
[scan_planner_node-3] [ERROR] [1786414084.844044884] [path_searching]: [AStarDiag] OPEN_SET_EMPTY elapsed=0.006s iter=7928 generated=7928 max_open=328 rejects{collision=1127 outside_map=0 boundary=1101 closed=31446} search_start=[-27.087 -0.529 -4.672] search_end=[-26.837 -0.429 -4.772] indices_start=[49 50 51] indices_end=[54 52 49] z_delta=-0.100
[scan_planner_node-3] [WARN] [1786414084.844076737] [bspline_opt]: A-star failed on a collision segment; merge it with the next segment
[scan_planner_node-3] [ERROR] [1786414084.849246884] [path_searching]: [AStarDiag] OPEN_SET_EMPTY elapsed=0.005s iter=7600 generated=7600 max_open=300 rejects{collision=1890 outside_map=0 boundary=1043 closed=29110} search_start=[-27.155 -0.913 -4.523] search_end=[-27.155 1.637 -5.523] indices_start=[50 21 62] indices_end=[50 72 42] z_delta=-1.000
[scan_planner_node-3] [ERROR] [1786414084.849266106] [bspline_opt]: [AStarDiag] rebound collision segment 1/1 failed: ret=SEARCH_ERR ctrl_ids=[3,19] start=[-27.137 -0.574 -4.679] end=[-27.172 1.648 -5.566]
[scan_planner_node-3] [ERROR] [1786414084.854751546] [path_searching]: [AStarDiag] OPEN_SET_EMPTY elapsed=0.005s iter=8571 generated=8571 max_open=319 rejects{collision=866 outside_map=0 boundary=1022 closed=33487} search_start=[-27.409 0.502 -5.091] search_end=[-27.159 1.652 -5.541] indices_start=[48 39 55] indices_end=[53 62 46] z_delta=-0.450
[scan_planner_node-3] [ERROR] [1786414084.854773546] [bspline_opt]: [AStarDiag] rebound collision segment 1/1 failed: ret=SEARCH_ERR ctrl_ids=[11,19] start=[-27.444 0.454 -5.115] end=[-27.173 1.651 -5.566]
[scan_planner_node-3] [ERROR] [1786414084.860141068] [path_searching]: [AStarDiag] OPEN_SET_EMPTY elapsed=0.005s iter=8571 generated=8571 max_open=319 rejects{collision=866 outside_map=0 boundary=1022 closed=33487} search_start=[-27.407 0.503 -5.091] search_end=[-27.157 1.653 -5.541] indices_start=[48 39 55] indices_end=[53 62 46] z_delta=-0.450
[scan_planner_node-3] [ERROR] [1786414084.860157461] [bspline_opt]: [AStarDiag] rebound collision segment 1/1 failed: ret=SEARCH_ERR ctrl_ids=[11,19] start=[-27.440 0.455 -5.115] end=[-27.174 1.651 -5.566]
[scan_planner_node-3] [ERROR] [1786414084.865301946] [path_searching]: [AStarDiag] OPEN_SET_EMPTY elapsed=0.005s iter=8571 generated=8571 max_open=319 rejects{collision=866 outside_map=0 boundary=1022 closed=33487} search_start=[-27.408 0.503 -5.091] search_end=[-27.158 1.653 -5.541] indices_start=[48 39 55] indices_end=[53 62 46] z_delta=-0.450
[scan_planner_node-3] [ERROR] [1786414084.865322005] [bspline_opt]: [AStarDiag] rebound collision segment 1/1 failed: ret=SEARCH_ERR ctrl_ids=[11,19] start=[-27.440 0.455 -5.115] end=[-27.176 1.652 -5.566]
[scan_planner_node-3] [ERROR] [1786414084.870454038] [path_searching]: [AStarDiag] OPEN_SET_EMPTY elapsed=0.005s iter=8571 generated=8571 max_open=319 rejects{collision=866 outside_map=0 boundary=1022 closed=33487} search_start=[-27.406 0.503 -5.091] search_end=[-27.156 1.653 -5.541] indices_start=[48 39 55] indices_end=[53 62 46] z_delta=-0.450
[scan_planner_node-3] [ERROR] [1786414084.870477689] [bspline_opt]: [AStarDiag] rebound collision segment 1/1 failed: ret=SEARCH_ERR ctrl_ids=[11,19] start=[-27.436 0.455 -5.115] end=[-27.176 1.652 -5.566]
[scan_planner_node-3] [ERROR] [1786414084.875665695] [path_searching]: [AStarDiag] OPEN_SET_EMPTY elapsed=0.005s iter=8571 generated=8571 max_open=319 rejects{collision=866 outside_map=0 boundary=1022 closed=33487} search_start=[-27.407 0.504 -5.091] search_end=[-27.157 1.654 -5.541] indices_start=[48 39 55] indices_end=[53 62 46] z_delta=-0.450
[scan_planner_node-3] [ERROR] [1786414084.875686036] [bspline_opt]: [AStarDiag] rebound collision segment 1/1 failed: ret=SEARCH_ERR ctrl_ids=[11,19] start=[-27.436 0.456 -5.115] end=[-27.178 1.652 -5.566]
[scan_planner_node-3] [ERROR] [1786414084.880702736] [path_searching]: [AStarDiag] OPEN_SET_EMPTY elapsed=0.005s iter=8571 generated=8571 max_open=319 rejects{collision=866 outside_map=0 boundary=1022 closed=33487} search_start=[-27.406 0.504 -5.091] search_end=[-27.156 1.654 -5.541] indices_start=[48 39 55] indices_end=[53 62 46] z_delta=-0.450
[scan_planner_node-3] [ERROR] [1786414084.880720730] [bspline_opt]: [AStarDiag] rebound collision segment 1/1 failed: ret=SEARCH_ERR ctrl_ids=[11,19] start=[-27.432 0.456 -5.115] end=[-27.179 1.652 -5.566]
[scan_planner_node-3] [ERROR] [1786414084.885520921] [path_searching]: [AStarDiag] OPEN_SET_EMPTY elapsed=0.005s iter=8571 generated=8571 max_open=319 rejects{collision=866 outside_map=0 boundary=1022 closed=33487} search_start=[-27.406 0.504 -5.091] search_end=[-27.156 1.654 -5.541] indices_start=[48 39 55] indices_end=[53 62 46] z_delta=-0.450
[scan_planner_node-3] [ERROR] [1786414084.885535834] [bspline_opt]: [AStarDiag] rebound collision segment 1/1 failed: ret=SEARCH_ERR ctrl_ids=[11,19] start=[-27.432 0.456 -5.115] end=[-27.180 1.652 -5.566]
[scan_planner_node-3] [ERROR] [1786414084.890296721] [path_searching]: [AStarDiag] OPEN_SET_EMPTY elapsed=0.005s iter=8572 generated=8572 max_open=318 rejects{collision=940 outside_map=0 boundary=1022 closed=33477} search_start=[-27.355 0.504 -5.091] search_end=[-27.205 1.654 -5.541] indices_start=[49 39 55] indices_end=[52 62 46] z_delta=-0.450
[scan_planner_node-3] [ERROR] [1786414084.890314471] [bspline_opt]: [AStarDiag] rebound collision segment 1/1 failed: ret=SEARCH_ERR ctrl_ids=[11,19] start=[-27.429 0.456 -5.115] end=[-27.181 1.651 -5.566]
[scan_planner_node-3] [ERROR] [1786414084.895083257] [path_searching]: [AStarDiag] OPEN_SET_EMPTY elapsed=0.005s iter=8572 generated=8572 max_open=318 rejects{collision=940 outside_map=0 boundary=1022 closed=33477} search_start=[-27.355 0.504 -5.091] search_end=[-27.205 1.654 -5.541] indices_start=[49 39 55] indices_end=[52 62 46] z_delta=-0.450
[scan_planner_node-3] [ERROR] [1786414084.895098742] [bspline_opt]: [AStarDiag] rebound collision segment 1/1 failed: ret=SEARCH_ERR ctrl_ids=[11,19] start=[-27.428 0.456 -5.115] end=[-27.183 1.651 -5.566]
[scan_planner_node-3] [ERROR] [1786414084.919087451] [path_searching]: [AStarDiag] OPEN_SET_EMPTY elapsed=0.006s iter=8226 generated=8226 max_open=319 rejects{collision=757 outside_map=0 boundary=1080 closed=32591} search_start=[-26.942 -0.387 -4.836] search_end=[-26.792 -0.037 -4.936] indices_start=[49 47 51] indices_end=[52 54 49] z_delta=-0.100
[scan_planner_node-3] [ERROR] [1786414084.919126592] [bspline_opt]: [AStarDiag] rebound collision segment 1/1 failed: ret=SEARCH_ERR ctrl_ids=[4,6] start=[-26.986 -0.412 -4.815] end=[-26.798 -0.062 -4.957]
[scan_planner_node-3] [ERROR] [1786414084.924028938] [path_searching]: [AStarDiag] OPEN_SET_EMPTY elapsed=0.005s iter=8214 generated=8214 max_open=316 rejects{collision=760 outside_map=0 boundary=1112 closed=32541} search_start=[-26.996 -0.347 -4.836] search_end=[-26.846 0.003 -4.936] indices_start=[49 47 51] indices_end=[52 54 49] z_delta=-0.100
[scan_planner_node-3] [ERROR] [1786414084.924052306] [bspline_opt]: [AStarDiag] rebound collision segment 1/1 failed: ret=SEARCH_ERR ctrl_ids=[4,6] start=[-27.035 -0.376 -4.815] end=[-26.858 -0.018 -4.957]
[scan_planner_node-3] [WARN] [1786414085.534554597] [scan_planner_node]: Refined trajectory is unsafe or dynamically infeasible; skipping publication
[scan_planner_node-3] [ERROR] [1786414085.540573484] [path_searching]: [AStarDiag] OPEN_SET_EMPTY elapsed=0.006s iter=7848 generated=7848 max_open=302 rejects{collision=880 outside_map=0 boundary=1092 closed=31110} search_start=[-27.073 0.012 -4.844] search_end=[-26.773 0.112 -4.944] indices_start=[49 50 51] indices_end=[55 52 49] z_delta=-0.100
[scan_planner_node-3] [ERROR] [1786414085.540618234] [bspline_opt]: [AStarDiag] optimizer initialization segment 1/1 failed: ret=SEARCH_ERR ctrl_ids=[4,5] start=[-27.080 -0.017 -4.874] end=[-26.965 0.040 -4.914]
[scan_planner_node-3] [WARN] [1786414085.541037232] [scan_planner_node]: Refined trajectory is unsafe or dynamically infeasible; skipping publication
[scan_planner_node-3] [WARN] [1786414085.973407248] [scan_planner_node]: Local replan failed: start=[-27.330 -0.156 -4.748], target=[-26.745 1.833 -5.752]
[scan_planner_node-3] [WARN] [1786414085.973560793] [scan_planner_node]: Refined trajectory is unsafe or dynamically infeasible; skipping publication
[scan_planner_node-3] [WARN] [1786414088.533422601] [scan_planner_node]: Dynamic feasibility failed: acceleration at t=0.245 is 3.248 > 3.000
[scan_planner_node-3] [WARN] [1786414088.533452472] [scan_planner_node]: Refined trajectory is unsafe or dynamically infeasible; skipping publication
[scan_planner_node-3] [WARN] [1786414088.533455966] [scan_planner_node]: Local replan failed: start=[-27.048 1.547 -5.867], target=[-26.745 1.833 -5.752]
[scan_planner_node-3] [WARN] [1786414088.533559970] [scan_planner_node]: Dynamic feasibility failed: acceleration at t=0.235 is 3.383 > 3.000
[scan_planner_node-3] [WARN] [1786414088.533563729] [scan_planner_node]: Refined trajectory is unsafe or dynamically infeasible; skipping publication
[scan_planner_node-3] [ERROR] [1786414088.877881809] [path_searching]: [AStarDiag] OPEN_SET_EMPTY elapsed=0.005s iter=6875 generated=6875 max_open=209 rejects{collision=1043 outside_map=0 boundary=966 closed=27210} search_start=[-26.776 1.662 -5.843] search_end=[-26.476 1.912 -5.993] indices_start=[47 48 52] indices_end=[53 53 49] z_delta=-0.150
[scan_planner_node-3] [ERROR] [1786414088.877921062] [bspline_opt]: [AStarDiag] optimizer initialization segment 1/1 failed: ret=SEARCH_ERR ctrl_ids=[2,4] start=[-26.771 1.631 -5.850] end=[-26.482 1.893 -6.036]
[scan_planner_node-3] [ERROR] [1786414088.881981047] [path_searching]: [AStarDiag] OPEN_SET_EMPTY elapsed=0.004s iter=6781 generated=6781 max_open=196 rejects{collision=1230 outside_map=0 boundary=1082 closed=26759} search_start=[-26.434 1.948 -6.014] search_end=[-26.384 2.298 -6.164] indices_start=[50 47 52] indices_end=[51 54 49] z_delta=-0.150
[scan_planner_node-3] [ERROR] [1786414088.882009930] [bspline_opt]: [AStarDiag] rebound collision segment 1/1 failed: ret=SEARCH_ERR ctrl_ids=[4,6] start=[-26.491 1.911 -6.036] end=[-26.378 2.285 -6.192]
[scan_planner_node-3] [ERROR] [1786414088.886709478] [path_searching]: [AStarDiag] OPEN_SET_EMPTY elapsed=0.005s iter=7144 generated=7144 max_open=215 rejects{collision=1264 outside_map=0 boundary=915 closed=27961} search_start=[-26.942 1.710 -5.877] search_end=[-25.942 1.810 -6.177] indices_start=[47 50 51] indices_end=[67 52 45] z_delta=-0.300
[scan_planner_node-3] [WARN] [1786414088.886740700] [bspline_opt]: A-star failed on a collision segment; merge it with the next segment
[scan_planner_node-3] [ERROR] [1786414088.890468954] [path_searching]: [AStarDiag] OPEN_SET_EMPTY elapsed=0.004s iter=6590 generated=6590 max_open=206 rejects{collision=1495 outside_map=0 boundary=927 closed=25610} search_start=[-26.926 1.737 -5.874] search_end=[-26.376 2.287 -6.124] indices_start=[45 45 53] indices_end=[56 56 48] z_delta=-0.250
[scan_planner_node-3] [ERROR] [1786414088.890488383] [bspline_opt]: [AStarDiag] rebound collision segment 1/1 failed: ret=SEARCH_ERR ctrl_ids=[1,6] start=[-26.974 1.690 -5.856] end=[-26.378 2.285 -6.192]
[scan_planner_node-3] [ERROR] [1786414088.894700405] [path_searching]: [AStarDiag] OPEN_SET_EMPTY elapsed=0.004s iter=7099 generated=7099 max_open=218 rejects{collision=1035 outside_map=0 boundary=915 closed=28083} search_start=[-26.791 1.631 -5.774] search_end=[-26.591 1.731 -5.974] indices_start=[48 49 53] indices_end=[52 51 49] z_delta=-0.200
[scan_planner_node-3] [ERROR] [1786414088.894737724] [bspline_opt]: [AStarDiag] optimizer initialization segment 1/1 failed: ret=SEARCH_ERR ctrl_ids=[2,3] start=[-26.771 1.631 -5.850] end=[-26.611 1.731 -5.997]
[scan_planner_node-3] [ERROR] [1786414088.898734509] [path_searching]: [AStarDiag] OPEN_SET_EMPTY elapsed=0.004s iter=7099 generated=7099 max_open=218 rejects{collision=1035 outside_map=0 boundary=915 closed=28083} search_start=[-26.791 1.631 -5.774] search_end=[-26.591 1.731 -5.974] indices_start=[48 49 53] indices_end=[52 51 49] z_delta=-0.200
[scan_planner_node-3] [ERROR] [1786414088.898769478] [bspline_opt]: [AStarDiag] optimizer initialization segment 1/1 failed: ret=SEARCH_ERR ctrl_ids=[2,3] start=[-26.771 1.631 -5.850] end=[-26.611 1.731 -5.997]
[scan_planner_node-3] [ERROR] [1786414088.902510298] [path_searching]: [AStarDiag] OPEN_SET_EMPTY elapsed=0.004s iter=7099 generated=7099 max_open=218 rejects{collision=1035 outside_map=0 boundary=915 closed=28083} search_start=[-26.791 1.631 -5.774] search_end=[-26.591 1.731 -5.974] indices_start=[48 49 53] indices_end=[52 51 49] z_delta=-0.200
[scan_planner_node-3] [ERROR] [1786414088.902527965] [bspline_opt]: [AStarDiag] optimizer initialization segment 1/1 failed: ret=SEARCH_ERR ctrl_ids=[2,3] start=[-26.771 1.631 -5.850] end=[-26.611 1.731 -5.997]
[scan_planner_node-3] [ERROR] [1786414088.906500988] [path_searching]: [AStarDiag] OPEN_SET_EMPTY elapsed=0.004s iter=7183 generated=7183 max_open=225 rejects{collision=1188 outside_map=0 boundary=915 closed=28177} search_start=[-26.814 1.652 -5.764] search_end=[-26.614 1.702 -6.014] indices_start=[48 50 53] indices_end=[52 51 48] z_delta=-0.250
[scan_planner_node-3] [ERROR] [1786414088.906522338] [bspline_opt]: [AStarDiag] optimizer initialization segment 1/1 failed: ret=SEARCH_ERR ctrl_ids=[2,3] start=[-26.772 1.631 -5.851] end=[-26.657 1.674 -5.978]
[scan_planner_node-3] [ERROR] [1786414088.910489831] [path_searching]: [AStarDiag] OPEN_SET_EMPTY elapsed=0.004s iter=7115 generated=7115 max_open=209 rejects{collision=1099 outside_map=0 boundary=900 closed=28018} search_start=[-26.907 1.711 -5.867] search_end=[-25.957 1.811 -6.167] indices_start=[48 50 51] indices_end=[67 52 45] z_delta=-0.300
[scan_planner_node-3] [ERROR] [1786414088.910515177] [bspline_opt]: [AStarDiag] rebound collision segment 1/1 failed: ret=SEARCH_ERR ctrl_ids=[1,3] start=[-26.974 1.689 -5.857] end=[-26.639 1.734 -5.978]
[scan_planner_node-3] [ERROR] [1786414088.914577063] [path_searching]: [AStarDiag] OPEN_SET_EMPTY elapsed=0.004s iter=7144 generated=7144 max_open=215 rejects{collision=1218 outside_map=0 boundary=915 closed=28043} search_start=[-26.949 1.709 -5.867] search_end=[-25.949 1.809 -6.167] indices_start=[47 50 51] indices_end=[67 52 45] z_delta=-0.300
[scan_planner_node-3] [WARN] [1786414088.914613041] [bspline_opt]: A-star failed on a collision segment; merge it with the next segment
[scan_planner_node-3] [ERROR] [1786414088.918357591] [path_searching]: [AStarDiag] OPEN_SET_EMPTY elapsed=0.004s iter=6717 generated=6717 max_open=206 rejects{collision=1110 outside_map=0 boundary=930 closed=26502} search_start=[-26.933 1.733 -5.874] search_end=[-26.383 2.283 -6.124] indices_start=[45 45 53] indices_end=[56 56 48] z_delta=-0.250
[scan_planner_node-3] [ERROR] [1786414088.918382339] [bspline_opt]: [AStarDiag] rebound collision segment 1/1 failed: ret=SEARCH_ERR ctrl_ids=[1,6] start=[-26.974 1.689 -5.857] end=[-26.392 2.276 -6.191]
[scan_planner_node-3] [ERROR] [1786414088.922242551] [path_searching]: [AStarDiag] OPEN_SET_EMPTY elapsed=0.004s iter=7144 generated=7144 max_open=215 rejects{collision=1218 outside_map=0 boundary=915 closed=28043} search_start=[-26.949 1.709 -5.867] search_end=[-25.949 1.809 -6.167] indices_start=[47 50 51] indices_end=[67 52 45] z_delta=-0.300
[scan_planner_node-3] [WARN] [1786414088.922257858] [bspline_opt]: A-star failed on a collision segment; merge it with the next segment
[scan_planner_node-3] [ERROR] [1786414088.925863583] [path_searching]: [AStarDiag] OPEN_SET_EMPTY elapsed=0.004s iter=6717 generated=6717 max_open=206 rejects{collision=1110 outside_map=0 boundary=930 closed=26502} search_start=[-26.933 1.733 -5.874] search_end=[-26.383 2.283 -6.124] indices_start=[45 45 53] indices_end=[56 56 48] z_delta=-0.250
[scan_planner_node-3] [ERROR] [1786414088.925887553] [bspline_opt]: [AStarDiag] rebound collision segment 1/1 failed: ret=SEARCH_ERR ctrl_ids=[1,6] start=[-26.974 1.689 -5.857] end=[-26.392 2.276 -6.191]
[scan_planner_node-3] [ERROR] [1786414088.929783098] [path_searching]: [AStarDiag] OPEN_SET_EMPTY elapsed=0.004s iter=6749 generated=6749 max_open=190 rejects{collision=1123 outside_map=0 boundary=1097 closed=26678} search_start=[-26.451 1.942 -5.997] search_end=[-26.401 2.292 -6.147] indices_start=[50 47 52] indices_end=[51 54 49] z_delta=-0.150
[scan_planner_node-3] [ERROR] [1786414088.929813181] [bspline_opt]: [AStarDiag] rebound collision segment 1/1 failed: ret=SEARCH_ERR ctrl_ids=[4,6] start=[-26.511 1.908 -6.003] end=[-26.392 2.276 -6.191]
[scan_planner_node-3] [ERROR] [1786414088.933813204] [path_searching]: [AStarDiag] OPEN_SET_EMPTY elapsed=0.004s iter=7101 generated=7101 max_open=219 rejects{collision=1002 outside_map=0 boundary=915 closed=28162} search_start=[-26.796 1.629 -5.814] search_end=[-26.596 1.729 -5.964] indices_start=[48 49 52] indices_end=[52 51 49] z_delta=-0.150
[scan_planner_node-3] [ERROR] [1786414088.933831792] [bspline_opt]: [AStarDiag] optimizer initialization segment 1/1 failed: ret=SEARCH_ERR ctrl_ids=[2,3] start=[-26.772 1.631 -5.851] end=[-26.620 1.728 -5.978]
[scan_planner_node-3] [ERROR] [1786414088.937717810] [path_searching]: [AStarDiag] OPEN_SET_EMPTY elapsed=0.004s iter=7101 generated=7101 max_open=219 rejects{collision=1002 outside_map=0 boundary=915 closed=28162} search_start=[-26.796 1.629 -5.814] search_end=[-26.596 1.729 -5.964] indices_start=[48 49 52] indices_end=[52 51 49] z_delta=-0.150
[scan_planner_node-3] [ERROR] [1786414088.937737126] [bspline_opt]: [AStarDiag] optimizer initialization segment 1/1 failed: ret=SEARCH_ERR ctrl_ids=[2,3] start=[-26.772 1.631 -5.851] end=[-26.620 1.728 -5.978]
[scan_planner_node-3] [ERROR] [1786414088.941204202] [path_searching]: [AStarDiag] OPEN_SET_EMPTY elapsed=0.003s iter=7101 generated=7101 max_open=219 rejects{collision=1002 outside_map=0 boundary=915 closed=28162} search_start=[-26.796 1.629 -5.814] search_end=[-26.596 1.729 -5.964] indices_start=[48 49 52] indices_end=[52 51 49] z_delta=-0.150
[scan_planner_node-3] [ERROR] [1786414088.941217261] [bspline_opt]: [AStarDiag] optimizer initialization segment 1/1 failed: ret=SEARCH_ERR ctrl_ids=[2,3] start=[-26.772 1.631 -5.851] end=[-26.620 1.728 -5.978]
[scan_planner_node-3] [WARN] [1786414088.983367104] [scan_planner_node]: Refined trajectory is unsafe or dynamically infeasible; skipping publication
[scan_planner_node-3] [WARN] [1786414088.983522842] [scan_planner_node]: Refined trajectory is unsafe or dynamically infeasible; skipping publication
[scan_planner_node-3] [WARN] [1786414089.083501263] [scan_planner_node]: Refined trajectory is unsafe or dynamically infeasible; skipping publication
[scan_planner_node-3] [WARN] [1786414089.083647107] [scan_planner_node]: Refined trajectory is unsafe or dynamically infeasible; skipping publication
[scan_planner_node-3] [WARN] [1786414089.184064028] [scan_planner_node]: Refined trajectory is unsafe or dynamically infeasible; skipping publication
[scan_planner_node-3] [WARN] [1786414089.573868161] [scan_planner_node]: Dynamic feasibility failed: acceleration at t=0.243 is 3.167 > 3.000
[scan_planner_node-3] [WARN] [1786414089.573896012] [scan_planner_node]: Refined trajectory is unsafe or dynamically infeasible; skipping publication
[scan_planner_node-3] [WARN] [1786414089.573899376] [scan_planner_node]: Local replan failed: start=[-26.788 2.297 -6.407], target=[-26.374 2.312 -6.204]
[scan_planner_node-3] [WARN] [1786414089.573997917] [scan_planner_node]: Dynamic feasibility failed: acceleration at t=0.231 is 3.301 > 3.000
[scan_planner_node-3] [WARN] [1786414089.574001858] [scan_planner_node]: Refined trajectory is unsafe or dynamically infeasible; skipping publication
[scan_planner_node-3] [ERROR] [1786414092.037339383] [path_searching]: [AStarDiag] OPEN_SET_EMPTY elapsed=0.004s iter=6873 generated=6873 max_open=170 rejects{collision=961 outside_map=0 boundary=1151 closed=27271} search_start=[-25.770 2.603 -6.255] search_end=[-25.620 2.253 -6.255] indices_start=[49 54 50] indices_end=[52 47 50] z_delta=0.000
[scan_planner_node-3] [ERROR] [1786414092.037382866] [bspline_opt]: [AStarDiag] optimizer initialization segment 1/1 failed: ret=SEARCH_ERR ctrl_ids=[7,9] start=[-25.832 2.612 -6.271] end=[-25.608 2.194 -6.240]
[scan_planner_node-3] [ERROR] [1786414092.040958488] [path_searching]: [AStarDiag] OPEN_SET_EMPTY elapsed=0.004s iter=6868 generated=6868 max_open=170 rejects{collision=1045 outside_map=0 boundary=1151 closed=27260} search_start=[-25.771 2.605 -6.255] search_end=[-25.621 2.255 -6.255] indices_start=[49 54 50] indices_end=[52 47 50] z_delta=0.000
[scan_planner_node-3] [ERROR] [1786414092.040973575] [bspline_opt]: [AStarDiag] optimizer initialization segment 1/1 failed: ret=SEARCH_ERR ctrl_ids=[7,9] start=[-25.833 2.612 -6.271] end=[-25.610 2.197 -6.240]
[scan_planner_node-3] [ERROR] [1786414092.043952608] [path_searching]: [AStarDiag] OPEN_SET_EMPTY elapsed=0.003s iter=6868 generated=6868 max_open=170 rejects{collision=1045 outside_map=0 boundary=1151 closed=27260} search_start=[-25.771 2.605 -6.255] search_end=[-25.621 2.255 -6.255] indices_start=[49 54 50] indices_end=[52 47 50] z_delta=0.000
[scan_planner_node-3] [ERROR] [1786414092.043981240] [bspline_opt]: [AStarDiag] optimizer initialization segment 1/1 failed: ret=SEARCH_ERR ctrl_ids=[7,9] start=[-25.833 2.612 -6.271] end=[-25.610 2.197 -6.240]
[scan_planner_node-3] [ERROR] [1786414092.047106650] [path_searching]: [AStarDiag] OPEN_SET_EMPTY elapsed=0.003s iter=6868 generated=6868 max_open=170 rejects{collision=1045 outside_map=0 boundary=1151 closed=27260} search_start=[-25.771 2.605 -6.255] search_end=[-25.621 2.255 -6.255] indices_start=[49 54 50] indices_end=[52 47 50] z_delta=0.000
[scan_planner_node-3] [ERROR] [1786414092.047121068] [bspline_opt]: [AStarDiag] optimizer initialization segment 1/1 failed: ret=SEARCH_ERR ctrl_ids=[7,9] start=[-25.833 2.612 -6.271] end=[-25.610 2.197 -6.240]
[scan_planner_node-3] [WARN] [1786414092.047128585] [scan_planner_node]: Local replan failed: start=[-26.321 3.421 -6.332], target=[-25.467 1.929 -6.221]
[scan_planner_node-3] [WARN] [1786414094.233366710] [scan_planner_node]: Obstacle discovered; emergency stop in 0.360s
[real_go2_input_adapter-1] [ERROR] [1786414099.661835166] [real_go2_input_adapter]: lidar odometry jump: dt=0.106s delta=[-0.064, -0.410, -0.481]m horizontal_speed=3.922m/s (limit=8.000) vertical_speed=4.548m/s (limit=4.000)
[WARNING] [launch]: user interrupted with ctrl-c (SIGINT)
[real_go2_input_adapter-1] [INFO] [1786414102.609038865] [rclcpp]: signal_handler(SIGINT/SIGTERM)
[rviz2-7] [INFO] [1786414102.609062136] [rclcpp]: signal_handler(SIGINT/SIGTERM)
[cmd_vel_safety_gate-5] [INFO] [1786414102.609071756] [rclcpp]: signal_handler(SIGINT/SIGTERM)
[static_transform_publisher-6] [INFO] [1786414102.609065770] [rclcpp]: signal_handler(SIGINT/SIGTERM)
[scan_planner_node-3] [INFO] [1786414102.609131923] [rclcpp]: signal_handler(SIGINT/SIGTERM)
[closed_loop_controller-4] [INFO] [1786414102.609125864] [rclcpp]: signal_handler(SIGINT/SIGTERM)
[INFO] [static_transform_publisher-6]: process has finished cleanly [pid 61450]
[INFO] [closed_loop_controller-4]: process has finished cleanly [pid 61448]
[INFO] [cmd_vel_safety_gate-5]: process has finished cleanly [pid 61449]
[INFO] [real_go2_input_adapter-1]: process has finished cleanly [pid 61445]
[INFO] [rviz2-7]: process has finished cleanly [pid 61451]
[INFO] [terrain_path_visualizer-2]: process has finished cleanly [pid 61446]
[INFO] [scan_planner_node-3]: process has finished cleanly [pid 61447]
