[INFO] [launch]: All log files can be found below /home/wei/.ros/log/2026-08-14-15-04-22-510110-wei-1104617
[INFO] [launch]: Default logging verbosity is set to INFO
[INFO] [launch.user]: Point cloud input type=1 topic=/livox/lidar lidar_to_base=[-0.15, 0.0, -0.21]
[INFO] [real_go2_input_adapter-1]: process started with pid [1104621]
[INFO] [terrain_path_visualizer-2]: process started with pid [1104622]
[INFO] [scan_planner_node-3]: process started with pid [1104623]
[INFO] [closed_loop_controller-4]: process started with pid [1104624]
[INFO] [cmd_vel_safety_gate-5]: process started with pid [1104625]
[INFO] [telemetry_recorder-6]: process started with pid [1104626]
[INFO] [static_transform_publisher-7]: process started with pid [1104627]
[cmd_vel_safety_gate-5] [WARN] [1786691062.581714030] [cmd_vel_safety_gate]: Velocity safety gate ready; motion is ENABLED
[static_transform_publisher-7] [INFO] [1786691062.587205339] [map_to_camera_init_tf]: Spinning until stopped - publishing transform
[static_transform_publisher-7] translation: ('0.000000', '0.000000', '0.000000')
[static_transform_publisher-7] rotation: ('0.000000', '0.000000', '0.000000', '1.000000')
[static_transform_publisher-7] from 'map' to 'camera_init'
[cmd_vel_safety_gate-5] [INFO] [1786691062.591836600] [cmd_vel_safety_gate]: Safety gate state: odometry_timeout
[scan_planner_node-3] [WARN] [1786691062.625735741] [scan_planner_node]: Emergency replanning will not wait for odometry speed to fall below 0.1 m/s; use this test mode only when motion safety is handled externally
[scan_planner_node-3] [INFO] [1786691062.625834119] [scan_planner_node]: Odometry linear twist is interpreted in the body/child frame
[scan_planner_node-3] [INFO] [1786691062.625858208] [scan_planner_node]: Reference start velocity projection is enabled (half_window=0.40 m, max=0.75 m/s)
[scan_planner_node-3] hit: 1.7346
[scan_planner_node-3] miss: -0.847298
[scan_planner_node-3] min log: -1.99243
[scan_planner_node-3] max: 3.89182
[scan_planner_node-3] thresh log: 1.38629
[telemetry_recorder-6] [INFO] [1786691062.863294118] [scan_planner_telemetry_recorder]: Recording SCAN-Planner telemetry to /home/wei/github_code/SCAN-Planner-Ros2/benchmark_results/closed_loop/telemetry.jsonl
[cmd_vel_safety_gate-5] [INFO] [1786691068.001750891] [cmd_vel_safety_gate]: Safety gate state: trajectory_timeout
[cmd_vel_safety_gate-5] [INFO] [1786691069.391795094] [cmd_vel_safety_gate]: Safety gate state: active
[scan_planner_node-3] [WARN] [1786691077.072176083] [scan_planner_node]: [ReferenceVelocityProjection] raw=[0.409 0.377 -0.230] tangent=[0.214 0.923 -0.319] used=[0.109 0.470 -0.163] along=0.509->0.509 removed_lateral=0.322
[scan_planner_node-3] [WARN] [1786691078.482230925] [scan_planner_node]: [ReferenceVelocityProjection] raw=[0.730 0.330 -0.723] tangent=[0.177 0.840 -0.513] used=[0.132 0.630 -0.384] along=0.777->0.750 removed_lateral=0.749
[scan_planner_node-3] [WARN] [1786691080.132794360] [scan_planner_node]: [ReferenceVelocityProjection] raw=[-0.605 0.565 -0.624] tangent=[0.077 0.855 -0.513] used=[0.058 0.641 -0.385] along=0.757->0.750 removed_lateral=0.709
[scan_planner_node-3] [WARN] [1786691081.762151303] [scan_planner_node]: [ReferenceVelocityProjection] raw=[0.455 0.894 -1.642] tangent=[0.537 0.710 -0.455] used=[0.403 0.533 -0.342] along=1.627->0.750 removed_lateral=1.027
[scan_planner_node-3] [WARN] [1786691082.052225555] [bspline_opt]: First three control points are in obstacles; t=0.000000
[scan_planner_node-3] [WARN] [1786691082.052241665] [scan_planner_node]: Local replan failed: start=[-27.252 1.504 -1.497], target=[-26.433 2.312 -1.928], raw_start_z=-1.883 start_z_correction=+0.386
[scan_planner_node-3] [WARN] [1786691082.052321466] [bspline_opt]: First three control points are in obstacles; t=0.000000
[scan_planner_node-3] [WARN] [1786691082.662163060] [scan_planner_node]: Obstacle discovered; emergency stop in 0.460s
[scan_planner_node-3] [ERROR] [1786691082.922260670] [bspline_opt]: The robot is inside an obstacle
[scan_planner_node-3] [WARN] [1786691082.929168132] [bspline_opt]: First three control points are in obstacles; t=0.000000
[scan_planner_node-3] [WARN] [1786691083.702139117] [scan_planner_node]: [ReferenceVelocityProjection] raw=[0.272 0.818 -0.593] tangent=[0.617 0.650 -0.444] used=[0.463 0.487 -0.333] along=0.963->0.750 removed_lateral=0.409
[scan_planner_node-3] [WARN] [1786691084.442252363] [bspline_opt]: First three control points are in obstacles; t=0.072058
[scan_planner_node-3] [WARN] [1786691084.442269071] [scan_planner_node]: Local replan failed: start=[-26.660 2.062 -1.928], target=[-25.880 2.225 -1.978], raw_start_z=-2.225 start_z_correction=+0.297
[scan_planner_node-3] [WARN] [1786691084.442354734] [bspline_opt]: First three control points are in obstacles; t=0.072794
[scan_planner_node-3] [WARN] [1786691084.552214333] [scan_planner_node]: Trajectory rejected: reason=REFINE_COLLISION initial_control_points_feasible=0 retime_ratio=2.615 solver_result=0 optimizer_iterations=10 start_vel=[0.345 -0.054 -0.031] start_acc=[0.000 0.000 0.000] collision_t=0.129/2.057 collision_pos=[-26.629 2.064 -1.931] collision_yaw=-0.078 sample_step=0.1295 samples_checked=2
[scan_planner_node-3] [WARN] [1786691084.562148934] [scan_planner_node]: Obstacle discovered; emergency stop in 0.130s
[scan_planner_node-3] [WARN] [1786691087.872971470] [scan_planner_node]: [ReferenceVelocityProjection] raw=[0.316 -0.183 0.099] tangent=[0.472 -0.882 -0.001] used=[0.147 -0.274 -0.000] along=0.310->0.310 removed_lateral=0.216
[scan_planner_node-3] [WARN] [1786691089.202177631] [scan_planner_node]: [ReferenceVelocityProjection] raw=[0.167 -0.392 0.166] tangent=[0.201 -0.968 -0.153] used=[0.078 -0.375 -0.059] along=0.388->0.388 removed_lateral=0.243
[scan_planner_node-3] [WARN] [1786691090.652133960] [scan_planner_node]: [ReferenceVelocityProjection] raw=[0.076 -0.253 0.165] tangent=[0.000 -0.839 -0.544] used=[0.000 -0.103 -0.067] along=0.122->0.122 removed_lateral=0.286
[scan_planner_node-3] [WARN] [1786691091.942932615] [scan_planner_node]: [ReferenceVelocityProjection] raw=[0.332 -0.256 0.158] tangent=[-0.039 -0.832 -0.553] used=[-0.004 -0.094 -0.062] along=0.113->0.113 removed_lateral=0.434
[scan_planner_node-3] [WARN] [1786691093.372742446] [scan_planner_node]: [ReferenceVelocityProjection] raw=[0.020 -0.340 0.024] tangent=[-0.097 -0.817 -0.569] used=[-0.025 -0.214 -0.149] along=0.262->0.262 removed_lateral=0.219
[scan_planner_node-3] [WARN] [1786691094.484666446] [scan_planner_node]: [ReferenceVelocityProjection] raw=[-0.342 -0.229 -0.196] tangent=[-0.076 -0.817 -0.571] used=[-0.025 -0.266 -0.186] along=0.325->0.325 removed_lateral=0.319
[scan_planner_node-3] [WARN] [1786691095.162279551] [scan_planner_node]: Local replan failed: start=[-25.703 0.605 -3.103], target=[-26.530 -0.988 -4.061], raw_start_z=-3.288 start_z_correction=+0.184
[scan_planner_node-3] [WARN] [1786691096.182214140] [scan_planner_node]: [ReferenceVelocityProjection] raw=[-0.295 -0.007 -0.346] tangent=[-0.202 -0.826 -0.527] used=[-0.050 -0.204 -0.130] along=0.248->0.248 removed_lateral=0.381
[scan_planner_node-3] [WARN] [1786691096.292412575] [scan_planner_node]: Local replan failed: start=[-25.924 0.342 -3.269], target=[-26.530 -0.988 -4.061], raw_start_z=-3.565 start_z_correction=+0.296
[scan_planner_node-3] [WARN] [1786691097.272171702] [bspline_opt]: First three control points are in obstacles; t=0.125576
[scan_planner_node-3] [WARN] [1786691097.272242269] [bspline_opt]: First three control points are in obstacles; t=0.125896
[scan_planner_node-3] [WARN] [1786691097.372135376] [scan_planner_node]: [ReferenceVelocityProjection] raw=[-0.596 -0.488 -0.559] tangent=[-0.312 -0.794 -0.522] used=[-0.234 -0.595 -0.391] along=0.865->0.750 removed_lateral=0.397
[scan_planner_node-3] [WARN] [1786691097.372211709] [bspline_opt]: First three control points are in obstacles; t=0.059691
[scan_planner_node-3] [WARN] [1786691097.372215039] [scan_planner_node]: Local replan failed: start=[-26.168 -0.092 -3.550], target=[-26.530 -0.988 -4.061], raw_start_z=-3.867 start_z_correction=+0.318
[scan_planner_node-3] [WARN] [1786691097.372282672] [bspline_opt]: First three control points are in obstacles; t=0.060184
[scan_planner_node-3] [WARN] [1786691097.472509005] [scan_planner_node]: Trajectory rejected: reason=DYNAMIC_ACCELERATION duration=2.020 sample_dt=0.040 refined=1 retime_ratio=2.734 start_vel=[-0.009 -0.024 -0.016] start_acc=[0.000 0.000 0.000] max_vel=0.816 limit=1.750 ratio=0.466 at_t=1.131 vel=[-0.235 -0.734 -0.268] pos=[-26.206 -0.606 -3.809] max_acc=3.336 limit=3.000 ratio=1.112 at_t=2.020 acc=[2.411 0.778 2.170] pos=[-26.491 -0.973 -4.055]
[scan_planner_node-3] [WARN] [1786691097.762486824] [bspline_opt]: First three control points are in obstacles; t=0.207385
[scan_planner_node-3] [WARN] [1786691097.762721719] [bspline_opt]: First three control points are in obstacles; t=0.207857
[scan_planner_node-3] [WARN] [1786691097.762724052] [scan_planner_node]: Obstacle discovered; emergency stop in 0.010s
[scan_planner_node-3] [WARN] [1786691098.562152810] [scan_planner_node]: [ReferenceVelocityProjection] raw=[-0.632 -0.522 -0.558] tangent=[-0.477 -0.719 -0.506] used=[-0.358 -0.539 -0.379] along=0.959->0.750 removed_lateral=0.252
[scan_planner_node-3] [WARN] [1786691099.992138710] [scan_planner_node]: [ReferenceVelocityProjection] raw=[-0.311 -0.552 -0.263] tangent=[-0.670 -0.560 -0.488] used=[-0.432 -0.361 -0.315] along=0.645->0.645 removed_lateral=0.232
[scan_planner_node-3] [WARN] [1786691102.362259302] [scan_planner_node]: [ReferenceVelocityProjection] raw=[-0.438 -0.231 0.049] tangent=[-0.770 0.637 0.031] used=[-0.148 0.122 0.006] along=0.192->0.192 removed_lateral=0.460
[scan_planner_node-3] [WARN] [1786691103.702174726] [scan_planner_node]: [ReferenceVelocityProjection] raw=[-0.464 -0.071 -0.057] tangent=[-0.770 0.637 0.031] used=[-0.239 0.198 0.010] along=0.311->0.311 removed_lateral=0.357
[scan_planner_node-3] [WARN] [1786691105.972902765] [scan_planner_node]: [ReferenceVelocityProjection] raw=[-0.306 0.204 0.184] tangent=[0.000 1.000 0.004] used=[0.000 0.205 0.001] along=0.205->0.205 removed_lateral=0.357
[scan_planner_node-3] [WARN] [1786691108.392175239] [scan_planner_node]: [ReferenceVelocityProjection] raw=[0.597 0.542 -0.267] tangent=[0.149 0.969 -0.199] used=[0.100 0.646 -0.133] along=0.667->0.667 removed_lateral=0.526
[scan_planner_node-3] [WARN] [1786691110.162264880] [scan_planner_node]: [ReferenceVelocityProjection] raw=[-0.388 0.201 -0.249] tangent=[0.096 0.851 -0.517] used=[0.025 0.223 -0.136] along=0.263->0.263 removed_lateral=0.429
[scan_planner_node-3] [WARN] [1786691111.433276967] [scan_planner_node]: [ReferenceVelocityProjection] raw=[0.565 0.617 -0.483] tangent=[0.143 0.832 -0.535] used=[0.107 0.624 -0.402] along=0.853->0.750 removed_lateral=0.454
[scan_planner_node-3] [WARN] [1786691112.802135996] [scan_planner_node]: [ReferenceVelocityProjection] raw=[-0.098 0.369 -0.013] tangent=[0.089 0.826 -0.556] used=[0.027 0.251 -0.169] along=0.304->0.304 removed_lateral=0.232
[scan_planner_node-3] [WARN] [1786691114.312223615] [scan_planner_node]: [ReferenceVelocityProjection] raw=[-0.174 0.576 -0.246] tangent=[0.215 0.806 -0.551] used=[0.121 0.453 -0.310] along=0.562->0.562 removed_lateral=0.326
[scan_planner_node-3] [WARN] [1786691115.062215446] [scan_planner_node]: Obstacle discovered; emergency stop in 0.440s
[scan_planner_node-3] [WARN] [1786691115.082297239] [scan_planner_node]: Local replan failed: start=[-26.799 1.525 -5.584], target=[-26.512 2.367 -6.057], raw_start_z=-5.769 start_z_correction=+0.185
[scan_planner_node-3] [WARN] [1786691115.112178925] [scan_planner_node]: Obstacle discovered; emergency stop in 0.000s
[scan_planner_node-3] [WARN] [1786691115.162136221] [scan_planner_node]: Obstacle discovered; emergency stop in 0.000s
[scan_planner_node-3] [WARN] [1786691115.262212754] [scan_planner_node]: Obstacle discovered; emergency stop in 0.000s
[scan_planner_node-3] [WARN] [1786691115.282357402] [bspline_opt]: First three control points are in obstacles; t=0.000000
[scan_planner_node-3] [ERROR] [1786691115.392242115] [bspline_opt]: The robot is inside an obstacle
[scan_planner_node-3] [ERROR] [1786691115.416601345] [bspline_opt]: The robot is inside an obstacle
[scan_planner_node-3] [WARN] [1786691115.416858009] [bspline_opt]: First three control points are in obstacles; t=0.000000
[scan_planner_node-3] [ERROR] [1786691115.416891811] [bspline_opt]: [AStarSummary] plan=failed calls=2 success=1 failures{init=0 search=1 initialization=0 rebound=1} last{context=rebound reason=OPEN_SET_EMPTY elapsed=0.024s iter=32169 generated=32169 rejects_collision=40261 outside_map=0 boundary=10987 start=[-26.689   1.397  -5.533] end=[-26.539   1.997  -5.833]}
[scan_planner_node-3] [WARN] [1786691115.602326999] [bspline_opt]: First three control points are in obstacles; t=0.000000
[scan_planner_node-3] [ERROR] [1786691115.791281607] [bspline_opt]: [AStarSummary] plan=failed calls=4 success=1 failures{init=0 search=3 initialization=3 rebound=0} last{context=initialization reason=OPEN_SET_EMPTY elapsed=0.030s iter=37772 generated=37772 rejects_collision=44621 outside_map=0 boundary=16436 start=[-26.582   1.753  -5.796] end=[-26.532   2.053  -5.896]}
[scan_planner_node-3] [WARN] [1786691116.662189436] [scan_planner_node]: [ReferenceVelocityProjection] raw=[0.044 0.199 0.146] tangent=[0.486 0.700 -0.524] used=[0.041 0.059 -0.044] along=0.084->0.084 removed_lateral=0.236
[scan_planner_node-3] [WARN] [1786691118.032179975] [scan_planner_node]: [ReferenceVelocityProjection] raw=[0.574 0.276 -0.833] tangent=[0.997 0.082 -0.008] used=[0.599 0.049 -0.005] along=0.601->0.601 removed_lateral=0.859
[scan_planner_node-3] [WARN] [1786691122.312236275] [scan_planner_node]: [ReferenceVelocityProjection] raw=[0.342 -0.015 -0.009] tangent=[0.707 -0.707 0.011] used=[0.179 -0.179 0.003] along=0.253->0.253 removed_lateral=0.231
[scan_planner_node-3] [WARN] [1786691123.372121918] [scan_planner_node]: [ReferenceVelocityProjection] raw=[0.771 -0.113 -0.115] tangent=[0.606 -0.795 0.005] used=[0.337 -0.442 0.003] along=0.556->0.556 removed_lateral=0.557
[scan_planner_node-3] [WARN] [1786691123.742617245] [scan_planner_node]: Trajectory rejected: reason=REFINE_COLLISION initial_control_points_feasible=0 retime_ratio=2.342 solver_result=0 optimizer_iterations=28 start_vel=[0.399 -0.608 0.001] start_acc=[0.000 0.000 0.000] collision_t=0.241/1.901 collision_pos=[-25.225 2.963 -6.053] collision_yaw=-1.201 sample_step=0.1203 samples_checked=3
[scan_planner_node-3] [WARN] [1786691123.742646660] [scan_planner_node]: Local replan failed: start=[-25.304 3.104 -6.053], target=[-25.567 2.343 -6.056], raw_start_z=-6.353 start_z_correction=+0.300
[scan_planner_node-3] [ERROR] [1786691123.856333635] [bspline_opt]: [AStarSummary] plan=failed calls=13 success=0 failures{init=1 search=12 initialization=1 rebound=12} last{context=rebound reason=OPEN_SET_EMPTY elapsed=0.010s iter=12069 generated=12069 rejects_collision=17381 outside_map=0 boundary=2572 start=[-25.272   3.105  -6.053] end=[-24.572   1.005  -6.053]}
[scan_planner_node-3] [WARN] [1786691123.856371466] [scan_planner_node]: Trajectory rejected: reason=REFINE_COLLISION initial_control_points_feasible=0 retime_ratio=2.198 solver_result=0 optimizer_iterations=39 start_vel=[0.399 -0.608 0.001] start_acc=[0.000 0.000 0.000] collision_t=0.232/1.819 collision_pos=[-25.226 2.968 -6.053] collision_yaw=-1.180 sample_step=0.1159 samples_checked=3
[scan_planner_node-3] [WARN] [1786691123.858989371] [scan_planner_node]: Trajectory rejected: reason=REFINE_COLLISION initial_control_points_feasible=0 retime_ratio=2.457 solver_result=0 optimizer_iterations=30 start_vel=[0.255 -0.389 0.001] start_acc=[0.000 0.000 0.000] collision_t=0.124/1.967 collision_pos=[-25.226 3.044 -6.053] collision_yaw=-1.087 sample_step=0.1239 samples_checked=2
[scan_planner_node-3] [ERROR] [1786691123.859147082] [bspline_opt]: [AStarSummary] plan=failed calls=2 success=0 failures{init=2 search=0 initialization=1 rebound=1} last{context=rebound reason=occupied end could not be moved to a free point before pool boundary elapsed=0.000s iter=0 generated=0 rejects_collision=0 outside_map=0 boundary=0 start=[-25.251   3.094  -6.053] end=[-24.731   0.397  -6.060]}
[scan_planner_node-3] [WARN] [1786691123.859162710] [scan_planner_node]: Trajectory rejected: reason=REFINE_COLLISION initial_control_points_feasible=0 retime_ratio=2.407 solver_result=0 optimizer_iterations=34 start_vel=[0.255 -0.389 0.001] start_acc=[0.000 0.000 0.000] collision_t=0.123/1.938 collision_pos=[-25.225 3.045 -6.053] collision_yaw=-1.073 sample_step=0.1226 samples_checked=2
[scan_planner_node-3] [WARN] [1786691124.454546761] [bspline_opt]: First three control points are in obstacles; t=0.119558
[scan_planner_node-3] [ERROR] [1786691124.454578585] [bspline_opt]: [AStarSummary] plan=failed calls=3 success=0 failures{init=0 search=3 initialization=1 rebound=2} last{context=rebound reason=OPEN_SET_EMPTY elapsed=0.031s iter=40049 generated=40049 rejects_collision=24201 outside_map=0 boundary=17782 start=[-24.956   4.822  -5.809] end=[-25.156   2.572  -6.059]}
[scan_planner_node-3] [WARN] [1786691124.550715003] [bspline_opt]: First three control points are in obstacles; t=0.121528
[scan_planner_node-3] [ERROR] [1786691124.550743600] [bspline_opt]: [AStarSummary] plan=failed calls=5 success=1 failures{init=0 search=4 initialization=0 rebound=4} last{context=rebound reason=OPEN_SET_EMPTY elapsed=0.032s iter=39663 generated=39663 rejects_collision=23063 outside_map=0 boundary=17651 start=[-25.002   4.826  -5.806] end=[-25.152   2.576  -6.056]}
[scan_planner_node-3] [WARN] [1786691124.550878177] [scan_planner_node]: [ReferenceVelocityProjection] raw=[-0.113 -0.569 -0.153] tangent=[0.215 -0.976 -0.029] used=[0.115 -0.522 -0.016] along=0.535->0.535 removed_lateral=0.270
[scan_planner_node-3] [WARN] [1786691124.650538068] [bspline_opt]: First three control points are in obstacles; t=0.119558
[scan_planner_node-3] [ERROR] [1786691124.650566684] [bspline_opt]: [AStarSummary] plan=failed calls=3 success=0 failures{init=0 search=3 initialization=1 rebound=2} last{context=rebound reason=OPEN_SET_EMPTY elapsed=0.033s iter=40049 generated=40049 rejects_collision=23837 outside_map=0 boundary=17782 start=[-24.956   4.822  -5.809] end=[-25.156   2.572  -6.059]}
[scan_planner_node-3] [WARN] [1786691124.663187966] [bspline_opt]: First three control points are in obstacles; t=0.121346
[scan_planner_node-3] [WARN] [1786691124.688053855] [bspline_opt]: First three control points are in obstacles; t=0.186007
[scan_planner_node-3] [WARN] [1786691124.736087276] [bspline_opt]: First three control points are in obstacles; t=0.124219
[scan_planner_node-3] [ERROR] [1786691124.736109869] [bspline_opt]: [AStarSummary] plan=failed calls=2 success=1 failures{init=0 search=1 initialization=1 rebound=0} last{context=initialization reason=OPEN_SET_EMPTY elapsed=0.032s iter=38796 generated=38796 rejects_collision=24651 outside_map=0 boundary=17720 start=[-24.176   3.764  -5.850] end=[-25.276   2.664  -6.050]}
[scan_planner_node-3] [WARN] [1786691124.772299968] [bspline_opt]: First three control points are in obstacles; t=0.000000
[scan_planner_node-3] [ERROR] [1786691124.772332818] [bspline_opt]: [AStarSummary] plan=failed calls=1 success=0 failures{init=0 search=1 initialization=1 rebound=0} last{context=initialization reason=OPEN_SET_EMPTY elapsed=0.000s iter=41 generated=41 rejects_collision=455 outside_map=0 boundary=0 start=[-25.114   2.664  -6.060] end=[-25.164   2.514  -6.060]}
[scan_planner_node-3] [WARN] [1786691124.772347276] [scan_planner_node]: Local replan failed: start=[-25.150 2.721 -6.039], target=[-25.567 1.819 -6.180], raw_start_z=-6.338 start_z_correction=+0.299
[scan_planner_node-3] [WARN] [1786691124.785006084] [bspline_opt]: First three control points are in obstacles; t=0.000000
[scan_planner_node-3] [WARN] [1786691124.974297018] [bspline_opt]: First three control points are in obstacles; t=0.065934
[scan_planner_node-3] [ERROR] [1786691124.974331117] [bspline_opt]: [AStarSummary] plan=failed calls=3 success=0 failures{init=0 search=3 initialization=1 rebound=2} last{context=rebound reason=OPEN_SET_EMPTY elapsed=0.031s iter=38385 generated=38385 rejects_collision=21740 outside_map=0 boundary=17886 start=[-24.626   4.786  -5.755] end=[-25.176   2.536  -6.055]}
[scan_planner_node-3] [WARN] [1786691124.987388868] [scan_planner_node]: Trajectory rejected: reason=DYNAMIC_ACCELERATION duration=1.949 sample_dt=0.039 refined=1 retime_ratio=2.567 start_vel=[0.042 -0.234 -0.015] start_acc=[0.000 0.000 0.000] max_vel=0.737 limit=1.750 ratio=0.421 at_t=1.013 vel=[-0.231 -0.695 -0.087] pos=[-25.195 2.190 -6.106] max_acc=3.610 limit=3.000 ratio=1.203 at_t=1.949 acc=[3.182 0.632 1.583] pos=[-25.543 1.830 -6.187]
[scan_planner_node-3] [WARN] [1786691125.082085039] [bspline_opt]: First three control points are in obstacles; t=0.065934
[scan_planner_node-3] [ERROR] [1786691125.082114496] [bspline_opt]: [AStarSummary] plan=failed calls=3 success=0 failures{init=0 search=3 initialization=1 rebound=2} last{context=rebound reason=OPEN_SET_EMPTY elapsed=0.031s iter=38385 generated=38385 rejects_collision=21926 outside_map=0 boundary=17886 start=[-24.626   4.786  -5.755] end=[-25.176   2.536  -6.055]}
[scan_planner_node-3] [WARN] [1786691125.095461740] [bspline_opt]: First three control points are in obstacles; t=0.066119
[scan_planner_node-3] [WARN] [1786691125.198465792] [bspline_opt]: First three control points are in obstacles; t=0.203317
[scan_planner_node-3] [ERROR] [1786691125.198497998] [bspline_opt]: [AStarSummary] plan=failed calls=3 success=0 failures{init=0 search=3 initialization=1 rebound=2} last{context=rebound reason=OPEN_SET_EMPTY elapsed=0.033s iter=40371 generated=40371 rejects_collision=22254 outside_map=0 boundary=18008 start=[-25.112   2.638  -6.057] end=[-25.162   2.488  -6.057]}
[scan_planner_node-3] [WARN] [1786691125.296942691] [bspline_opt]: First three control points are in obstacles; t=0.203558
[scan_planner_node-3] [ERROR] [1786691125.296972410] [bspline_opt]: [AStarSummary] plan=failed calls=3 success=0 failures{init=0 search=3 initialization=0 rebound=3} last{context=rebound reason=OPEN_SET_EMPTY elapsed=0.033s iter=40371 generated=40371 rejects_collision=22254 outside_map=0 boundary=18008 start=[-25.109   2.641  -6.056] end=[-25.159   2.491  -6.056]}
[scan_planner_node-3] [WARN] [1786691125.892145808] [scan_planner_node]: [ReferenceVelocityProjection] raw=[-0.214 -0.624 -0.075] tangent=[0.048 -0.984 -0.172] used=[0.029 -0.607 -0.106] along=0.617->0.617 removed_lateral=0.246
[scan_planner_node-3] [WARN] [1786691126.972181739] [scan_planner_node]: [ReferenceVelocityProjection] raw=[-0.136 -0.298 0.205] tangent=[-0.177 -0.832 -0.526] used=[-0.029 -0.137 -0.086] along=0.164->0.164 removed_lateral=0.350
[scan_planner_node-3] [WARN] [1786691128.122149128] [scan_planner_node]: [ReferenceVelocityProjection] raw=[-0.735 -0.479 -1.062] tangent=[-0.046 -0.834 -0.551] used=[-0.034 -0.625 -0.413] along=1.017->0.750 removed_lateral=0.929
[scan_planner_node-3] [WARN] [1786691128.362263154] [bspline_opt]: First three control points are in obstacles; t=0.000000
[scan_planner_node-3] [WARN] [1786691128.362280228] [scan_planner_node]: Local replan failed: start=[-25.636 1.192 -6.726], target=[-26.418 -0.940 -8.107], raw_start_z=-7.070 start_z_correction=+0.344
[scan_planner_node-3] [WARN] [1786691128.362364291] [bspline_opt]: First three control points are in obstacles; t=0.000000
[scan_planner_node-3] [WARN] [1786691128.362366161] [scan_planner_node]: Obstacle discovered; emergency stop in 0.000s
[scan_planner_node-3] [WARN] [1786691129.573169878] [scan_planner_node]: [ReferenceVelocityProjection] raw=[-0.319 -0.471 -1.308] tangent=[-0.091 -0.817 -0.569] used=[-0.068 -0.613 -0.427] along=1.158->0.750 removed_lateral=0.832
[scan_planner_node-3] [WARN] [1786691130.872223726] [scan_planner_node]: [ReferenceVelocityProjection] raw=[-0.254 -0.131 -0.477] tangent=[-0.380 -0.769 -0.515] used=[-0.168 -0.340 -0.228] along=0.443->0.443 removed_lateral=0.336
[scan_planner_node-3] [WARN] [1786691132.262151360] [scan_planner_node]: [ReferenceVelocityProjection] raw=[-0.128 -0.476 -0.052] tangent=[-0.592 -0.592 -0.548] used=[-0.229 -0.229 -0.212] along=0.386->0.386 removed_lateral=0.311
[scan_planner_node-3] [WARN] [1786691135.192196910] [scan_planner_node]: [ReferenceVelocityProjection] raw=[-0.469 -0.045 0.102] tangent=[-0.707 0.707 -0.026] used=[-0.210 0.210 -0.008] along=0.297->0.297 removed_lateral=0.380
[scan_planner_node-3] [ERROR] [1786691136.149763369] [bspline_opt]: [AStarSummary] plan=failed calls=4 success=0 failures{init=0 search=4 initialization=4 rebound=0} last{context=initialization reason=OPEN_SET_EMPTY elapsed=0.012s iter=16687 generated=16687 rejects_collision=12632 outside_map=0 boundary=3245 start=[-27.470  -1.468  -8.144] end=[-28.120   0.782  -8.144]}
[scan_planner_node-3] [WARN] [1786691136.149803837] [scan_planner_node]: Local replan failed: start=[-27.319 -1.650 -8.139], target=[-27.167 -0.463 -8.155], raw_start_z=-8.400 start_z_correction=+0.261
[scan_planner_node-3] [ERROR] [1786691136.197412618] [bspline_opt]: [AStarSummary] plan=failed calls=5 success=1 failures{init=0 search=4 initialization=3 rebound=1} last{context=initialization reason=OPEN_SET_EMPTY elapsed=0.012s iter=16474 generated=16474 rejects_collision=11612 outside_map=0 boundary=3077 start=[-27.467  -1.465  -8.143] end=[-27.517  -1.215  -8.143]}
[scan_planner_node-3] [ERROR] [1786691136.264241637] [bspline_opt]: [AStarSummary] plan=failed calls=6 success=2 failures{init=0 search=4 initialization=1 rebound=3} last{context=rebound reason=OPEN_SET_EMPTY elapsed=0.016s iter=19999 generated=19999 rejects_collision=4367 outside_map=0 boundary=8809 start=[-28.630  -2.532  -8.143] end=[-27.330  -1.282  -8.143]}
[scan_planner_node-3] [WARN] [1786691136.264269417] [scan_planner_node]: Trajectory rejected: reason=REFINE_COLLISION initial_control_points_feasible=0 retime_ratio=1.450 solver_result=0 optimizer_iterations=13 start_vel=[-0.457 0.493 -0.008] start_acc=[0.000 0.000 0.000] collision_t=0.308/3.600 collision_pos=[-27.498 -1.477 -8.141] collision_yaw=2.220 sample_step=0.1540 samples_checked=3
[scan_planner_node-3] [WARN] [1786691136.312198261] [scan_planner_node]: [ReferenceVelocityProjection] raw=[-0.358 0.613 -0.112] tangent=[-0.029 1.000 0.004] used=[-0.018 0.622 0.002] along=0.623->0.623 removed_lateral=0.358
[scan_planner_node-3] [WARN] [1786691137.402849425] [scan_planner_node]: [ReferenceVelocityProjection] raw=[0.204 0.431 0.172] tangent=[-0.019 1.000 0.003] used=[-0.008 0.427 0.001] along=0.427->0.427 removed_lateral=0.272
[scan_planner_node-3] [WARN] [1786691138.833873162] [scan_planner_node]: [ReferenceVelocityProjection] raw=[0.215 0.790 -0.221] tangent=[0.000 0.919 -0.394] used=[0.000 0.689 -0.296] along=0.813->0.750 removed_lateral=0.241
[scan_planner_node-3] [WARN] [1786691140.022183934] [scan_planner_node]: [ReferenceVelocityProjection] raw=[0.399 0.709 -0.868] tangent=[0.039 0.798 -0.601] used=[0.030 0.599 -0.451] along=1.103->0.750 removed_lateral=0.445
[scan_planner_node-3] [WARN] [1786691141.474116748] [scan_planner_node]: [ReferenceVelocityProjection] raw=[0.590 0.244 -0.306] tangent=[0.111 0.799 -0.590] used=[0.049 0.353 -0.261] along=0.441->0.441 removed_lateral=0.554
[scan_planner_node-3] [WARN] [1786691141.922193452] [scan_planner_node]: Local target was adjusted to a nearby collision-free point
[scan_planner_node-3] [WARN] [1786691141.922266593] [bspline_opt]: First three control points are in obstacles; t=0.000000
[scan_planner_node-3] [WARN] [1786691141.922270963] [scan_planner_node]: Local replan failed: start=[-26.806 0.673 -9.021], target=[-27.150 1.286 -9.248], raw_start_z=-9.280 start_z_correction=+0.259
[scan_planner_node-3] [WARN] [1786691141.922366381] [bspline_opt]: First three control points are in obstacles; t=0.000000
[scan_planner_node-3] [WARN] [1786691142.342214240] [scan_planner_node]: Trajectory rejected: reason=DYNAMIC_ACCELERATION duration=1.476 sample_dt=0.030 refined=1 retime_ratio=3.188 start_vel=[0.038 0.585 -0.468] start_acc=[0.000 0.000 0.000] max_vel=0.748 limit=1.750 ratio=0.428 at_t=1.476 vel=[-0.237 0.551 -0.448] pos=[-27.057 1.108 -9.151] max_acc=3.550 limit=3.000 ratio=1.183 at_t=0.236 acc=[-0.487 -1.592 3.135] pos=[-26.714 1.023 -9.076]
[scan_planner_node-3] [WARN] [1786691142.342331538] [scan_planner_node]: Trajectory rejected: reason=DYNAMIC_ACCELERATION duration=1.482 sample_dt=0.030 refined=1 retime_ratio=3.212 start_vel=[0.038 0.585 -0.468] start_acc=[0.000 0.000 0.000] max_vel=0.748 limit=1.750 ratio=0.428 at_t=1.482 vel=[-0.237 0.550 -0.449] pos=[-27.062 1.104 -9.148] max_acc=3.663 limit=3.000 ratio=1.221 at_t=0.237 acc=[-0.659 -1.842 3.097] pos=[-26.717 1.020 -9.075]
[scan_planner_node-3] [WARN] [1786691143.472194898] [scan_planner_node]: Local target is in collision and no nearby free target was found
[scan_planner_node-3] [WARN] [1786691143.612186456] [scan_planner_node]: [ReferenceVelocityProjection] raw=[-0.124 0.659 -0.412] tangent=[0.407 0.775 -0.483] used=[0.269 0.511 -0.319] along=0.659->0.659 removed_lateral=0.430
[scan_planner_node-3] [WARN] [1786691144.802145608] [scan_planner_node]: [ReferenceVelocityProjection] raw=[0.125 0.267 0.114] tangent=[0.389 0.776 -0.497] used=[0.078 0.155 -0.099] along=0.199->0.199 removed_lateral=0.245
[scan_planner_node-3] [WARN] [1786691146.302165306] [scan_planner_node]: [ReferenceVelocityProjection] raw=[0.362 0.503 -0.105] tangent=[0.178 0.871 -0.458] used=[0.098 0.479 -0.252] along=0.550->0.550 removed_lateral=0.303
[scan_planner_node-3] [WARN] [1786691146.862208777] [bspline_opt]: First three control points are in obstacles; t=0.197738
[scan_planner_node-3] [WARN] [1786691146.862225812] [scan_planner_node]: Local replan failed: start=[-26.618 2.457 -10.250], target=[-26.160 3.212 -10.671], raw_start_z=-10.378 start_z_correction=+0.128
[scan_planner_node-3] [WARN] [1786691147.022201473] [bspline_opt]: First three control points are in obstacles; t=0.199116
[scan_planner_node-3] [ERROR] [1786691147.022239099] [bspline_opt]: [AStarSummary] plan=failed calls=6 success=0 failures{init=0 search=6 initialization=1 rebound=5} last{context=rebound reason=OPEN_SET_EMPTY elapsed=0.028s iter=34789 generated=34789 rejects_collision=14834 outside_map=0 boundary=15943 start=[-26.600   2.457 -10.208] end=[-26.500   2.757 -10.308]}
[scan_planner_node-3] [WARN] [1786691147.022267480] [scan_planner_node]: Obstacle discovered; emergency stop in 0.190s
[scan_planner_node-3] [ERROR] [1786691147.071782409] [bspline_opt]: The robot is inside an obstacle
[scan_planner_node-3] [ERROR] [1786691147.101335378] [bspline_opt]: The robot is inside an obstacle
[scan_planner_node-3] [WARN] [1786691147.131321017] [bspline_opt]: First three control points are in obstacles; t=0.000000
[scan_planner_node-3] [ERROR] [1786691147.131350633] [bspline_opt]: [AStarSummary] plan=failed calls=3 success=0 failures{init=0 search=3 initialization=1 rebound=2} last{context=rebound reason=OPEN_SET_EMPTY elapsed=0.030s iter=36832 generated=36832 rejects_collision=17325 outside_map=0 boundary=20378 start=[-26.493   2.458 -10.194] end=[-26.343   2.808 -10.394]}
[scan_planner_node-3] [WARN] [1786691147.143077899] [bspline_opt]: First three control points are in obstacles; t=0.000000
[scan_planner_node-3] [ERROR] [1786691147.252259811] [bspline_opt]: The robot is inside an obstacle
[scan_planner_node-3] [ERROR] [1786691147.280500120] [bspline_opt]: The robot is inside an obstacle
[scan_planner_node-3] [ERROR] [1786691147.309003885] [bspline_opt]: The robot is inside an obstacle
[scan_planner_node-3] [WARN] [1786691147.337378034] [bspline_opt]: First three control points are in obstacles; t=0.000000
[scan_planner_node-3] [ERROR] [1786691147.337412243] [bspline_opt]: [AStarSummary] plan=failed calls=3 success=0 failures{init=0 search=3 initialization=0 rebound=3} last{context=rebound reason=OPEN_SET_EMPTY elapsed=0.028s iter=37045 generated=37045 rejects_collision=16748 outside_map=0 boundary=20259 start=[-26.557   2.514 -10.230] end=[-26.507   2.714 -10.330]}
[scan_planner_node-3] [WARN] [1786691147.388478272] [bspline_opt]: [AStarSummary] plan=success calls=1 success=0 failures{init=0 search=1 initialization=1 rebound=0} last{context=initialization reason=OPEN_SET_EMPTY elapsed=0.029s iter=37021 generated=37021 rejects_collision=16745 outside_map=0 boundary=20970 start=[-26.427   2.681 -10.378] end=[-26.227   2.731 -10.428]}
[scan_planner_node-3] [WARN] [1786691149.802131933] [scan_planner_node]: [ReferenceVelocityProjection] raw=[0.402 -0.101 -0.048] tangent=[0.798 -0.433 0.418] used=[0.275 -0.149 0.144] along=0.345->0.345 removed_lateral=0.235
[scan_planner_node-3] [WARN] [1786691149.817063007] [bspline_opt]: First three control points are in obstacles; t=0.000000
[scan_planner_node-3] [WARN] [1786691149.817077052] [scan_planner_node]: Local replan failed: start=[-26.057 3.809 -10.671], target=[-25.467 2.461 -10.740], raw_start_z=-10.697 start_z_correction=+0.026
[scan_planner_node-3] [WARN] [1786691149.831008576] [bspline_opt]: First three control points are in obstacles; t=0.000000
[scan_planner_node-3] [WARN] [1786691149.917938693] [bspline_opt]: First three control points are in obstacles; t=0.000000
[scan_planner_node-3] [WARN] [1786691149.932575898] [bspline_opt]: First three control points are in obstacles; t=0.000000
[scan_planner_node-3] [WARN] [1786691150.018877129] [bspline_opt]: First three control points are in obstacles; t=0.000000
[scan_planner_node-3] [WARN] [1786691150.033642426] [bspline_opt]: First three control points are in obstacles; t=0.000000
[scan_planner_node-3] [WARN] [1786691150.118534836] [bspline_opt]: First three control points are in obstacles; t=0.000000
[scan_planner_node-3] [WARN] [1786691150.137410406] [bspline_opt]: First three control points are in obstacles; t=0.000000
[scan_planner_node-3] [WARN] [1786691150.218934945] [bspline_opt]: First three control points are in obstacles; t=0.000000
[scan_planner_node-3] [WARN] [1786691150.239097563] [bspline_opt]: First three control points are in obstacles; t=0.000000
[scan_planner_node-3] [WARN] [1786691150.240892107] [scan_planner_node]: Obstacle discovered; emergency stop in 0.000s
[scan_planner_node-3] [WARN] [1786691150.262138724] [scan_planner_node]: Obstacle discovered; emergency stop in 0.000s
[scan_planner_node-3] [WARN] [1786691150.330653537] [bspline_opt]: First three control points are in obstacles; t=0.000000
[scan_planner_node-3] [WARN] [1786691150.438670877] [bspline_opt]: First three control points are in obstacles; t=0.000000
[scan_planner_node-3] [ERROR] [1786691150.632081622] [bspline_opt]: [AStarSummary] plan=failed calls=7 success=6 failures{init=0 search=1 initialization=1 rebound=0} last{context=initialization reason=OPEN_SET_EMPTY elapsed=0.031s iter=40645 generated=40645 rejects_collision=20741 outside_map=0 boundary=21770 start=[-25.962   3.494 -10.694] end=[-25.812   3.044 -10.694]}
[scan_planner_node-3] [WARN] [1786691150.665520338] [bspline_opt]: First three control points are in obstacles; t=0.000000
[scan_planner_node-3] [ERROR] [1786691150.665555814] [bspline_opt]: [AStarSummary] plan=failed calls=1 success=0 failures{init=0 search=1 initialization=0 rebound=1} last{context=rebound reason=OPEN_SET_EMPTY elapsed=0.033s iter=40586 generated=40586 rejects_collision=19457 outside_map=0 boundary=21572 start=[-26.994   4.774 -10.574] end=[-25.744   3.624 -10.674]}
[scan_planner_node-3] [WARN] [1786691152.462193727] [scan_planner_node]: [ReferenceVelocityProjection] raw=[-0.144 -0.411 0.016] tangent=[0.399 -0.916 -0.038] used=[0.127 -0.292 -0.012] along=0.318->0.318 removed_lateral=0.297
[scan_planner_node-3] [WARN] [1786691152.512152288] [scan_planner_node]: Obstacle discovered; emergency stop in 0.030s
[scan_planner_node-3] [WARN] [1786691153.692183265] [scan_planner_node]: [ReferenceVelocityProjection] raw=[0.205 -0.672 -0.401] tangent=[0.000 -0.837 -0.547] used=[0.000 -0.628 -0.410] along=0.783->0.750 removed_lateral=0.207
[scan_planner_node-3] [WARN] [1786691154.872182084] [scan_planner_node]: [ReferenceVelocityProjection] raw=[-0.347 -0.528 -0.627] tangent=[-0.076 -0.865 -0.496] used=[-0.057 -0.649 -0.372] along=0.794->0.750 removed_lateral=0.402
[scan_planner_node-3] [WARN] [1786691155.902133259] [scan_planner_node]: [ReferenceVelocityProjection] raw=[-0.582 -0.381 -0.289] tangent=[-0.152 -0.829 -0.539] used=[-0.085 -0.464 -0.301] along=0.559->0.559 removed_lateral=0.504
[scan_planner_node-3] [WARN] [1786691157.122284130] [scan_planner_node]: [ReferenceVelocityProjection] raw=[-0.757 0.111 0.188] tangent=[-0.082 -0.770 -0.633] used=[-0.000 -0.000 -0.000] along=-0.142->0.000 removed_lateral=0.775
[scan_planner_node-3] [WARN] [1786691158.742176307] [scan_planner_node]: [ReferenceVelocityProjection] raw=[0.034 -0.666 0.204] tangent=[-0.217 -0.826 -0.520] used=[-0.095 -0.361 -0.227] along=0.437->0.437 removed_lateral=0.543
[scan_planner_node-3] [ERROR] [1786691160.827078236] [bspline_opt]: [AStarSummary] plan=failed calls=4 success=0 failures{init=0 search=4 initialization=4 rebound=0} last{context=initialization reason=OPEN_SET_EMPTY elapsed=0.030s iter=37776 generated=37776 rejects_collision=23107 outside_map=0 boundary=17162 start=[-25.977  -0.877 -12.480] end=[-26.227  -1.227 -12.480]}
[scan_planner_node-3] [WARN] [1786691160.827110086] [scan_planner_node]: Local replan failed: start=[-25.685 -0.478 -12.524], target=[-26.629 -1.650 -12.435], raw_start_z=-12.730 start_z_correction=+0.206
[scan_planner_node-3] [ERROR] [1786691160.982225116] [bspline_opt]: [AStarSummary] plan=failed calls=5 success=0 failures{init=0 search=5 initialization=4 rebound=1} last{context=initialization reason=OPEN_SET_EMPTY elapsed=0.032s iter=38516 generated=38516 rejects_collision=21571 outside_map=0 boundary=17432 start=[-25.906  -0.874 -12.485] end=[-26.156  -1.124 -12.485]}
[scan_planner_node-3] [ERROR] [1786691161.108916989] [bspline_opt]: [AStarSummary] plan=failed calls=4 success=0 failures{init=0 search=4 initialization=4 rebound=0} last{context=initialization reason=OPEN_SET_EMPTY elapsed=0.032s iter=37776 generated=37776 rejects_collision=22849 outside_map=0 boundary=17162 start=[-25.977  -0.877 -12.480] end=[-26.227  -1.227 -12.480]}
[scan_planner_node-3] [WARN] [1786691161.109046656] [bspline_opt]: Trajectory terminal point is in an obstacle; skip this plan
[scan_planner_node-3] [WARN] [1786691162.062163065] [scan_planner_node]: [ReferenceVelocityProjection] raw=[-0.351 -0.480 0.277] tangent=[-0.447 -0.887 0.115] used=[-0.274 -0.545 0.071] along=0.615->0.615 removed_lateral=0.230
[scan_planner_node-3] [WARN] [1786691162.062195955] [scan_planner_node]: Local target was adjusted to a nearby collision-free point
[scan_planner_node-3] [ERROR] [1786691162.862233048] [bspline_opt]: The robot is inside an obstacle
[scan_planner_node-3] [WARN] [1786691162.888947918] [bspline_opt]: First three control points are in obstacles; t=0.000000
[scan_planner_node-3] [ERROR] [1786691162.888978113] [bspline_opt]: [AStarSummary] plan=failed calls=2 success=1 failures{init=0 search=1 initialization=0 rebound=1} last{context=rebound reason=OPEN_SET_EMPTY elapsed=0.027s iter=35857 generated=35857 rejects_collision=26958 outside_map=0 boundary=16823 start=[-26.402  -1.421 -12.442] end=[-26.552  -1.571 -12.442]}
[scan_planner_node-3] [WARN] [1786691162.888994071] [scan_planner_node]: Local replan failed: start=[-26.052 -0.991 -12.467], target=[-26.629 -1.650 -12.435], raw_start_z=-12.729 start_z_correction=+0.262
[scan_planner_node-3] [ERROR] [1786691162.889094308] [bspline_opt]: The robot is inside an obstacle
[scan_planner_node-3] [WARN] [1786691162.889150362] [bspline_opt]: First three control points are in obstacles; t=0.000000
[scan_planner_node-3] [WARN] [1786691162.889152717] [scan_planner_node]: Obstacle discovered; emergency stop in 0.090s
[scan_planner_node-3] [WARN] [1786691162.912173485] [scan_planner_node]: Obstacle discovered; emergency stop in 0.000s
[scan_planner_node-3] [WARN] [1786691162.962177912] [scan_planner_node]: Obstacle discovered; emergency stop in 0.000s
[scan_planner_node-3] [ERROR] [1786691162.972176383] [bspline_opt]: The robot is inside an obstacle
[scan_planner_node-3] [ERROR] [1786691162.998011783] [bspline_opt]: The robot is inside an obstacle
[scan_planner_node-3] [ERROR] [1786691163.024477857] [bspline_opt]: The robot is inside an obstacle
[scan_planner_node-3] [ERROR] [1786691163.051156297] [bspline_opt]: The robot is inside an obstacle
[scan_planner_node-3] [ERROR] [1786691163.078083598] [bspline_opt]: The robot is inside an obstacle
[scan_planner_node-3] [ERROR] [1786691163.105457637] [bspline_opt]: The robot is inside an obstacle
[scan_planner_node-3] [ERROR] [1786691163.133134438] [bspline_opt]: The robot is inside an obstacle
[scan_planner_node-3] [ERROR] [1786691163.160859351] [bspline_opt]: The robot is inside an obstacle
[scan_planner_node-3] [ERROR] [1786691163.188973647] [bspline_opt]: The robot is inside an obstacle
[scan_planner_node-3] [ERROR] [1786691163.217192929] [bspline_opt]: The robot is inside an obstacle
[scan_planner_node-3] [ERROR] [1786691163.245948302] [bspline_opt]: The robot is inside an obstacle
[scan_planner_node-3] [WARN] [1786691163.274687733] [bspline_opt]: First three control points are in obstacles; t=0.000000
[scan_planner_node-3] [ERROR] [1786691163.274722190] [bspline_opt]: [AStarSummary] plan=failed calls=11 success=0 failures{init=0 search=11 initialization=0 rebound=11} last{context=rebound reason=OPEN_SET_EMPTY elapsed=0.029s iter=35167 generated=35167 rejects_collision=25371 outside_map=0 boundary=16145 start=[-25.899  -0.910 -12.450] end=[-26.599  -1.610 -12.450]}
[scan_planner_node-3] [WARN] [1786691163.274801794] [scan_planner_node]: [ReferenceVelocityProjection] raw=[0.106 -0.321 0.165] tangent=[-0.473 -0.880 0.045] used=[-0.114 -0.211 0.011] along=0.240->0.240 removed_lateral=0.290
[scan_planner_node-3] [ERROR] [1786691163.274865329] [bspline_opt]: The robot is inside an obstacle
[scan_planner_node-3] [WARN] [1786691163.304736396] [bspline_opt]: First three control points are in obstacles; t=0.000000
[scan_planner_node-3] [ERROR] [1786691163.304769572] [bspline_opt]: [AStarSummary] plan=failed calls=2 success=1 failures{init=0 search=1 initialization=0 rebound=1} last{context=rebound reason=OPEN_SET_EMPTY elapsed=0.030s iter=35653 generated=35653 rejects_collision=26265 outside_map=0 boundary=16499 start=[-25.883  -0.908 -12.440] end=[-26.583  -1.608 -12.440]}
[scan_planner_node-3] [ERROR] [1786691163.304872656] [bspline_opt]: The robot is inside an obstacle
[scan_planner_node-3] [WARN] [1786691163.304877789] [bspline_opt]: Trajectory terminal point is in an obstacle; skip this plan
[scan_planner_node-3] [WARN] [1786691163.304880970] [scan_planner_node]: Obstacle discovered; emergency stop in 0.000s
[scan_planner_node-3] [WARN] [1786691163.312446845] [scan_planner_node]: Obstacle discovered; emergency stop in 0.000s
[scan_planner_node-3] [WARN] [1786691163.362174346] [scan_planner_node]: Obstacle discovered; emergency stop in 0.000s
[scan_planner_node-3] [ERROR] [1786691163.382232036] [bspline_opt]: The robot is inside an obstacle
[scan_planner_node-3] [ERROR] [1786691163.411263141] [bspline_opt]: The robot is inside an obstacle
[scan_planner_node-3] [ERROR] [1786691163.440268420] [bspline_opt]: The robot is inside an obstacle
[scan_planner_node-3] [ERROR] [1786691163.469265133] [bspline_opt]: The robot is inside an obstacle
[scan_planner_node-3] [ERROR] [1786691163.498390330] [bspline_opt]: The robot is inside an obstacle
[scan_planner_node-3] [WARN] [1786691163.527930111] [bspline_opt]: First three control points are in obstacles; t=0.000000
[scan_planner_node-3] [ERROR] [1786691163.527958882] [bspline_opt]: [AStarSummary] plan=failed calls=5 success=0 failures{init=0 search=5 initialization=0 rebound=5} last{context=rebound reason=OPEN_SET_EMPTY elapsed=0.030s iter=35555 generated=35555 rejects_collision=26226 outside_map=0 boundary=16310 start=[-24.573  -0.334 -12.500] end=[-26.623  -1.634 -12.450]}
[scan_planner_node-3] [ERROR] [1786691163.528072722] [bspline_opt]: The robot is inside an obstacle
[scan_planner_node-3] [WARN] [1786691163.528078019] [bspline_opt]: Trajectory terminal point is in an obstacle; skip this plan
[scan_planner_node-3] [ERROR] [1786691163.528144345] [bspline_opt]: The robot is inside an obstacle
[scan_planner_node-3] [WARN] [1786691163.528147294] [bspline_opt]: Trajectory terminal point is in an obstacle; skip this plan
[scan_planner_node-3] [WARN] [1786691163.528149526] [scan_planner_node]: Obstacle discovered; emergency stop in 0.000s
[scan_planner_node-3] [WARN] [1786691163.562183301] [scan_planner_node]: Obstacle discovered; emergency stop in 0.000s
[scan_planner_node-3] [WARN] [1786691163.612388132] [bspline_opt]: First three control points are in obstacles; t=0.000000
[scan_planner_node-3] [WARN] [1786691163.612500351] [bspline_opt]: First three control points are in obstacles; t=0.000000
[scan_planner_node-3] [ERROR] [1786691163.612516656] [bspline_opt]: [AStarSummary] plan=failed calls=1 success=0 failures{init=1 search=0 initialization=1 rebound=0} last{context=initialization reason=occupied start could not be moved to a free point before pool boundary elapsed=0.000s iter=0 generated=0 rejects_collision=0 outside_map=0 boundary=0 start=[-24.831  -1.497 -12.418] end=[-28.432  -1.554 -12.519]}
[scan_planner_node-3] [WARN] [1786691163.612532099] [scan_planner_node]: Obstacle discovered; emergency stop in 0.000s
[scan_planner_node-3] [WARN] [1786691163.662137590] [scan_planner_node]: Obstacle discovered; emergency stop in 0.000s
[scan_planner_node-3] [WARN] [1786691163.712137427] [scan_planner_node]: Obstacle discovered; emergency stop in 0.000s
[scan_planner_node-3] [WARN] [1786691163.727831963] [bspline_opt]: First three control points are in obstacles; t=0.000000
[scan_planner_node-3] [WARN] [1786691163.762135237] [scan_planner_node]: Obstacle discovered; emergency stop in 0.000s
[scan_planner_node-3] [WARN] [1786691163.812197861] [scan_planner_node]: Obstacle discovered; emergency stop in 0.000s
[scan_planner_node-3] [WARN] [1786691163.826833090] [bspline_opt]: First three control points are in obstacles; t=0.000000
[scan_planner_node-3] [WARN] [1786691163.862184089] [scan_planner_node]: Obstacle discovered; emergency stop in 0.000s
[scan_planner_node-3] [WARN] [1786691163.912176132] [scan_planner_node]: Obstacle discovered; emergency stop in 0.000s
[scan_planner_node-3] [WARN] [1786691163.952027608] [bspline_opt]: First three control points are in obstacles; t=0.000000
[scan_planner_node-3] [ERROR] [1786691163.952058844] [bspline_opt]: [AStarSummary] plan=failed calls=1 success=0 failures{init=0 search=1 initialization=1 rebound=0} last{context=initialization reason=OPEN_SET_EMPTY elapsed=0.028s iter=36447 generated=36447 rejects_collision=26022 outside_map=0 boundary=16415 start=[-24.601  -0.892 -12.399] end=[-26.551  -1.692 -12.449]}
[scan_planner_node-3] [WARN] [1786691163.952074015] [scan_planner_node]: Local replan failed: start=[-26.356 -1.649 -12.446], target=[-29.878 -2.294 -12.557], raw_start_z=-12.755 start_z_correction=+0.308
[scan_planner_node-3] [WARN] [1786691163.963884422] [scan_planner_node]: Obstacle discovered; emergency stop in 0.000s
[scan_planner_node-3] [WARN] [1786691164.012207958] [scan_planner_node]: Obstacle discovered; emergency stop in 0.000s
[scan_planner_node-3] [WARN] [1786691164.063680879] [bspline_opt]: First three control points are in obstacles; t=0.000000
[scan_planner_node-3] [ERROR] [1786691164.063716340] [bspline_opt]: [AStarSummary] plan=failed calls=1 success=0 failures{init=0 search=1 initialization=1 rebound=0} last{context=initialization reason=OPEN_SET_EMPTY elapsed=0.027s iter=36003 generated=36003 rejects_collision=25714 outside_map=0 boundary=16334 start=[-24.612  -0.891 -12.399] end=[-26.562  -1.691 -12.449]}
[scan_planner_node-3] [WARN] [1786691164.063802414] [scan_planner_node]: Obstacle discovered; emergency stop in 0.000s
[scan_planner_node-3] [WARN] [1786691164.112203995] [scan_planner_node]: Obstacle discovered; emergency stop in 0.000s
[scan_planner_node-3] [WARN] [1786691164.164840217] [bspline_opt]: First three control points are in obstacles; t=0.000000
[scan_planner_node-3] [ERROR] [1786691164.164873124] [bspline_opt]: [AStarSummary] plan=failed calls=1 success=0 failures{init=0 search=1 initialization=1 rebound=0} last{context=initialization reason=OPEN_SET_EMPTY elapsed=0.028s iter=36098 generated=36098 rejects_collision=29549 outside_map=0 boundary=15656 start=[-24.630  -0.904 -12.398] end=[-26.530  -1.704 -12.448]}
[scan_planner_node-3] [WARN] [1786691164.164954974] [scan_planner_node]: Obstacle discovered; emergency stop in 0.000s
[scan_planner_node-3] [WARN] [1786691164.212132402] [scan_planner_node]: Obstacle discovered; emergency stop in 0.000s
[scan_planner_node-3] [WARN] [1786691164.244465604] [bspline_opt]: First three control points are in obstacles; t=0.000000
[scan_planner_node-3] [WARN] [1786691164.262191424] [scan_planner_node]: Obstacle discovered; emergency stop in 0.000s
[scan_planner_node-3] [WARN] [1786691164.312175995] [scan_planner_node]: Obstacle discovered; emergency stop in 0.000s
[scan_planner_node-3] [WARN] [1786691164.354797126] [bspline_opt]: First three control points are in obstacles; t=0.088473
[scan_planner_node-3] [WARN] [1786691164.362141676] [scan_planner_node]: Obstacle discovered; emergency stop in 0.000s
[scan_planner_node-3] [WARN] [1786691164.412135290] [scan_planner_node]: Obstacle discovered; emergency stop in 0.000s
[scan_planner_node-3] [WARN] [1786691165.722856254] [scan_planner_node]: [ReferenceVelocityProjection] raw=[-0.071 -0.500 -0.061] tangent=[-0.771 -0.634 -0.061] used=[-0.289 -0.238 -0.023] along=0.375->0.375 removed_lateral=0.343
[scan_planner_node-3] [WARN] [1786691168.102138276] [scan_planner_node]: [ReferenceVelocityProjection] raw=[-0.196 -0.197 -0.045] tangent=[-0.984 0.176 -0.006] used=[-0.156 0.028 -0.001] along=0.158->0.158 removed_lateral=0.233
[scan_planner_node-3] [WARN] [1786691171.282184949] [scan_planner_node]: [ReferenceVelocityProjection] raw=[-0.472 -0.184 0.130] tangent=[-0.999 0.030 -0.016] used=[-0.464 0.014 -0.007] along=0.464->0.464 removed_lateral=0.241
[scan_planner_node-3] [WARN] [1786691172.522071336] [scan_planner_node]: [ReferenceVelocityProjection] raw=[-0.444 0.259 0.122] tangent=[-0.997 0.077 -0.008] used=[-0.460 0.035 -0.004] along=0.461->0.461 removed_lateral=0.257
[scan_planner_node-3] [WARN] [1786691173.732858977] [scan_planner_node]: [ReferenceVelocityProjection] raw=[-0.706 -0.173 0.023] tangent=[-0.914 0.406 -0.020] used=[-0.525 0.233 -0.011] along=0.575->0.575 removed_lateral=0.446
[scan_planner_node-3] [WARN] [1786691174.962218187] [scan_planner_node]: [ReferenceVelocityProjection] raw=[-0.817 -0.015 -0.291] tangent=[-0.999 0.030 -0.015] used=[-0.750 0.023 -0.011] along=0.820->0.750 removed_lateral=0.282
[scan_planner_node-3] [WARN] [1786691176.772179691] [scan_planner_node]: [ReferenceVelocityProjection] raw=[-0.110 0.517 0.203] tangent=[-0.999 0.032 -0.011] used=[-0.124 0.004 -0.001] along=0.124->0.124 removed_lateral=0.553
[scan_planner_node-3] [WARN] [1786691178.012391485] [scan_planner_node]: Local replan failed: start=[-31.617 -2.058 -12.588], target=[-32.316 0.929 -12.490], raw_start_z=-12.858 start_z_correction=+0.270
[scan_planner_node-3] [ERROR] [1786691178.015163273] [bspline_opt]: [AStarSummary] plan=failed calls=8 success=4 failures{init=0 search=4 initialization=4 rebound=0} last{context=initialization reason=OPEN_SET_EMPTY elapsed=0.000s iter=1 generated=1 rejects_collision=24 outside_map=0 boundary=0 start=[-32.392  -0.776 -12.540] end=[-32.492  -0.576 -12.540]}
[cmd_vel_safety_gate-5] [INFO] [1786691178.481783085] [cmd_vel_safety_gate]: Safety gate state: odometry_timeout
[scan_planner_node-3] [WARN] [1786691179.502290860] [scan_planner_node]: Local replan failed: start=[-31.617 -2.058 -12.588], target=[-32.316 0.929 -12.490], raw_start_z=-12.858 start_z_correction=+0.270
[scan_planner_node-3] [WARN] [1786691179.537546039] [bspline_opt]: [AStarSummary] plan=success calls=3 success=2 failures{init=0 search=1 initialization=1 rebound=0} last{context=initialization reason=OPEN_SET_EMPTY elapsed=0.033s iter=46006 generated=46006 rejects_collision=25971 outside_map=0 boundary=15171 start=[-32.295  -1.063 -12.549] end=[-32.345  -0.913 -12.549]}
[scan_planner_node-3] [WARN] [1786691180.652309220] [scan_planner_node]: Local replan failed: start=[-31.617 -2.058 -12.588], target=[-32.316 0.929 -12.490], raw_start_z=-12.858 start_z_correction=+0.270
[scan_planner_node-3] [WARN] [1786691180.697670860] [bspline_opt]: [AStarSummary] plan=success calls=5 success=4 failures{init=0 search=1 initialization=0 rebound=1} last{context=rebound reason=OPEN_SET_EMPTY elapsed=0.042s iter=51956 generated=51956 rejects_collision=16911 outside_map=0 boundary=17965 start=[-32.401  -0.337 -12.518] end=[-32.351   0.113 -12.518]}
[scan_planner_node-3] [WARN] [1786691181.662309392] [scan_planner_node]: Local replan failed: start=[-31.617 -2.058 -12.588], target=[-32.316 0.929 -12.490], raw_start_z=-12.858 start_z_correction=+0.270
[scan_planner_node-3] [WARN] [1786691181.735235934] [bspline_opt]: [AStarSummary] plan=success calls=5 success=3 failures{init=0 search=2 initialization=2 rebound=0} last{context=initialization reason=OPEN_SET_EMPTY elapsed=0.038s iter=45722 generated=45722 rejects_collision=26007 outside_map=0 boundary=15624 start=[-32.240  -1.081 -12.549] end=[-32.340  -0.881 -12.549]}
[scan_planner_node-3] [WARN] [1786691182.882262083] [scan_planner_node]: Local replan failed: start=[-31.617 -2.058 -12.588], target=[-32.316 0.929 -12.490], raw_start_z=-12.858 start_z_correction=+0.270
[scan_planner_node-3] [WARN] [1786691182.883212997] [scan_planner_node]: Trajectory rejected: reason=REFINE_COLLISION initial_control_points_feasible=0 retime_ratio=1.282 solver_result=0 optimizer_iterations=24 start_vel=[-0.000 0.000 -0.000] start_acc=[0.000 0.000 0.000] collision_t=2.778/6.613 collision_pos=[-32.171 -1.112 -12.552] collision_yaw=2.350 sample_step=0.1111 samples_checked=26
[scan_planner_node-3] [WARN] [1786691183.730230590] [bspline_opt]: [AStarSummary] plan=success calls=6 success=3 failures{init=0 search=3 initialization=2 rebound=1} last{context=initialization reason=OPEN_SET_EMPTY elapsed=0.035s iter=46036 generated=46036 rejects_collision=25477 outside_map=0 boundary=15009 start=[-32.254  -1.057 -12.549] end=[-32.304  -0.907 -12.549]}
[scan_planner_node-3] [WARN] [1786691184.962366254] [scan_planner_node]: Local replan failed: start=[-31.617 -2.058 -12.588], target=[-32.316 0.929 -12.490], raw_start_z=-12.858 start_z_correction=+0.270
[scan_planner_node-3] [WARN] [1786691185.079187185] [bspline_opt]: [AStarSummary] plan=success calls=6 success=3 failures{init=0 search=3 initialization=2 rebound=1} last{context=initialization reason=OPEN_SET_EMPTY elapsed=0.037s iter=46036 generated=46036 rejects_collision=25463 outside_map=0 boundary=15009 start=[-32.251  -1.061 -12.549] end=[-32.301  -0.911 -12.549]}
[scan_planner_node-3] [WARN] [1786691186.042309049] [scan_planner_node]: Local replan failed: start=[-31.617 -2.058 -12.588], target=[-32.316 0.929 -12.490], raw_start_z=-12.858 start_z_correction=+0.270
[scan_planner_node-3] [WARN] [1786691187.472308984] [scan_planner_node]: Local replan failed: start=[-31.617 -2.058 -12.588], target=[-32.316 0.929 -12.490], raw_start_z=-12.858 start_z_correction=+0.270
[scan_planner_node-3] [WARN] [1786691187.833890723] [bspline_opt]: [AStarSummary] plan=success calls=5 success=4 failures{init=0 search=1 initialization=0 rebound=1} last{context=rebound reason=OPEN_SET_EMPTY elapsed=0.039s iter=52149 generated=52149 rejects_collision=18084 outside_map=0 boundary=17989 start=[-32.414  -0.306 -12.518] end=[-32.364   0.044 -12.518]}
[scan_planner_node-3] [WARN] [1786691188.762367124] [scan_planner_node]: Local replan failed: start=[-31.617 -2.058 -12.588], target=[-32.316 0.929 -12.490], raw_start_z=-12.858 start_z_correction=+0.270
[scan_planner_node-3] [WARN] [1786691190.212468230] [scan_planner_node]: Local replan failed: start=[-31.617 -2.058 -12.588], target=[-32.316 0.929 -12.490], raw_start_z=-12.858 start_z_correction=+0.270
[scan_planner_node-3] [WARN] [1786691191.291034427] [bspline_opt]: [AStarSummary] plan=success calls=7 success=3 failures{init=0 search=4 initialization=2 rebound=2} last{context=rebound reason=OPEN_SET_EMPTY elapsed=0.035s iter=45100 generated=45100 rejects_collision=25800 outside_map=0 boundary=15042 start=[-32.261  -1.212 -12.553] end=[-32.411  -0.862 -12.553]}
[scan_planner_node-3] [WARN] [1786691192.402381111] [scan_planner_node]: Local replan failed: start=[-31.617 -2.058 -12.588], target=[-32.316 0.929 -12.490], raw_start_z=-12.858 start_z_correction=+0.270
[scan_planner_node-3] [ERROR] [1786691192.472139602] [bspline_opt]: [AStarSummary] plan=failed calls=4 success=2 failures{init=0 search=2 initialization=2 rebound=0} last{context=initialization reason=OPEN_SET_EMPTY elapsed=0.033s iter=46006 generated=46006 rejects_collision=25060 outside_map=0 boundary=15171 start=[-32.292  -1.051 -12.549] end=[-32.342  -0.901 -12.549]}
[scan_planner_node-3] [ERROR] [1786691192.513970596] [bspline_opt]: [AStarSummary] plan=failed calls=8 success=7 failures{init=0 search=1 initialization=1 rebound=0} last{context=initialization reason=OPEN_SET_EMPTY elapsed=0.000s iter=1 generated=1 rejects_collision=24 outside_map=0 boundary=0 start=[-32.386  -0.765 -12.537] end=[-32.486  -0.315 -12.537]}
[scan_planner_node-3] [ERROR] [1786691192.625461967] [bspline_opt]: [AStarSummary] plan=failed calls=8 success=4 failures{init=0 search=4 initialization=4 rebound=0} last{context=initialization reason=OPEN_SET_EMPTY elapsed=0.000s iter=1 generated=1 rejects_collision=24 outside_map=0 boundary=0 start=[-32.395  -0.783 -12.540] end=[-32.495  -0.583 -12.540]}
[scan_planner_node-3] [WARN] [1786691193.662339840] [scan_planner_node]: Local replan failed: start=[-31.617 -2.058 -12.588], target=[-32.316 0.929 -12.490], raw_start_z=-12.858 start_z_correction=+0.270
[scan_planner_node-3] [WARN] [1786691193.765569782] [scan_planner_node]: Trajectory rejected: reason=REFINE_COLLISION initial_control_points_feasible=0 retime_ratio=1.303 solver_result=0 optimizer_iterations=20 start_vel=[-0.000 0.000 -0.000] start_acc=[0.000 0.000 0.000] collision_t=4.393/6.702 collision_pos=[-32.331 -0.340 -12.524] collision_yaw=1.274 sample_step=0.1126 samples_checked=40
[scan_planner_node-3] [WARN] [1786691194.782267464] [scan_planner_node]: Local replan failed: start=[-31.617 -2.058 -12.588], target=[-32.316 0.929 -12.490], raw_start_z=-12.858 start_z_correction=+0.270
[scan_planner_node-3] [WARN] [1786691194.825836294] [bspline_opt]: [AStarSummary] plan=success calls=3 success=2 failures{init=0 search=1 initialization=0 rebound=1} last{context=rebound reason=OPEN_SET_EMPTY elapsed=0.041s iter=52149 generated=52149 rejects_collision=18751 outside_map=0 boundary=17989 start=[-32.411  -0.300 -12.517] end=[-32.361   0.050 -12.517]}
[scan_planner_node-3] [WARN] [1786691195.802307577] [scan_planner_node]: Local replan failed: start=[-31.617 -2.058 -12.588], target=[-32.316 0.929 -12.490], raw_start_z=-12.858 start_z_correction=+0.270
[scan_planner_node-3] [ERROR] [1786691195.805583338] [bspline_opt]: [AStarSummary] plan=failed calls=8 success=4 failures{init=0 search=4 initialization=4 rebound=0} last{context=initialization reason=OPEN_SET_EMPTY elapsed=0.000s iter=1 generated=1 rejects_collision=24 outside_map=0 boundary=0 start=[-32.391  -0.795 -12.540] end=[-32.491  -0.595 -12.540]}
[scan_planner_node-3] [WARN] [1786691196.882305236] [scan_planner_node]: Local replan failed: start=[-31.617 -2.058 -12.588], target=[-32.316 0.929 -12.490], raw_start_z=-12.858 start_z_correction=+0.270
[scan_planner_node-3] [WARN] [1786691198.042248503] [scan_planner_node]: Local replan failed: start=[-31.617 -2.058 -12.588], target=[-32.316 0.929 -12.490], raw_start_z=-12.858 start_z_correction=+0.270
[scan_planner_node-3] [WARN] [1786691199.232277473] [scan_planner_node]: Local replan failed: start=[-31.617 -2.058 -12.588], target=[-32.316 0.929 -12.490], raw_start_z=-12.858 start_z_correction=+0.270
[scan_planner_node-3] [WARN] [1786691201.122263829] [scan_planner_node]: Local replan failed: start=[-31.617 -2.058 -12.588], target=[-32.316 0.929 -12.490], raw_start_z=-12.858 start_z_correction=+0.270
[scan_planner_node-3] [WARN] [1786691201.587071424] [bspline_opt]: [AStarSummary] plan=success calls=6 success=5 failures{init=0 search=1 initialization=1 rebound=0} last{context=initialization reason=OPEN_SET_EMPTY elapsed=0.034s iter=45157 generated=45157 rejects_collision=27145 outside_map=0 boundary=15048 start=[-32.209  -1.187 -12.551] end=[-32.359  -0.887 -12.551]}
[scan_planner_node-3] [WARN] [1786691202.832355214] [scan_planner_node]: Local replan failed: start=[-31.617 -2.058 -12.588], target=[-32.316 0.929 -12.490], raw_start_z=-12.858 start_z_correction=+0.270
[scan_planner_node-3] [ERROR] [1786691202.837090414] [bspline_opt]: [AStarSummary] plan=failed calls=8 success=4 failures{init=0 search=4 initialization=4 rebound=0} last{context=initialization reason=OPEN_SET_EMPTY elapsed=0.000s iter=1 generated=1 rejects_collision=24 outside_map=0 boundary=0 start=[-32.398  -0.779 -12.540] end=[-32.498  -0.579 -12.540]}
[scan_planner_node-3] [ERROR] [1786691203.056228511] [bspline_opt]: [AStarSummary] plan=failed calls=8 success=4 failures{init=0 search=4 initialization=4 rebound=0} last{context=initialization reason=OPEN_SET_EMPTY elapsed=0.000s iter=1 generated=1 rejects_collision=24 outside_map=0 boundary=0 start=[-32.369  -0.814 -12.536] end=[-32.519  -0.414 -12.536]}
[scan_planner_node-3] [WARN] [1786691204.262456435] [scan_planner_node]: Local replan failed: start=[-31.617 -2.058 -12.588], target=[-32.316 0.929 -12.490], raw_start_z=-12.858 start_z_correction=+0.270
[scan_planner_node-3] [ERROR] [1786691204.415604019] [bspline_opt]: [AStarSummary] plan=failed calls=4 success=0 failures{init=0 search=4 initialization=4 rebound=0} last{context=initialization reason=OPEN_SET_EMPTY elapsed=0.038s iter=46729 generated=46729 rejects_collision=25479 outside_map=0 boundary=14951 start=[-32.026  -1.278 -12.543] end=[-32.926   0.672 -12.493]}
[scan_planner_node-3] [WARN] [1786691204.464889718] [bspline_opt]: [AStarSummary] plan=success calls=4 success=3 failures{init=0 search=1 initialization=0 rebound=1} last{context=rebound reason=OPEN_SET_EMPTY elapsed=0.042s iter=51829 generated=51829 rejects_collision=19413 outside_map=0 boundary=18001 start=[-32.425  -0.197 -12.519] end=[-32.375   0.053 -12.519]}
[scan_planner_node-3] [WARN] [1786691205.322360742] [scan_planner_node]: Local replan failed: start=[-31.617 -2.058 -12.588], target=[-32.316 0.929 -12.490], raw_start_z=-12.858 start_z_correction=+0.270
[scan_planner_node-3] [WARN] [1786691205.325517810] [scan_planner_node]: Trajectory rejected: reason=REFINE_COLLISION initial_control_points_feasible=0 retime_ratio=1.370 solver_result=0 optimizer_iterations=13 start_vel=[-0.000 0.000 -0.000] start_acc=[0.000 0.000 0.000] collision_t=4.573/6.979 collision_pos=[-32.349 -0.352 -12.524] collision_yaw=1.292 sample_step=0.1173 samples_checked=40
[scan_planner_node-3] [ERROR] [1786691206.347150767] [bspline_opt]: [AStarSummary] plan=failed calls=4 success=3 failures{init=0 search=1 initialization=1 rebound=0} last{context=initialization reason=OPEN_SET_EMPTY elapsed=0.033s iter=45310 generated=45310 rejects_collision=27499 outside_map=0 boundary=15897 start=[-32.169  -1.128 -12.549] end=[-32.319  -0.928 -12.549]}
[scan_planner_node-3] [WARN] [1786691206.347183031] [scan_planner_node]: Local replan failed: start=[-31.617 -2.058 -12.588], target=[-32.316 0.929 -12.490], raw_start_z=-12.588 start_z_correction=+0.000
[scan_planner_node-3] [WARN] [1786691207.372278781] [scan_planner_node]: Local replan failed: start=[-31.617 -2.058 -12.588], target=[-32.316 0.929 -12.490], raw_start_z=-12.858 start_z_correction=+0.270
[scan_planner_node-3] [WARN] [1786691208.992260304] [scan_planner_node]: Local replan failed: start=[-31.617 -2.058 -12.588], target=[-32.316 0.929 -12.490], raw_start_z=-12.858 start_z_correction=+0.270
[scan_planner_node-3] [WARN] [1786691209.203023319] [scan_planner_node]: Trajectory rejected: reason=REFINE_COLLISION initial_control_points_feasible=0 retime_ratio=1.308 solver_result=0 optimizer_iterations=18 start_vel=[-0.000 0.000 -0.000] start_acc=[0.000 0.000 0.000] collision_t=2.825/6.723 collision_pos=[-32.184 -1.110 -12.551] collision_yaw=2.375 sample_step=0.1130 samples_checked=26
[scan_planner_node-3] [WARN] [1786691210.292286454] [scan_planner_node]: Local replan failed: start=[-31.617 -2.058 -12.588], target=[-32.316 0.929 -12.490], raw_start_z=-12.858 start_z_correction=+0.270
[scan_planner_node-3] [WARN] [1786691211.672263552] [scan_planner_node]: Local replan failed: start=[-31.617 -2.058 -12.588], target=[-32.316 0.929 -12.490], raw_start_z=-12.858 start_z_correction=+0.270
[scan_planner_node-3] [ERROR] [1786691212.695597586] [bspline_opt]: [AStarSummary] plan=failed calls=6 success=4 failures{init=0 search=2 initialization=2 rebound=0} last{context=initialization reason=OPEN_SET_EMPTY elapsed=0.037s iter=44466 generated=44466 rejects_collision=27241 outside_map=0 boundary=15468 start=[-32.115  -1.294 -12.561] end=[-32.365  -0.944 -12.561]}
[scan_planner_node-3] [WARN] [1786691212.695627660] [scan_planner_node]: Local replan failed: start=[-31.617 -2.058 -12.588], target=[-32.316 0.929 -12.490], raw_start_z=-12.588 start_z_correction=+0.000
[scan_planner_node-3] [WARN] [1786691213.902316078] [scan_planner_node]: Local replan failed: start=[-31.617 -2.058 -12.588], target=[-32.316 0.929 -12.490], raw_start_z=-12.858 start_z_correction=+0.270
[scan_planner_node-3] [ERROR] [1786691214.054675894] [bspline_opt]: [AStarSummary] plan=failed calls=3 success=2 failures{init=0 search=1 initialization=0 rebound=1} last{context=rebound reason=OPEN_SET_EMPTY elapsed=0.040s iter=52269 generated=52269 rejects_collision=19974 outside_map=0 boundary=18115 start=[-32.417  -0.272 -12.517] end=[-32.367   0.078 -12.517]}
[scan_planner_node-3] [WARN] [1786691214.054713650] [scan_planner_node]: Trajectory rejected: reason=REFINE_COLLISION initial_control_points_feasible=0 retime_ratio=1.281 solver_result=0 optimizer_iterations=12 start_vel=[-0.000 0.000 -0.000] start_acc=[0.000 0.000 0.000] collision_t=2.776/6.608 collision_pos=[-32.279 -1.072 -12.551] collision_yaw=2.262 sample_step=0.1110 samples_checked=26
[scan_planner_node-3] [WARN] [1786691215.102302390] [scan_planner_node]: Local replan failed: start=[-31.617 -2.058 -12.588], target=[-32.316 0.929 -12.490], raw_start_z=-12.858 start_z_correction=+0.270
[scan_planner_node-3] [WARN] [1786691216.172305238] [scan_planner_node]: Local replan failed: start=[-31.617 -2.058 -12.588], target=[-32.316 0.929 -12.490], raw_start_z=-12.858 start_z_correction=+0.270
[scan_planner_node-3] [WARN] [1786691216.287044737] [bspline_opt]: [AStarSummary] plan=success calls=6 success=3 failures{init=0 search=3 initialization=2 rebound=1} last{context=initialization reason=OPEN_SET_EMPTY elapsed=0.036s iter=45113 generated=45113 rejects_collision=25657 outside_map=0 boundary=15294 start=[-32.109  -1.204 -12.553] end=[-32.359  -0.854 -12.553]}
[scan_planner_node-3] [WARN] [1786691217.462327872] [scan_planner_node]: Local replan failed: start=[-31.617 -2.058 -12.588], target=[-32.316 0.929 -12.490], raw_start_z=-12.858 start_z_correction=+0.270
[scan_planner_node-3] [WARN] [1786691218.722234060] [scan_planner_node]: Local replan failed: start=[-31.617 -2.058 -12.588], target=[-32.316 0.929 -12.490], raw_start_z=-12.858 start_z_correction=+0.270
[scan_planner_node-3] [WARN] [1786691220.712359130] [scan_planner_node]: Local replan failed: start=[-31.617 -2.058 -12.588], target=[-32.316 0.929 -12.490], raw_start_z=-12.858 start_z_correction=+0.270
[scan_planner_node-3] [WARN] [1786691222.032240204] [scan_planner_node]: Local replan failed: start=[-31.617 -2.058 -12.588], target=[-32.316 0.929 -12.490], raw_start_z=-12.858 start_z_correction=+0.270
[scan_planner_node-3] [ERROR] [1786691222.066618637] [bspline_opt]: [AStarSummary] plan=failed calls=4 success=3 failures{init=0 search=1 initialization=1 rebound=0} last{context=initialization reason=OPEN_SET_EMPTY elapsed=0.032s iter=45700 generated=45700 rejects_collision=25722 outside_map=0 boundary=15894 start=[-32.153  -1.117 -12.549] end=[-32.303  -0.917 -12.549]}
[scan_planner_node-3] [WARN] [1786691222.176565620] [bspline_opt]: [AStarSummary] plan=success calls=4 success=3 failures{init=0 search=1 initialization=1 rebound=0} last{context=initialization reason=OPEN_SET_EMPTY elapsed=0.032s iter=46307 generated=46307 rejects_collision=25138 outside_map=0 boundary=14976 start=[-32.348  -1.003 -12.549] end=[-32.398  -0.853 -12.549]}
[scan_planner_node-3] [WARN] [1786691223.122278876] [scan_planner_node]: Local replan failed: start=[-31.617 -2.058 -12.588], target=[-32.316 0.929 -12.490], raw_start_z=-12.858 start_z_correction=+0.270
[scan_planner_node-3] [WARN] [1786691223.200201880] [bspline_opt]: [AStarSummary] plan=success calls=5 success=3 failures{init=0 search=2 initialization=1 rebound=1} last{context=initialization reason=OPEN_SET_EMPTY elapsed=0.038s iter=46006 generated=46006 rejects_collision=25147 outside_map=0 boundary=15171 start=[-32.297  -1.051 -12.549] end=[-32.347  -0.901 -12.549]}
[scan_planner_node-3] [WARN] [1786691224.142291262] [scan_planner_node]: Local replan failed: start=[-31.617 -2.058 -12.588], target=[-32.316 0.929 -12.490], raw_start_z=-12.858 start_z_correction=+0.270
[scan_planner_node-3] [WARN] [1786691225.142315021] [scan_planner_node]: Local replan failed: start=[-31.617 -2.058 -12.588], target=[-32.316 0.929 -12.490], raw_start_z=-12.858 start_z_correction=+0.270
[scan_planner_node-3] [ERROR] [1786691225.182650376] [bspline_opt]: [AStarSummary] plan=failed calls=5 success=3 failures{init=0 search=2 initialization=2 rebound=0} last{context=initialization reason=OPEN_SET_EMPTY elapsed=0.000s iter=1 generated=1 rejects_collision=24 outside_map=0 boundary=0 start=[-32.375  -0.608 -12.520] end=[-32.225  -0.158 -12.520]}
[scan_planner_node-3] [WARN] [1786691225.243103745] [scan_planner_node]: Trajectory rejected: reason=REFINE_COLLISION initial_control_points_feasible=0 retime_ratio=1.228 solver_result=0 optimizer_iterations=18 start_vel=[-0.000 0.000 -0.000] start_acc=[0.000 0.000 0.000] collision_t=3.006/6.388 collision_pos=[-32.293 -0.995 -12.545] collision_yaw=2.189 sample_step=0.1074 samples_checked=29
[scan_planner_node-3] [WARN] [1786691226.722271730] [scan_planner_node]: Local replan failed: start=[-31.617 -2.058 -12.588], target=[-32.316 0.929 -12.490], raw_start_z=-12.858 start_z_correction=+0.270
[scan_planner_node-3] [ERROR] [1786691226.824272333] [bspline_opt]: [AStarSummary] plan=failed calls=8 success=4 failures{init=0 search=4 initialization=4 rebound=0} last{context=initialization reason=OPEN_SET_EMPTY elapsed=0.000s iter=2 generated=2 rejects_collision=40 outside_map=0 boundary=0 start=[-32.371  -0.834 -12.537] end=[-32.521  -0.434 -12.537]}
[scan_planner_node-3] [WARN] [1786691228.022290456] [scan_planner_node]: Local replan failed: start=[-31.617 -2.058 -12.588], target=[-32.316 0.929 -12.490], raw_start_z=-12.858 start_z_correction=+0.270
[scan_planner_node-3] [WARN] [1786691229.212355555] [scan_planner_node]: Local replan failed: start=[-31.617 -2.058 -12.588], target=[-32.316 0.929 -12.490], raw_start_z=-12.858 start_z_correction=+0.270
[scan_planner_node-3] [ERROR] [1786691229.215332797] [bspline_opt]: [AStarSummary] plan=failed calls=8 success=4 failures{init=0 search=4 initialization=4 rebound=0} last{context=initialization reason=OPEN_SET_EMPTY elapsed=0.000s iter=2 generated=2 rejects_collision=40 outside_map=0 boundary=0 start=[-32.364  -0.833 -12.537] end=[-32.514  -0.433 -12.537]}
[scan_planner_node-3] [ERROR] [1786691229.692774118] [bspline_opt]: [AStarSummary] plan=failed calls=4 success=2 failures{init=0 search=2 initialization=2 rebound=0} last{context=initialization reason=OPEN_SET_EMPTY elapsed=0.036s iter=45722 generated=45722 rejects_collision=27004 outside_map=0 boundary=15624 start=[-32.231  -1.088 -12.549] end=[-32.331  -0.888 -12.549]}
[scan_planner_node-3] [WARN] [1786691230.902291396] [scan_planner_node]: Local replan failed: start=[-31.617 -2.058 -12.588], target=[-32.316 0.929 -12.490], raw_start_z=-12.858 start_z_correction=+0.270
[scan_planner_node-3] [WARN] [1786691232.002259288] [scan_planner_node]: Local replan failed: start=[-31.617 -2.058 -12.588], target=[-32.316 0.929 -12.490], raw_start_z=-12.858 start_z_correction=+0.270
[scan_planner_node-3] [ERROR] [1786691232.038843302] [bspline_opt]: [AStarSummary] plan=failed calls=8 success=7 failures{init=0 search=1 initialization=1 rebound=0} last{context=initialization reason=OPEN_SET_EMPTY elapsed=0.036s iter=48861 generated=48861 rejects_collision=22993 outside_map=0 boundary=14767 start=[-32.405  -0.714 -12.533] end=[-32.455  -0.564 -12.533]}
[scan_planner_node-3] [WARN] [1786691233.382308392] [scan_planner_node]: Local replan failed: start=[-31.617 -2.058 -12.588], target=[-32.316 0.929 -12.490], raw_start_z=-12.858 start_z_correction=+0.270
[scan_planner_node-3] [WARN] [1786691233.426082701] [bspline_opt]: [AStarSummary] plan=success calls=5 success=4 failures{init=0 search=1 initialization=0 rebound=1} last{context=rebound reason=OPEN_SET_EMPTY elapsed=0.040s iter=51956 generated=51956 rejects_collision=17682 outside_map=0 boundary=17965 start=[-32.411  -0.346 -12.518] end=[-32.361   0.104 -12.518]}
[scan_planner_node-3] [WARN] [1786691234.392245452] [scan_planner_node]: Local replan failed: start=[-31.617 -2.058 -12.588], target=[-32.316 0.929 -12.490], raw_start_z=-12.858 start_z_correction=+0.270
[scan_planner_node-3] [ERROR] [1786691234.465853345] [bspline_opt]: [AStarSummary] plan=failed calls=8 success=6 failures{init=0 search=2 initialization=2 rebound=0} last{context=initialization reason=OPEN_SET_EMPTY elapsed=0.037s iter=48905 generated=48905 rejects_collision=22740 outside_map=0 boundary=14785 start=[-32.468  -1.057 -12.534] end=[-32.418  -0.557 -12.534]}
[scan_planner_node-3] [ERROR] [1786691234.598104362] [bspline_opt]: [AStarSummary] plan=failed calls=5 success=2 failures{init=0 search=3 initialization=3 rebound=0} last{context=initialization reason=OPEN_SET_EMPTY elapsed=0.037s iter=48368 generated=48368 rejects_collision=21799 outside_map=0 boundary=14680 start=[-32.493  -0.947 -12.534] end=[-32.393  -0.597 -12.534]}
[scan_planner_node-3] [ERROR] [1786691234.990291495] [bspline_opt]: [AStarSummary] plan=failed calls=4 success=2 failures{init=0 search=2 initialization=2 rebound=0} last{context=initialization reason=OPEN_SET_EMPTY elapsed=0.037s iter=46077 generated=46077 rejects_collision=25951 outside_map=0 boundary=15147 start=[-32.289  -1.042 -12.549] end=[-32.339  -0.892 -12.549]}
[scan_planner_node-3] [WARN] [1786691235.164534435] [bspline_opt]: [AStarSummary] plan=success calls=3 success=2 failures{init=0 search=1 initialization=0 rebound=1} last{context=rebound reason=OPEN_SET_EMPTY elapsed=0.039s iter=51979 generated=51979 rejects_collision=17871 outside_map=0 boundary=17920 start=[-32.429  -0.312 -12.517] end=[-32.379   0.038 -12.517]}
[scan_planner_node-3] [WARN] [1786691236.132249895] [scan_planner_node]: Local replan failed: start=[-31.617 -2.058 -12.588], target=[-32.316 0.929 -12.490], raw_start_z=-12.858 start_z_correction=+0.270
[scan_planner_node-3] [WARN] [1786691237.162358353] [scan_planner_node]: Local replan failed: start=[-31.617 -2.058 -12.588], target=[-32.316 0.929 -12.490], raw_start_z=-12.858 start_z_correction=+0.270
[scan_planner_node-3] [ERROR] [1786691237.273509333] [bspline_opt]: [AStarSummary] plan=failed calls=5 success=2 failures{init=0 search=3 initialization=3 rebound=0} last{context=initialization reason=OPEN_SET_EMPTY elapsed=0.037s iter=48449 generated=48449 rejects_collision=22195 outside_map=0 boundary=14641 start=[-32.512  -0.831 -12.534] end=[-32.412  -0.581 -12.534]}
[scan_planner_node-3] [WARN] [1786691238.162481801] [scan_planner_node]: Local replan failed: start=[-31.617 -2.058 -12.588], target=[-32.316 0.929 -12.490], raw_start_z=-12.858 start_z_correction=+0.270
[scan_planner_node-3] [WARN] [1786691239.402328273] [scan_planner_node]: Local replan failed: start=[-31.617 -2.058 -12.588], target=[-32.316 0.929 -12.490], raw_start_z=-12.858 start_z_correction=+0.270
[scan_planner_node-3] [WARN] [1786691239.520897159] [bspline_opt]: [AStarSummary] plan=success calls=6 success=3 failures{init=0 search=3 initialization=2 rebound=1} last{context=initialization reason=OPEN_SET_EMPTY elapsed=0.037s iter=46036 generated=46036 rejects_collision=25584 outside_map=0 boundary=15009 start=[-32.257  -1.058 -12.549] end=[-32.307  -0.908 -12.549]}
[scan_planner_node-3] [WARN] [1786691240.742362720] [scan_planner_node]: Local replan failed: start=[-31.617 -2.058 -12.588], target=[-32.316 0.929 -12.490], raw_start_z=-12.858 start_z_correction=+0.270
[scan_planner_node-3] [WARN] [1786691241.912351392] [scan_planner_node]: Local replan failed: start=[-31.617 -2.058 -12.588], target=[-32.316 0.929 -12.490], raw_start_z=-12.858 start_z_correction=+0.270
[scan_planner_node-3] [WARN] [1786691241.913394266] [scan_planner_node]: Trajectory rejected: reason=REFINE_COLLISION initial_control_points_feasible=0 retime_ratio=1.274 solver_result=0 optimizer_iterations=19 start_vel=[-0.000 0.000 -0.000] start_acc=[0.000 0.000 0.000] collision_t=2.765/6.580 collision_pos=[-32.182 -1.119 -12.552] collision_yaw=2.353 sample_step=0.1106 samples_checked=26
[scan_planner_node-3] [WARN] [1786691243.122267157] [scan_planner_node]: Local replan failed: start=[-31.617 -2.058 -12.588], target=[-32.316 0.929 -12.490], raw_start_z=-12.858 start_z_correction=+0.270
[scan_planner_node-3] [ERROR] [1786691243.159443249] [bspline_opt]: [AStarSummary] plan=failed calls=4 success=3 failures{init=0 search=1 initialization=1 rebound=0} last{context=initialization reason=OPEN_SET_EMPTY elapsed=0.036s iter=48373 generated=48373 rejects_collision=23458 outside_map=0 boundary=14686 start=[-32.487  -0.900 -12.534] end=[-32.387  -0.600 -12.534]}
[scan_planner_node-3] [WARN] [1786691244.302412346] [scan_planner_node]: Local replan failed: start=[-31.617 -2.058 -12.588], target=[-32.316 0.929 -12.490], raw_start_z=-12.858 start_z_correction=+0.270
[scan_planner_node-3] [WARN] [1786691245.372307472] [scan_planner_node]: Local replan failed: start=[-31.617 -2.058 -12.588], target=[-32.316 0.929 -12.490], raw_start_z=-12.858 start_z_correction=+0.270
[scan_planner_node-3] [WARN] [1786691246.432377675] [scan_planner_node]: Local replan failed: start=[-31.617 -2.058 -12.588], target=[-32.316 0.929 -12.490], raw_start_z=-12.858 start_z_correction=+0.270
[scan_planner_node-3] [WARN] [1786691247.642309127] [scan_planner_node]: Local replan failed: start=[-31.617 -2.058 -12.588], target=[-32.316 0.929 -12.490], raw_start_z=-12.858 start_z_correction=+0.270
[scan_planner_node-3] [WARN] [1786691248.942282175] [scan_planner_node]: Local replan failed: start=[-31.617 -2.058 -12.588], target=[-32.316 0.929 -12.490], raw_start_z=-12.858 start_z_correction=+0.270
[scan_planner_node-3] [WARN] [1786691249.942303007] [scan_planner_node]: Local replan failed: start=[-31.617 -2.058 -12.588], target=[-32.316 0.929 -12.490], raw_start_z=-12.858 start_z_correction=+0.270
[scan_planner_node-3] [WARN] [1786691250.203870027] [bspline_opt]: [AStarSummary] plan=success calls=4 success=3 failures{init=0 search=1 initialization=1 rebound=0} last{context=initialization reason=OPEN_SET_EMPTY elapsed=0.038s iter=49408 generated=49408 rejects_collision=23483 outside_map=0 boundary=14911 start=[-32.513  -0.785 -12.534] end=[-32.363  -0.485 -12.534]}
[scan_planner_node-3] [WARN] [1786691251.202304438] [scan_planner_node]: Local replan failed: start=[-31.617 -2.058 -12.588], target=[-32.316 0.929 -12.490], raw_start_z=-12.858 start_z_correction=+0.270
[scan_planner_node-3] [WARN] [1786691252.242239192] [scan_planner_node]: Local replan failed: start=[-31.617 -2.058 -12.588], target=[-32.316 0.929 -12.490], raw_start_z=-12.858 start_z_correction=+0.270
[scan_planner_node-3] [WARN] [1786691252.243208443] [scan_planner_node]: Trajectory rejected: reason=REFINE_COLLISION initial_control_points_feasible=0 retime_ratio=1.294 solver_result=0 optimizer_iterations=24 start_vel=[-0.000 0.000 -0.000] start_acc=[0.000 0.000 0.000] collision_t=2.799/6.661 collision_pos=[-32.170 -1.108 -12.551] collision_yaw=2.352 sample_step=0.1120 samples_checked=26
[scan_planner_node-3] [WARN] [1786691253.652305364] [scan_planner_node]: Local replan failed: start=[-31.617 -2.058 -12.588], target=[-32.316 0.929 -12.490], raw_start_z=-12.858 start_z_correction=+0.270
[scan_planner_node-3] [WARN] [1786691254.752302001] [scan_planner_node]: Local replan failed: start=[-31.617 -2.058 -12.588], target=[-32.316 0.929 -12.490], raw_start_z=-12.858 start_z_correction=+0.270
[scan_planner_node-3] [WARN] [1786691255.922224191] [scan_planner_node]: Local replan failed: start=[-31.617 -2.058 -12.588], target=[-32.316 0.929 -12.490], raw_start_z=-12.858 start_z_correction=+0.270
[scan_planner_node-3] [ERROR] [1786691255.992930263] [bspline_opt]: [AStarSummary] plan=failed calls=5 success=3 failures{init=0 search=2 initialization=2 rebound=0} last{context=initialization reason=OPEN_SET_EMPTY elapsed=0.035s iter=46001 generated=46001 rejects_collision=28054 outside_map=0 boundary=14868 start=[-32.323  -1.011 -12.549] end=[-32.373  -0.861 -12.549]}
[scan_planner_node-3] [ERROR] [1786691256.059725454] [bspline_opt]: [AStarSummary] plan=failed calls=5 success=4 failures{init=0 search=1 initialization=1 rebound=0} last{context=initialization reason=OPEN_SET_EMPTY elapsed=0.036s iter=48846 generated=48846 rejects_collision=22578 outside_map=0 boundary=14803 start=[-32.445  -0.982 -12.533] end=[-32.395  -0.532 -12.533]}
[scan_planner_node-3] [WARN] [1786691256.506111407] [bspline_opt]: [AStarSummary] plan=success calls=8 success=3 failures{init=0 search=5 initialization=0 rebound=5} last{context=rebound reason=OPEN_SET_EMPTY elapsed=0.036s iter=46508 generated=46508 rejects_collision=25945 outside_map=0 boundary=14597 start=[-32.587  -0.833 -12.551] end=[-32.637  -0.783 -12.551]}
[scan_planner_node-3] [WARN] [1786691257.462409526] [scan_planner_node]: Local replan failed: start=[-31.617 -2.058 -12.588], target=[-32.316 0.929 -12.490], raw_start_z=-12.858 start_z_correction=+0.270
[scan_planner_node-3] [WARN] [1786691257.540598605] [bspline_opt]: [AStarSummary] plan=success calls=5 success=3 failures{init=0 search=2 initialization=2 rebound=0} last{context=initialization reason=OPEN_SET_EMPTY elapsed=0.041s iter=46307 generated=46307 rejects_collision=25381 outside_map=0 boundary=14976 start=[-32.342  -1.005 -12.549] end=[-32.392  -0.855 -12.549]}
[scan_planner_node-3] [WARN] [1786691258.612326874] [scan_planner_node]: Local replan failed: start=[-31.617 -2.058 -12.588], target=[-32.316 0.929 -12.490], raw_start_z=-12.858 start_z_correction=+0.270
[scan_planner_node-3] [WARN] [1786691258.653901624] [bspline_opt]: [AStarSummary] plan=success calls=5 success=4 failures{init=0 search=1 initialization=0 rebound=1} last{context=rebound reason=OPEN_SET_EMPTY elapsed=0.039s iter=51802 generated=51802 rejects_collision=17933 outside_map=0 boundary=17836 start=[-32.428  -0.348 -12.518] end=[-32.378   0.102 -12.518]}
[scan_planner_node-3] [WARN] [1786691259.612418286] [scan_planner_node]: Local replan failed: start=[-31.617 -2.058 -12.588], target=[-32.316 0.929 -12.490], raw_start_z=-12.858 start_z_correction=+0.270
[scan_planner_node-3] [WARN] [1786691259.654685884] [bspline_opt]: [AStarSummary] plan=success calls=3 success=2 failures{init=0 search=1 initialization=0 rebound=1} last{context=rebound reason=OPEN_SET_EMPTY elapsed=0.039s iter=51848 generated=51848 rejects_collision=17777 outside_map=0 boundary=17836 start=[-32.437  -0.281 -12.517] end=[-32.387   0.069 -12.517]}
[scan_planner_node-3] [WARN] [1786691260.742358802] [scan_planner_node]: Local replan failed: start=[-31.617 -2.058 -12.588], target=[-32.316 0.929 -12.490], raw_start_z=-12.858 start_z_correction=+0.270
[scan_planner_node-3] [WARN] [1786691262.002249715] [scan_planner_node]: Local replan failed: start=[-31.617 -2.058 -12.588], target=[-32.316 0.929 -12.490], raw_start_z=-12.858 start_z_correction=+0.270
[scan_planner_node-3] [WARN] [1786691263.242305743] [scan_planner_node]: Local replan failed: start=[-31.617 -2.058 -12.588], target=[-32.316 0.929 -12.490], raw_start_z=-12.858 start_z_correction=+0.270
[scan_planner_node-3] [ERROR] [1786691263.319147521] [bspline_opt]: [AStarSummary] plan=failed calls=5 success=3 failures{init=0 search=2 initialization=2 rebound=0} last{context=initialization reason=OPEN_SET_EMPTY elapsed=0.038s iter=49059 generated=49059 rejects_collision=23092 outside_map=0 boundary=14707 start=[-32.523  -0.866 -12.534] end=[-32.373  -0.516 -12.534]}
[scan_planner_node-3] [ERROR] [1786691263.354925673] [bspline_opt]: [AStarSummary] plan=failed calls=8 success=4 failures{init=0 search=4 initialization=4 rebound=0} last{context=initialization reason=OPEN_SET_EMPTY elapsed=0.000s iter=1 generated=1 rejects_collision=24 outside_map=0 boundary=0 start=[-32.377  -0.789 -12.537] end=[-32.527  -0.439 -12.537]}
[scan_planner_node-3] [ERROR] [1786691263.634129226] [bspline_opt]: [AStarSummary] plan=failed calls=7 success=5 failures{init=0 search=2 initialization=2 rebound=0} last{context=initialization reason=OPEN_SET_EMPTY elapsed=0.040s iter=50696 generated=50696 rejects_collision=20067 outside_map=0 boundary=16800 start=[-32.379  -0.523 -12.524] end=[-32.279  -0.123 -12.524]}
[scan_planner_node-3] [WARN] [1786691265.012322121] [scan_planner_node]: Local replan failed: start=[-31.617 -2.058 -12.588], target=[-32.316 0.929 -12.490], raw_start_z=-12.858 start_z_correction=+0.270
[scan_planner_node-3] [ERROR] [1786691265.188874327] [bspline_opt]: [AStarSummary] plan=failed calls=6 success=3 failures{init=0 search=3 initialization=3 rebound=0} last{context=initialization reason=OPEN_SET_EMPTY elapsed=0.000s iter=5 generated=5 rejects_collision=67 outside_map=0 boundary=0 start=[-32.382  -0.577 -12.524] end=[-32.232  -0.127 -12.524]}
[scan_planner_node-3] [WARN] [1786691265.506106671] [bspline_opt]: [AStarSummary] plan=success calls=4 success=2 failures{init=0 search=2 initialization=2 rebound=0} last{context=initialization reason=OPEN_SET_EMPTY elapsed=0.036s iter=45113 generated=45113 rejects_collision=25227 outside_map=0 boundary=15294 start=[-32.120  -1.214 -12.553] end=[-32.370  -0.864 -12.553]}
[scan_planner_node-3] [WARN] [1786691266.542239897] [scan_planner_node]: Local replan failed: start=[-31.617 -2.058 -12.588], target=[-32.316 0.929 -12.490], raw_start_z=-12.858 start_z_correction=+0.270
[scan_planner_node-3] [ERROR] [1786691266.612886610] [bspline_opt]: [AStarSummary] plan=failed calls=7 success=5 failures{init=0 search=2 initialization=2 rebound=0} last{context=initialization reason=OPEN_SET_EMPTY elapsed=0.035s iter=44788 generated=44788 rejects_collision=27480 outside_map=0 boundary=15102 start=[-32.172  -1.242 -12.561] end=[-32.422  -0.892 -12.561]}
[scan_planner_node-3] [ERROR] [1786691266.692946467] [bspline_opt]: [AStarSummary] plan=failed calls=5 success=4 failures{init=0 search=1 initialization=1 rebound=0} last{context=initialization reason=OPEN_SET_EMPTY elapsed=0.049s iter=48307 generated=48307 rejects_collision=22422 outside_map=0 boundary=14695 start=[-32.480  -0.892 -12.534] end=[-32.380  -0.592 -12.534]}
[cmd_vel_safety_gate-5] [INFO] [1786691266.901990350] [rclcpp]: signal_handler(SIGINT/SIGTERM)
[scan_planner_node-3] [INFO] [1786691266.901992749] [rclcpp]: signal_handler(SIGINT/SIGTERM)
[static_transform_publisher-7] [INFO] [1786691266.901989882] [rclcpp]: signal_handler(SIGINT/SIGTERM)
[closed_loop_controller-4] [INFO] [1786691266.902037162] [rclcpp]: signal_handler(SIGINT/SIGTERM)
[real_go2_input_adapter-1] [INFO] [1786691266.902174950] [rclcpp]: signal_handler(SIGINT/SIGTERM)
